Component: ARM Compiler 5.06 update 6 (build 750) Tool: armlink [4d35ed]

==============================================================================

Section Cross References

    main.o(i.health_measure) refers to max30102_1.o(i.max30102_turnon) for max30102_turnon
    main.o(i.health_measure) refers to tmp117.o(i.tmp117_continuous_mode) for tmp117_continuous_mode
    main.o(i.health_measure) refers to max30102_1.o(i.max30102_get_hr_spo2) for max30102_get_hr_spo2
    main.o(i.health_measure) refers to tmp117.o(i.tmp117_get_temp) for tmp117_get_temp
    main.o(i.health_measure) refers to max30102_1.o(i.max30102_turnoff) for max30102_turnoff
    main.o(i.health_measure) refers to tmp117.o(i.tmp117_shutdown_mode) for tmp117_shutdown_mode
    main.o(i.main) refers to nrf_log_frontend.o(i.nrf_log_init) for nrf_log_init
    main.o(i.main) refers to app_error.o(i.app_error_handler_bare) for app_error_handler_bare
    main.o(i.main) refers to nrf_log_default_backends.o(i.nrf_log_default_backends_init) for nrf_log_default_backends_init
    main.o(i.main) refers to nrf_log_frontend.o(i.nrf_log_frontend_std_0) for nrf_log_frontend_std_0
    main.o(i.main) refers to nrf_log_frontend.o(i.nrf_log_frontend_dequeue) for nrf_log_frontend_dequeue
    main.o(i.main) refers to main.o(i.twi_init) for twi_init
    main.o(i.main) refers to main.o(i.twi_scan) for twi_scan
    main.o(i.main) refers to tmp117.o(i.tmp117_Init) for tmp117_Init
    main.o(i.main) refers to tmp117.o(i.tmp117_continuous_mode) for tmp117_continuous_mode
    main.o(i.main) refers to tmp117.o(i.tmp117_get_temp) for tmp117_get_temp
    main.o(i.main) refers to nrf_log_frontend.o(i.nrf_log_frontend_std_4) for nrf_log_frontend_std_4
    main.o(i.main) refers to main.o(i.nrf_delay_ms) for nrf_delay_ms
    main.o(i.main) refers to nrf_log_frontend.o(log_dynamic_data) for m_nrf_log_app_logs_data_dynamic
    main.o(i.main) refers to nrf_log_frontend.o(log_const_data) for m_nrf_log_app_logs_data_const
    main.o(i.main) refers to main.o(.data) for .data
    main.o(i.nrf_delay_ms) refers to main.o(.constdata) for .constdata
    main.o(i.nrf_drv_twi_tx) refers to nrfx_twi.o(i.nrfx_twi_tx) for nrfx_twi_tx
    main.o(i.test_addr) refers to main.o(i.nrf_drv_twi_tx) for nrf_drv_twi_tx
    main.o(i.test_addr) refers to nrf_log_frontend.o(i.nrf_log_frontend_std_2) for nrf_log_frontend_std_2
    main.o(i.test_addr) refers to nrf_log_frontend.o(i.nrf_log_frontend_dequeue) for nrf_log_frontend_dequeue
    main.o(i.test_addr) refers to main.o(i.nrf_delay_ms) for nrf_delay_ms
    main.o(i.test_addr) refers to nrf_log_frontend.o(i.nrf_log_frontend_std_1) for nrf_log_frontend_std_1
    main.o(i.test_addr) refers to main.o(.data) for .data
    main.o(i.test_addr) refers to main.o(.constdata) for .constdata
    main.o(i.test_addr) refers to nrf_log_frontend.o(log_dynamic_data) for m_nrf_log_app_logs_data_dynamic
    main.o(i.test_addr) refers to nrf_log_frontend.o(log_const_data) for m_nrf_log_app_logs_data_const
    main.o(i.twi_handler) refers to main.o(.data) for .data
    main.o(i.twi_init) refers to nrf_drv_twi.o(i.nrf_drv_twi_init) for nrf_drv_twi_init
    main.o(i.twi_init) refers to app_error.o(i.app_error_handler_bare) for app_error_handler_bare
    main.o(i.twi_init) refers to nrfx_twi.o(i.nrfx_twi_enable) for nrfx_twi_enable
    main.o(i.twi_init) refers to nrf_log_frontend.o(i.nrf_log_frontend_std_0) for nrf_log_frontend_std_0
    main.o(i.twi_init) refers to nrf_log_frontend.o(i.nrf_log_frontend_dequeue) for nrf_log_frontend_dequeue
    main.o(i.twi_init) refers to main.o(.constdata) for .constdata
    main.o(i.twi_init) refers to main.o(i.twi_handler) for twi_handler
    main.o(i.twi_init) refers to nrf_log_frontend.o(log_dynamic_data) for m_nrf_log_app_logs_data_dynamic
    main.o(i.twi_init) refers to nrf_log_frontend.o(log_const_data) for m_nrf_log_app_logs_data_const
    main.o(i.twi_scan) refers to nrf_log_frontend.o(i.nrf_log_frontend_std_0) for nrf_log_frontend_std_0
    main.o(i.twi_scan) refers to nrf_log_frontend.o(i.nrf_log_frontend_dequeue) for nrf_log_frontend_dequeue
    main.o(i.twi_scan) refers to main.o(i.nrf_drv_twi_tx) for nrf_drv_twi_tx
    main.o(i.twi_scan) refers to nrf_log_frontend.o(i.nrf_log_frontend_std_1) for nrf_log_frontend_std_1
    main.o(i.twi_scan) refers to main.o(i.nrf_delay_ms) for nrf_delay_ms
    main.o(i.twi_scan) refers to nrf_log_frontend.o(log_dynamic_data) for m_nrf_log_app_logs_data_dynamic
    main.o(i.twi_scan) refers to nrf_log_frontend.o(log_const_data) for m_nrf_log_app_logs_data_const
    main.o(i.twi_scan) refers to main.o(.data) for .data
    main.o(i.twi_scan) refers to main.o(.constdata) for .constdata
    flash_user.o(i.fds_err_str) refers to flash_user.o(.data) for .data
    flash_user.o(i.fds_evt_handler) refers to flash_user.o(i.fds_err_str) for fds_err_str
    flash_user.o(i.fds_evt_handler) refers to nrf_log_frontend.o(i.nrf_log_frontend_std_2) for nrf_log_frontend_std_2
[...]
    pwr_mgmt_data0$$Base                      - Undefined Reference
    pwr_mgmt_data0$$Limit                     - Undefined Reference
    pwr_mgmt_data1$$Base                      - Undefined Reference
    pwr_mgmt_data1$$Limit                     - Undefined Reference
    pwr_mgmt_data2$$Base                      - Undefined Reference
    pwr_mgmt_data2$$Limit                     - Undefined Reference
    sdh_ble_observers2$$Base                  - Undefined Reference
    sdh_ble_observers2$$Limit                 - Undefined Reference
    sdh_ble_observers3$$Base                  - Undefined Reference
    sdh_ble_observers3$$Limit                 - Undefined Reference
    sdh_req_observers1$$Base                  - Undefined Reference
    sdh_req_observers1$$Limit                 - Undefined Reference
    sdh_soc_observers1$$Base                  - Undefined Reference
    sdh_soc_observers1$$Limit                 - Undefined Reference
    sdh_stack_observers1$$Base                - Undefined Reference
    sdh_stack_observers1$$Limit               - Undefined Reference
    sdh_state_observers1$$Base                - Undefined Reference
    sdh_state_observers1$$Limit               - Undefined Reference
    __Vectors_Size                           0x00000200   Number         0  arm_startup_nrf52.o ABSOLUTE
    __Vectors                                0x00026000   Data           4  arm_startup_nrf52.o(RESET)
    __Vectors_End                            0x00026200   Data           0  arm_startup_nrf52.o(RESET)
    __main                                   0x00026201   Thumb Code     0  entry.o(.ARM.Collect$$$$00000000)
    _main_stk                                0x00026201   Thumb Code     0  entry2.o(.ARM.Collect$$$$00000001)
    _main_scatterload                        0x00026205   Thumb Code     0  entry5.o(.ARM.Collect$$$$00000004)
    __main_after_scatterload                 0x00026209   Thumb Code     0  entry5.o(.ARM.Collect$$$$00000004)
    _main_clock                              0x00026209   Thumb Code     0  entry7b.o(.ARM.Collect$$$$00000008)
    _main_cpp_init                           0x00026209   Thumb Code     0  entry8b.o(.ARM.Collect$$$$0000000A)
    _main_init                               0x00026209   Thumb Code     0  entry9a.o(.ARM.Collect$$$$0000000B)
    __rt_final_cpp                           0x00026211   Thumb Code     0  entry10a.o(.ARM.Collect$$$$0000000D)
    __rt_final_exit                          0x00026211   Thumb Code     0  entry11a.o(.ARM.Collect$$$$0000000F)
    __asm___12_nrf_atfifo_c_51f461e1__nrf_atfifo_wspace_req 0x00026215   Thumb Code    56  nrf_atfifo.o(.emb_text)
    __asm___12_nrf_atfifo_c_51f461e1__nrf_atfifo_wspace_close 0x0002624d   Thumb Code    18  nrf_atfifo.o(.emb_text)
    __asm___12_nrf_atfifo_c_51f461e1__nrf_atfifo_rspace_req 0x0002625f   Thumb Code    58  nrf_atfifo.o(.emb_text)
    __asm___12_nrf_atfifo_c_51f461e1__nrf_atfifo_rspace_close 0x00026299   Thumb Code    18  nrf_atfifo.o(.emb_text)
    __asm___12_nrf_atfifo_c_51f461e1__nrf_atfifo_space_clear 0x000262ab   Thumb Code    50  nrf_atfifo.o(.emb_text)
    __asm___12_nrf_atomic_c_85ca2469__nrf_atomic_internal_mov 0x000262dd   Thumb Code    24  nrf_atomic.o(.emb_text)
    __asm___12_nrf_atomic_c_85ca2469__nrf_atomic_internal_orr 0x000262f5   Thumb Code    26  nrf_atomic.o(.emb_text)
    __asm___12_nrf_atomic_c_85ca2469__nrf_atomic_internal_and 0x0002630f   Thumb Code    26  nrf_atomic.o(.emb_text)
    __asm___12_nrf_atomic_c_85ca2469__nrf_atomic_internal_eor 0x00026329   Thumb Code    26  nrf_atomic.o(.emb_text)
    __asm___12_nrf_atomic_c_85ca2469__nrf_atomic_internal_add 0x00026343   Thumb Code    26  nrf_atomic.o(.emb_text)
    __asm___12_nrf_atomic_c_85ca2469__nrf_atomic_internal_sub 0x0002635d   Thumb Code    26  nrf_atomic.o(.emb_text)
    __asm___12_nrf_atomic_c_85ca2469__nrf_atomic_internal_cmp_exch 0x00026377   Thumb Code    42  nrf_atomic.o(.emb_text)
    __asm___12_nrf_atomic_c_85ca2469__nrf_atomic_internal_sub_hs 0x000263a1   Thumb Code    30  nrf_atomic.o(.emb_text)
    Reset_Handler                            0x000263c1   Thumb Code     8  arm_startup_nrf52.o(.text)
    NMI_Handler                              0x000263c9   Thumb Code     2  arm_startup_nrf52.o(.text)
    HardFault_Handler                        0x000263cb   Thumb Code     2  arm_startup_nrf52.o(.text)
    MemoryManagement_Handler                 0x000263cd   Thumb Code     2  arm_startup_nrf52.o(.text)
    BusFault_Handler                         0x000263cf   Thumb Code     2  arm_startup_nrf52.o(.text)
    UsageFault_Handler                       0x000263d1   Thumb Code     2  arm_startup_nrf52.o(.text)
    SVC_Handler                              0x000263d3   Thumb Code     2  arm_startup_nrf52.o(.text)
    DebugMon_Handler                         0x000263d5   Thumb Code     2  arm_startup_nrf52.o(.text)
    PendSV_Handler                           0x000263d7   Thumb Code     2  arm_startup_nrf52.o(.text)
    SysTick_Handler                          0x000263d9   Thumb Code     2  arm_startup_nrf52.o(.text)
    CCM_AAR_IRQHandler                       0x000263db   Thumb Code     0  arm_startup_nrf52.o(.text)
    COMP_LPCOMP_IRQHandler                   0x000263db   Thumb Code     0  arm_startup_nrf52.o(.text)
    ECB_IRQHandler                           0x000263db   Thumb Code     0  arm_startup_nrf52.o(.text)
    FPU_IRQHandler                           0x000263db   Thumb Code     0  arm_startup_nrf52.o(.text)
    I2S_IRQHandler                           0x000263db   Thumb Code     0  arm_startup_nrf52.o(.text)
    MWU_IRQHandler                           0x000263db   Thumb Code     0  arm_startup_nrf52.o(.text)
    NFCT_IRQHandler                          0x000263db   Thumb Code     0  arm_startup_nrf52.o(.text)
    PDM_IRQHandler                           0x000263db   Thumb Code     0  arm_startup_nrf52.o(.text)
    PWM0_IRQHandler                          0x000263db   Thumb Code     0  arm_startup_nrf52.o(.text)
    PWM1_IRQHandler                          0x000263db   Thumb Code     0  arm_startup_nrf52.o(.text)
    PWM2_IRQHandler                          0x000263db   Thumb Code     0  arm_startup_nrf52.o(.text)
    QDEC_IRQHandler                          0x000263db   Thumb Code     0  arm_startup_nrf52.o(.text)
    RADIO_IRQHandler                         0x000263db   Thumb Code     0  arm_startup_nrf52.o(.text)
    RNG_IRQHandler                           0x000263db   Thumb Code     0  arm_startup_nrf52.o(.text)
    RTC0_IRQHandler                          0x000263db   Thumb Code     0  arm_startup_nrf52.o(.text)
    RTC2_IRQHandler                          0x000263db   Thumb Code     0  arm_startup_nrf52.o(.text)
    SAADC_IRQHandler                         0x000263db   Thumb Code     0  arm_startup_nrf52.o(.text)
    SPIM1_SPIS1_TWIM1_TWIS1_SPI1_TWI1_IRQHandler 0x000263db   Thumb Code     0  arm_startup_nrf52.o(.text)
    SPIM2_SPIS2_SPI2_IRQHandler              0x000263db   Thumb Code     0  arm_startup_nrf52.o(.text)
    SWI0_EGU0_IRQHandler                     0x000263db   Thumb Code     0  arm_startup_nrf52.o(.text)
    SWI1_EGU1_IRQHandler                     0x000263db   Thumb Code     0  arm_startup_nrf52.o(.text)
    SWI3_EGU3_IRQHandler                     0x000263db   Thumb Code     0  arm_startup_nrf52.o(.text)
    SWI4_EGU4_IRQHandler                     0x000263db   Thumb Code     0  arm_startup_nrf52.o(.text)
    SWI5_EGU5_IRQHandler                     0x000263db   Thumb Code     0  arm_startup_nrf52.o(.text)
    TEMP_IRQHandler                          0x000263db   Thumb Code     0  arm_startup_nrf52.o(.text)
    TIMER0_IRQHandler                        0x000263db   Thumb Code     0  arm_startup_nrf52.o(.text)
    TIMER1_IRQHandler                        0x000263db   Thumb Code     0  arm_startup_nrf52.o(.text)
    TIMER2_IRQHandler                        0x000263db   Thumb Code     0  arm_startup_nrf52.o(.text)
    TIMER3_IRQHandler                        0x000263db   Thumb Code     0  arm_startup_nrf52.o(.text)
    TIMER4_IRQHandler                        0x000263db   Thumb Code     0  arm_startup_nrf52.o(.text)
    WDT_IRQHandler                           0x000263db   Thumb Code     0  arm_startup_nrf52.o(.text)
    __rt_ctype_table                         0x000263e5   Thumb Code     4  ctype_o.o(.text)
    __aeabi_memcpy                           0x000263ed   Thumb Code    36  memcpya.o(.text)
    __aeabi_memcpy4                          0x000263ed   Thumb Code     0  memcpya.o(.text)
    __aeabi_memcpy8                          0x000263ed   Thumb Code     0  memcpya.o(.text)
    __aeabi_memset                           0x00026411   Thumb Code    14  memseta.o(.text)
    __aeabi_memset4                          0x00026411   Thumb Code     0  memseta.o(.text)
    __aeabi_memset8                          0x00026411   Thumb Code     0  memseta.o(.text)
    __aeabi_memclr                           0x0002641f   Thumb Code     4  memseta.o(.text)
    __aeabi_memclr4                          0x0002641f   Thumb Code     0  memseta.o(.text)
    __aeabi_memclr8                          0x0002641f   Thumb Code     0  memseta.o(.text)
    _memset$wrapper                          0x00026423   Thumb Code    18  memseta.o(.text)
    strlen                                   0x00026435   Thumb Code    14  strlen.o(.text)
    strcpy                                   0x00026443   Thumb Code    18  strcpy.o(.text)
    strncmp                                  0x00026455   Thumb Code    30  strncmp.o(.text)
    __scatterload                            0x00026475   Thumb Code    28  init.o(.text)
    __scatterload_rt2                        0x00026475   Thumb Code     0  init.o(.text)
    __decompress                             0x00026499   Thumb Code     0  __dczerorl2.o(.text)
    __decompress1                            0x00026499   Thumb Code    86  __dczerorl2.o(.text)
    GPIOTE_IRQHandler                        0x000264f1   Thumb Code   154  nrfx_gpiote.o(i.GPIOTE_IRQHandler)
    POWER_CLOCK_IRQHandler                   0x00026595   Thumb Code    82  nrfx_clock.o(i.POWER_CLOCK_IRQHandler)
    RTC1_IRQHandler                          0x000265ed   Thumb Code    12  drv_rtc.o(i.RTC1_IRQHandler)
    SEGGER_RTT_Init                          0x000265fd   Thumb Code     4  segger_rtt.o(i.SEGGER_RTT_Init)
    SEGGER_RTT_WriteNoLock                   0x00026601   Thumb Code    86  segger_rtt.o(i.SEGGER_RTT_WriteNoLock)
    SPIM0_SPIS0_TWIM0_TWIS0_SPI0_TWI0_IRQHandler 0x0002665d   Thumb Code     8  nrfx_twi.o(i.SPIM0_SPIS0_TWIM0_TWIS0_SPI0_TWI0_IRQHandler)
    SWI2_EGU2_IRQHandler                     0x0002666d   Thumb Code     4  nrf_sdh.o(i.SWI2_EGU2_IRQHandler)
    SystemInit                               0x00026671   Thumb Code   660  system_nrf52.o(i.SystemInit)
    UARTE0_UART0_IRQHandler                  0x00026949   Thumb Code     6  nrfx_prs.o(i.UARTE0_UART0_IRQHandler)
    __scatterload_copy                       0x00026a6f   Thumb Code    14  handlers.o(i.__scatterload_copy)
    __scatterload_null                       0x00026a7d   Thumb Code     2  handlers.o(i.__scatterload_null)
    __scatterload_zeroinit                   0x00026a7f   Thumb Code    14  handlers.o(i.__scatterload_zeroinit)
    app_error_fault_handler                  0x00026b0d   Thumb Code    98  app_error_weak.o(i.app_error_fault_handler)
    app_error_handler_bare                   0x00026ba1   Thumb Code    22  app_error.o(i.app_error_handler_bare)
    app_timer_start                          0x00026bb7   Thumb Code    84  app_timer2.o(i.app_timer_start)
    app_timer_stop                           0x00026c0b   Thumb Code    68  app_timer2.o(i.app_timer_stop)
    app_util_critical_region_enter           0x00026c51   Thumb Code    64  app_util_platform.o(i.app_util_critical_region_enter)
    app_util_critical_region_exit            0x00026c99   Thumb Code    46  app_util_platform.o(i.app_util_critical_region_exit)
    ble_srv_is_notification_enabled          0x00027061   Thumb Code     8  ble_srv_common.o(i.ble_srv_is_notification_enabled)
    bsp_event_to_button_action_assign        0x00027069   Thumb Code    64  bsp.o(i.bsp_event_to_button_action_assign)
    buffer_is_empty                          0x00027171   Thumb Code    18  nrf_log_frontend.o(i.buffer_is_empty)
    conn_handle_list_get                     0x000271f5   Thumb Code    62  ble_conn_state.o(i.conn_handle_list_get)
    drv_rtc_counter_get                      0x0002731d   Thumb Code     8  drv_rtc.o(i.drv_rtc_counter_get)
    drv_rtc_irq_trigger                      0x00027325   Thumb Code    30  drv_rtc.o(i.drv_rtc_irq_trigger)
    log_pending_hook                         0x00027941   Thumb Code     2  nrf_log_frontend.o(i.log_pending_hook)
    main                                     0x000279e9   Thumb Code   218  main.o(i.main)
    nrf_atfifo_item_alloc                    0x00027bd5   Thumb Code    22  nrf_atfifo.o(i.nrf_atfifo_item_alloc)
    nrf_atfifo_item_free                     0x00027beb   Thumb Code    22  nrf_atfifo.o(i.nrf_atfifo_item_free)
    nrf_atfifo_item_get                      0x00027c01   Thumb Code    22  nrf_atfifo.o(i.nrf_atfifo_item_get)
    nrf_atfifo_item_put                      0x00027c17   Thumb Code    22  nrf_atfifo.o(i.nrf_atfifo_item_put)
    nrf_atflags_clear                        0x00027c2d   Thumb Code    22  nrf_atflags.o(i.nrf_atflags_clear)
    nrf_atflags_get                          0x00027c43   Thumb Code    22  nrf_atflags.o(i.nrf_atflags_get)
    nrf_atflags_set                          0x00027c59   Thumb Code    20  nrf_atflags.o(i.nrf_atflags_set)
    nrf_atomic_flag_clear_fetch              0x00027c6d   Thumb Code     6  nrf_atomic.o(i.nrf_atomic_flag_clear_fetch)
    nrf_atomic_flag_set                      0x00027c73   Thumb Code     6  nrf_atomic.o(i.nrf_atomic_flag_set)
    nrf_atomic_u32_add                       0x00027c79   Thumb Code    12  nrf_atomic.o(i.nrf_atomic_u32_add)
    nrf_atomic_u32_and                       0x00027c85   Thumb Code    12  nrf_atomic.o(i.nrf_atomic_u32_and)
    nrf_atomic_u32_fetch_and                 0x00027c91   Thumb Code    10  nrf_atomic.o(i.nrf_atomic_u32_fetch_and)
    nrf_atomic_u32_fetch_store               0x00027c9b   Thumb Code    10  nrf_atomic.o(i.nrf_atomic_u32_fetch_store)
    nrf_atomic_u32_or                        0x00027ca5   Thumb Code    12  nrf_atomic.o(i.nrf_atomic_u32_or)
    nrf_atomic_u32_sub                       0x00027cb1   Thumb Code    12  nrf_atomic.o(i.nrf_atomic_u32_sub)
    nrf_balloc_alloc                         0x00027cbd   Thumb Code    68  nrf_balloc.o(i.nrf_balloc_alloc)
    nrf_balloc_free                          0x00027d01   Thumb Code    48  nrf_balloc.o(i.nrf_balloc_free)
    nrf_balloc_init                          0x00027d31   Thumb Code    48  nrf_balloc.o(i.nrf_balloc_init)
    nrf_drv_clock_init                       0x00027db1   Thumb Code    56  nrf_drv_clock.o(i.nrf_drv_clock_init)
    nrf_drv_clock_lfclk_release              0x00027df1   Thumb Code    48  nrf_drv_clock.o(i.nrf_drv_clock_lfclk_release)
    nrf_drv_twi_init                         0x00027e25   Thumb Code    56  nrf_drv_twi.o(i.nrf_drv_twi_init)
    nrf_drv_uart_init                        0x00027e81   Thumb Code    90  nrf_drv_uart.o(i.nrf_drv_uart_init)
    nrf_fprintf                              0x00027ee9   Thumb Code    26  nrf_fprintf.o(i.nrf_fprintf)
    nrf_fprintf_buffer_flush                 0x00027f03   Thumb Code    24  nrf_fprintf.o(i.nrf_fprintf_buffer_flush)
    nrf_fprintf_fmt                          0x00027f1b   Thumb Code   474  nrf_fprintf_format.o(i.nrf_fprintf_fmt)
    nrf_fstorage_erase                       0x000280f5   Thumb Code   208  nrf_fstorage.o(i.nrf_fstorage_erase)
    nrf_fstorage_sdh_req_handler             0x00028245   Thumb Code    18  nrf_fstorage_sd.o(i.nrf_fstorage_sdh_req_handler)
    nrf_fstorage_sdh_state_handler           0x0002825d   Thumb Code    28  nrf_fstorage_sd.o(i.nrf_fstorage_sdh_state_handler)
    nrf_fstorage_sys_evt_handler             0x0002827d   Thumb Code   154  nrf_fstorage_sd.o(i.nrf_fstorage_sys_evt_handler)
    nrf_fstorage_write                       0x00028321   Thumb Code   276  nrf_fstorage.o(i.nrf_fstorage_write)
    nrf_log_backend_add                      0x00028681   Thumb Code   134  nrf_log_frontend.o(i.nrf_log_backend_add)
    nrf_log_backend_rtt_init                 0x00028713   Thumb Code     4  nrf_log_backend_rtt.o(i.nrf_log_backend_rtt_init)
    nrf_log_backend_serial_put               0x00028731   Thumb Code   200  nrf_log_backend_serial.o(i.nrf_log_backend_serial_put)
    nrf_log_backend_uart_init                0x000287fb   Thumb Code     6  nrf_log_backend_uart.o(i.nrf_log_backend_uart_init)
    nrf_log_color_id_get                     0x00028845   Thumb Code    42  nrf_log_frontend.o(i.nrf_log_color_id_get)
    nrf_log_default_backends_init            0x00028875   Thumb Code    46  nrf_log_default_backends.o(i.nrf_log_default_backends_init)
    nrf_log_frontend_dequeue                 0x000288a9   Thumb Code   586  nrf_log_frontend.o(i.nrf_log_frontend_dequeue)
    nrf_log_frontend_std_0                   0x00028b25   Thumb Code     8  nrf_log_frontend.o(i.nrf_log_frontend_std_0)
    nrf_log_frontend_std_1                   0x00028b2d   Thumb Code    14  nrf_log_frontend.o(i.nrf_log_frontend_std_1)
    nrf_log_frontend_std_3                   0x00028b3b   Thumb Code    18  nrf_log_frontend.o(i.nrf_log_frontend_std_3)
    nrf_log_frontend_std_4                   0x00028b4d   Thumb Code    20  nrf_log_frontend.o(i.nrf_log_frontend_std_4)
    nrf_log_hexdump_entry_process            0x00028b61   Thumb Code   150  nrf_log_str_formatter.o(i.nrf_log_hexdump_entry_process)
    nrf_log_init                             0x00028c11   Thumb Code   130  nrf_log_frontend.o(i.nrf_log_init)
    nrf_log_module_cnt_get                   0x00028cb1   Thumb Code    10  nrf_log_frontend.o(i.nrf_log_module_cnt_get)
    nrf_log_module_filter_set                0x00028cc5   Thumb Code    70  nrf_log_frontend.o(i.nrf_log_module_filter_set)
    nrf_log_module_name_get                  0x00028d15   Thumb Code    24  nrf_log_frontend.o(i.nrf_log_module_name_get)
    nrf_log_panic                            0x00028d31   Thumb Code    36  nrf_log_frontend.o(i.nrf_log_panic)
    nrf_log_std_entry_process                0x00028d59   Thumb Code   182  nrf_log_str_formatter.o(i.nrf_log_std_entry_process)
    nrf_memobj_alloc                         0x00028e0f   Thumb Code    96  nrf_memobj.o(i.nrf_memobj_alloc)
    nrf_memobj_free                          0x00028e6f   Thumb Code    50  nrf_memobj.o(i.nrf_memobj_free)
    nrf_memobj_get                           0x00028ea1   Thumb Code     8  nrf_memobj.o(i.nrf_memobj_get)
    nrf_memobj_pool_init                     0x00028ea9   Thumb Code     4  nrf_memobj.o(i.nrf_memobj_pool_init)
    nrf_memobj_put                           0x00028ead   Thumb Code    30  nrf_memobj.o(i.nrf_memobj_put)
    nrf_memobj_read                          0x00028ecb   Thumb Code    16  nrf_memobj.o(i.nrf_memobj_read)
    nrf_memobj_write                         0x00028edb   Thumb Code    16  nrf_memobj.o(i.nrf_memobj_write)
    nrf_ringbuf_init                         0x00028eeb   Thumb Code    28  nrf_ringbuf.o(i.nrf_ringbuf_init)
    nrf_sdh_disable_request                  0x00028f69   Thumb Code    80  nrf_sdh.o(i.nrf_sdh_disable_request)
    nrf_sdh_enable_request                   0x00028fbd   Thumb Code   102  nrf_sdh.o(i.nrf_sdh_enable_request)
    nrf_sdh_evts_poll                        0x00029031   Thumb Code    32  nrf_sdh.o(i.nrf_sdh_evts_poll)
    nrf_sdh_is_enabled                       0x00029055   Thumb Code     6  nrf_sdh.o(i.nrf_sdh_is_enabled)
    nrf_sdh_request_continue                 0x00029061   Thumb Code    22  nrf_sdh.o(i.nrf_sdh_request_continue)
    nrf_section_iter_init                    0x000290b9   Thumb Code    10  nrf_section_iter.o(i.nrf_section_iter_init)
    nrf_section_iter_next                    0x000290e7   Thumb Code    32  nrf_section_iter.o(i.nrf_section_iter_next)
    nrfx_clock_enable                        0x00029165   Thumb Code    34  nrfx_clock.o(i.nrfx_clock_enable)
    nrfx_clock_init                          0x00029191   Thumb Code    26  nrfx_clock.o(i.nrfx_clock_init)
    nrfx_clock_lfclk_stop                    0x000291b1   Thumb Code    38  nrfx_clock.o(i.nrfx_clock_lfclk_stop)
    nrfx_prs_acquire                         0x00029201   Thumb Code    58  nrfx_prs.o(i.nrfx_prs_acquire)
    nrfx_prs_release                         0x0002923b   Thumb Code    18  nrfx_prs.o(i.nrfx_prs_release)
    nrfx_twi_enable                          0x0002924d   Thumb Code    28  nrfx_twi.o(i.nrfx_twi_enable)
    nrfx_twi_init                            0x0002926d   Thumb Code   218  nrfx_twi.o(i.nrfx_twi_init)
    nrfx_twi_rx                              0x00029351   Thumb Code    44  nrfx_twi.o(i.nrfx_twi_rx)
    nrfx_twi_tx                              0x00029381   Thumb Code    54  nrfx_twi.o(i.nrfx_twi_tx)
    nrfx_twi_xfer                            0x000293b9   Thumb Code    28  nrfx_twi.o(i.nrfx_twi_xfer)
    nrfx_uart_0_irq_handler                  0x000293d9   Thumb Code     8  nrfx_uart.o(i.nrfx_uart_0_irq_handler)
    nrfx_uart_init                           0x000293e9   Thumb Code   200  nrfx_uart.o(i.nrfx_uart_init)
    nrfx_uart_tx                             0x000294bd   Thumb Code   162  nrfx_uart.o(i.nrfx_uart_tx)
    nrfx_uart_tx_in_progress                 0x00029565   Thumb Code    26  nrfx_uart.o(i.nrfx_uart_tx_in_progress)
    nrfx_uart_uninit                         0x00029585   Thumb Code   182  nrfx_uart.o(i.nrfx_uart_uninit)
    nrfx_uarte_0_irq_handler                 0x00029645   Thumb Code     8  nrfx_uarte.o(i.nrfx_uarte_0_irq_handler)
    nrfx_uarte_init                          0x00029655   Thumb Code   100  nrfx_uarte.o(i.nrfx_uarte_init)
    nrfx_uarte_tx                            0x000296c1   Thumb Code   166  nrfx_uarte.o(i.nrfx_uarte_tx)
    nrfx_uarte_tx_in_progress                0x0002976d   Thumb Code    22  nrfx_uarte.o(i.nrfx_uarte_tx_in_progress)
    nrfx_uarte_uninit                        0x00029789   Thumb Code   254  nrfx_uarte.o(i.nrfx_uarte_uninit)
    nvmc_config                              0x00029891   Thumb Code    14  system_nrf52.o(i.nvmc_config)
    tmp117_Init                              0x0002a109   Thumb Code   142  tmp117.o(i.tmp117_Init)
    tmp117_continuous_mode                   0x0002a1cd   Thumb Code    50  tmp117.o(i.tmp117_continuous_mode)
    tmp117_get_temp                          0x0002a221   Thumb Code    26  tmp117.o(i.tmp117_get_temp)
    tmp117_read_register                     0x0002a241   Thumb Code    78  tmp117.o(i.tmp117_read_register)
    tmp117_set_Config                        0x0002a29d   Thumb Code    10  tmp117.o(i.tmp117_set_Config)
    tmp117_set_HighLimit                     0x0002a2a7   Thumb Code    10  tmp117.o(i.tmp117_set_HighLimit)
    tmp117_set_LowLimit                      0x0002a2b1   Thumb Code    10  tmp117.o(i.tmp117_set_LowLimit)
    tmp117_set_Temp_Offset                   0x0002a2bb   Thumb Code    10  tmp117.o(i.tmp117_set_Temp_Offset)
    tmp117_write_register                    0x0002a2c5   Thumb Code    50  tmp117.o(i.tmp117_write_register)
    twi_handler                              0x0002a3ed   Thumb Code    14  main.o(i.twi_handler)
    twi_init                                 0x0002a401   Thumb Code    76  main.o(i.twi_init)
    twi_scan                                 0x0002a60d   Thumb Code   158  main.o(i.twi_scan)
    nrf_log_backend_rtt_api                  0x0002aff4   Data          12  nrf_log_backend_rtt.o(.constdata)
    nrf_log_backend_uart_api                 0x0002b020   Data          12  nrf_log_backend_uart.o(.constdata)
    m_ram_start                              0x0002b0c4   Data           4  nrf_sdh_ble.o(.constdata)
    __ctype_table                            0x0002b0f0   Data         129  ctype_o.o(.constdata)
    Region$$Table$$Base                      0x0002b3d0   Number         0  anon$$obj.o(Region$$Table)
    Region$$Table$$Limit                     0x0002b3f0   Number         0  anon$$obj.o(Region$$Table)
    log_const_data$$Base                     0x0002b410   Number         0  bsp.o(log_const_data)
    m_nrf_log_app_timer_m_bsp_leds_tmr_logs_data_const 0x0002b410   Data           8  bsp.o(log_const_data)
    m_nrf_log_app_timer_m_bsp_alert_tmr_logs_data_const 0x0002b418   Data           8  bsp.o(log_const_data)
    m_nrf_log_app_timer_m_bsp_button_tmr_logs_data_const 0x0002b420   Data           8  bsp.o(log_const_data)
    m_nrf_log_nrf_ble_gatt_logs_data_const   0x0002b428   Data           8  nrf_ble_gatt.o(log_const_data)
    m_nrf_log_ble_nus_logs_data_const        0x0002b430   Data           8  ble_nus.o(log_const_data)
    m_nrf_log_clock_logs_data_const          0x0002b438   Data           8  nrf_drv_clock.o(log_const_data)
    m_nrf_log_CLOCK_logs_data_const          0x0002b440   Data           8  nrfx_clock.o(log_const_data)
    m_nrf_log_GPIOTE_logs_data_const         0x0002b448   Data           8  nrfx_gpiote.o(log_const_data)
    m_nrf_log_PRS_logs_data_const            0x0002b450   Data           8  nrfx_prs.o(log_const_data)
    m_nrf_log_UART_logs_data_const           0x0002b458   Data           8  nrfx_uart.o(log_const_data)
    m_nrf_log_UARTE_logs_data_const          0x0002b460   Data           8  nrfx_uarte.o(log_const_data)
    m_nrf_log_TWI_logs_data_const            0x0002b468   Data           8  nrfx_twi.o(log_const_data)
    m_nrf_log_app_button_logs_data_const     0x0002b470   Data           8  app_button.o(log_const_data)
    m_nrf_log_app_timer_m_detection_delay_timer_id_logs_data_const 0x0002b478   Data           8  app_button.o(log_const_data)
    m_nrf_log_app_timer_logs_data_const      0x0002b480   Data           8  app_timer2.o(log_const_data)
    m_nrf_log_atfifo_m_req_fifo_logs_data_const 0x0002b488   Data           8  app_timer2.o(log_const_data)
    m_nrf_log_pwr_mgmt_logs_data_const       0x0002b490   Data           8  nrf_pwr_mgmt.o(log_const_data)
    m_nrf_log_sortlist_logs_data_const       0x0002b498   Data           8  nrf_sortlist.o(log_const_data)
    m_nrf_log_atfifo_m_fifo_logs_data_const  0x0002b4a0   Data           8  nrf_fstorage_sd.o(log_const_data)
    m_nrf_log_nrf_fstorage_logs_data_const   0x0002b4a8   Data           8  nrf_fstorage.o(log_const_data)
    m_nrf_log_atfifo_m_queue_logs_data_const 0x0002b4b0   Data           8  fds.o(log_const_data)
    m_nrf_log_balloc_log_mempool_logs_data_const 0x0002b4b8   Data           8  nrf_log_frontend.o(log_const_data)
    m_nrf_log_app_logs_data_const            0x0002b4c0   Data           8  nrf_log_frontend.o(log_const_data)
    m_nrf_log_nrf_sdh_logs_data_const        0x0002b4c8   Data           8  nrf_sdh.o(log_const_data)
    m_nrf_log_nrf_sdh_ble_logs_data_const    0x0002b4d0   Data           8  nrf_sdh_ble.o(log_const_data)
    m_nrf_log_nrf_sdh_soc_logs_data_const    0x0002b4d8   Data           8  nrf_sdh_soc.o(log_const_data)
    log_const_data$$Limit                    0x0002b4e0   Number         0  nrf_sdh_soc.o(log_const_data)
    log_mempool                              0x0002b4e0   Data          28  nrf_log_frontend.o(nrf_balloc)
    sdh_ble_observers0$$Base                 0x0002b4fc   Number         0  ble_conn_state.o(sdh_ble_observers0)
    sdh_ble_observers0$$Limit                0x0002b504   Number         0  ble_conn_state.o(sdh_ble_observers0)
    sdh_ble_observers1$$Base                 0x0002b504   Number         0  bsp_btn_ble.o(sdh_ble_observers1)
    m_req_obs                                0x0002b514   Data           8  nrf_fstorage_sd.o(sdh_req_observers0)
    sdh_ble_observers1$$Limit                0x0002b514   Number         0  ble_conn_params.o(sdh_ble_observers1)
    sdh_req_observers0$$Base                 0x0002b514   Number         0  nrf_fstorage_sd.o(sdh_req_observers0)
    sdh_req_observers0$$Limit                0x0002b51c   Number         0  nrf_fstorage_sd.o(sdh_req_observers0)
    sdh_soc_observers0$$Base                 0x0002b51c   Number         0  nrf_drv_clock.o(sdh_soc_observers0)
    sdh_soc_observers0$$Limit                0x0002b52c   Number         0  nrf_fstorage_sd.o(sdh_soc_observers0)
    sdh_stack_observers0$$Base               0x0002b52c   Number         0  nrf_sdh_ble.o(sdh_stack_observers0)
    sdh_stack_observers0$$Limit              0x0002b53c   Number         0  nrf_sdh_soc.o(sdh_stack_observers0)
    sdh_state_observers0$$Base               0x0002b53c   Number         0  nrf_drv_clock.o(sdh_state_observers0)
    sdh_state_observers0$$Limit              0x0002b54c   Number         0  nrf_fstorage_sd.o(sdh_state_observers0)
    Image$$RW_IRAM1$$Base                    0x20005968   Number         0  anon$$obj.o ABSOLUTE
    m_xfer_done                              0x20005968   Data           1  main.o(.data)
    timestamp                                0x2000596c   Data           4  main.o(.data)
    tmp117_addr                              0x20005970   Data           1  tmp117.o(.data)
    nrf_drv_uart_use_easy_dma                0x20005984   Data           1  nrf_drv_uart.o(.data)
    m_uart                                   0x20005ac0   Data          20  nrf_log_backend_uart.o(.data)
    SystemCoreClock                          0x20005ad8   Data           4  system_nrf52.o(.data)
    fs_data$$Base                            0x20005adc   Number         0  fds.o(fs_data)
    m_fs                                     0x20005adc   Data          20  fds.o(fs_data)
    fs_data$$Limit                           0x20005af0   Number         0  fds.o(fs_data)
    log_dynamic_data$$Base                   0x20005af0   Number         0  bsp.o(log_dynamic_data)
    m_nrf_log_app_timer_m_bsp_leds_tmr_logs_data_dynamic 0x20005af0   Data           4  bsp.o(log_dynamic_data)
    m_nrf_log_app_timer_m_bsp_alert_tmr_logs_data_dynamic 0x20005af4   Data           4  bsp.o(log_dynamic_data)
    m_nrf_log_app_timer_m_bsp_button_tmr_logs_data_dynamic 0x20005af8   Data           4  bsp.o(log_dynamic_data)
    m_nrf_log_nrf_ble_gatt_logs_data_dynamic 0x20005afc   Data           4  nrf_ble_gatt.o(log_dynamic_data)
    m_nrf_log_ble_nus_logs_data_dynamic      0x20005b00   Data           4  ble_nus.o(log_dynamic_data)
    m_nrf_log_clock_logs_data_dynamic        0x20005b04   Data           4  nrf_drv_clock.o(log_dynamic_data)
    m_nrf_log_CLOCK_logs_data_dynamic        0x20005b08   Data           4  nrfx_clock.o(log_dynamic_data)
    m_nrf_log_GPIOTE_logs_data_dynamic       0x20005b0c   Data           4  nrfx_gpiote.o(log_dynamic_data)
    m_nrf_log_PRS_logs_data_dynamic          0x20005b10   Data           4  nrfx_prs.o(log_dynamic_data)
    m_nrf_log_UART_logs_data_dynamic         0x20005b14   Data           4  nrfx_uart.o(log_dynamic_data)
    m_nrf_log_UARTE_logs_data_dynamic        0x20005b18   Data           4  nrfx_uarte.o(log_dynamic_data)
    m_nrf_log_TWI_logs_data_dynamic          0x20005b1c   Data           4  nrfx_twi.o(log_dynamic_data)
    m_nrf_log_app_button_logs_data_dynamic   0x20005b20   Data           4  app_button.o(log_dynamic_data)
    m_nrf_log_app_timer_m_detection_delay_timer_id_logs_data_dynamic 0x20005b24   Data           4  app_button.o(log_dynamic_data)
    m_nrf_log_app_timer_logs_data_dynamic    0x20005b28   Data           4  app_timer2.o(log_dynamic_data)
    m_nrf_log_atfifo_m_req_fifo_logs_data_dynamic 0x20005b2c   Data           4  app_timer2.o(log_dynamic_data)
    m_nrf_log_pwr_mgmt_logs_data_dynamic     0x20005b30   Data           4  nrf_pwr_mgmt.o(log_dynamic_data)
    m_nrf_log_sortlist_logs_data_dynamic     0x20005b34   Data           4  nrf_sortlist.o(log_dynamic_data)
    m_nrf_log_atfifo_m_fifo_logs_data_dynamic 0x20005b38   Data           4  nrf_fstorage_sd.o(log_dynamic_data)
    m_nrf_log_nrf_fstorage_logs_data_dynamic 0x20005b3c   Data           4  nrf_fstorage.o(log_dynamic_data)
    m_nrf_log_atfifo_m_queue_logs_data_dynamic 0x20005b40   Data           4  fds.o(log_dynamic_data)
    m_nrf_log_balloc_log_mempool_logs_data_dynamic 0x20005b44   Data           4  nrf_log_frontend.o(log_dynamic_data)
    m_nrf_log_app_logs_data_dynamic          0x20005b48   Data           4  nrf_log_frontend.o(log_dynamic_data)
    m_nrf_log_nrf_sdh_logs_data_dynamic      0x20005b4c   Data           4  nrf_sdh.o(log_dynamic_data)
    m_nrf_log_nrf_sdh_ble_logs_data_dynamic  0x20005b50   Data           4  nrf_sdh_ble.o(log_dynamic_data)
    m_nrf_log_nrf_sdh_soc_logs_data_dynamic  0x20005b54   Data           4  nrf_sdh_soc.o(log_dynamic_data)
    log_filter_data$$Base                    0x20005b58   Number         0  bsp.o(log_filter_data)
    m_nrf_log_app_timer_m_bsp_leds_tmr_logs_data_filter 0x20005b58   Data           4  bsp.o(log_filter_data)
    m_nrf_log_app_timer_m_bsp_alert_tmr_logs_data_filter 0x20005b5c   Data           4  bsp.o(log_filter_data)
    m_nrf_log_app_timer_m_bsp_button_tmr_logs_data_filter 0x20005b60   Data           4  bsp.o(log_filter_data)
    m_nrf_log_nrf_ble_gatt_logs_data_filter  0x20005b64   Data           4  nrf_ble_gatt.o(log_filter_data)
    m_nrf_log_ble_nus_logs_data_filter       0x20005b68   Data           4  ble_nus.o(log_filter_data)
    m_nrf_log_clock_logs_data_filter         0x20005b6c   Data           4  nrf_drv_clock.o(log_filter_data)
    m_nrf_log_CLOCK_logs_data_filter         0x20005b70   Data           4  nrfx_clock.o(log_filter_data)
    m_nrf_log_GPIOTE_logs_data_filter        0x20005b74   Data           4  nrfx_gpiote.o(log_filter_data)
    m_nrf_log_PRS_logs_data_filter           0x20005b78   Data           4  nrfx_prs.o(log_filter_data)
    m_nrf_log_UART_logs_data_filter          0x20005b7c   Data           4  nrfx_uart.o(log_filter_data)
    m_nrf_log_UARTE_logs_data_filter         0x20005b80   Data           4  nrfx_uarte.o(log_filter_data)
    m_nrf_log_TWI_logs_data_filter           0x20005b84   Data           4  nrfx_twi.o(log_filter_data)
    m_nrf_log_app_button_logs_data_filter    0x20005b88   Data           4  app_button.o(log_filter_data)
    m_nrf_log_app_timer_m_detection_delay_timer_id_logs_data_filter 0x20005b8c   Data           4  app_button.o(log_filter_data)
    m_nrf_log_app_timer_logs_data_filter     0x20005b90   Data           4  app_timer2.o(log_filter_data)
    m_nrf_log_atfifo_m_req_fifo_logs_data_filter 0x20005b94   Data           4  app_timer2.o(log_filter_data)
    m_nrf_log_pwr_mgmt_logs_data_filter      0x20005b98   Data           4  nrf_pwr_mgmt.o(log_filter_data)
    m_nrf_log_sortlist_logs_data_filter      0x20005b9c   Data           4  nrf_sortlist.o(log_filter_data)
    m_nrf_log_atfifo_m_fifo_logs_data_filter 0x20005ba0   Data           4  nrf_fstorage_sd.o(log_filter_data)
    m_nrf_log_nrf_fstorage_logs_data_filter  0x20005ba4   Data           4  nrf_fstorage.o(log_filter_data)
    m_nrf_log_atfifo_m_queue_logs_data_filter 0x20005ba8   Data           4  fds.o(log_filter_data)
    m_nrf_log_balloc_log_mempool_logs_data_filter 0x20005bac   Data           4  nrf_log_frontend.o(log_filter_data)
    m_nrf_log_app_logs_data_filter           0x20005bb0   Data           4  nrf_log_frontend.o(log_filter_data)
    m_nrf_log_nrf_sdh_logs_data_filter       0x20005bb4   Data           4  nrf_sdh.o(log_filter_data)
    m_nrf_log_nrf_sdh_ble_logs_data_filter   0x20005bb8   Data           4  nrf_sdh_ble.o(log_filter_data)
    m_nrf_log_nrf_sdh_soc_logs_data_filter   0x20005bbc   Data           4  nrf_sdh_soc.o(log_filter_data)
    log_filter_data$$Limit                   0x20005bc0   Number         0  nrf_sdh_soc.o(log_filter_data)
    nrf_nvic_state                           0x20005d98   Data          12  app_util_platform.o(.bss)
    _SEGGER_RTT                              0x2000651c   Data         120  segger_rtt.o(.bss)
    __initial_sp                             0x200087a8   Data           0  arm_startup_nrf52.o(STACK)



==============================================================================

Memory Map of the image

  Image Entry point : 0x00026201

  Load Region LR_IROM1 (Base: 0x00026000, Size: 0x000057a4, Max: 0x0005a000, ABSOLUTE, COMPRESSED[0x000055ac])

    Execution Region ER_IROM1 (Exec base: 0x00026000, Load base: 0x00026000, Size: 0x0000554c, Max: 0x0005a000, ABSOLUTE)

    Exec Addr    Load Addr    Size         Type   Attr      Idx    E Section Name        Object

    0x00026000   0x00026000   0x00000200   Data   RO         6583    RESET               arm_startup_nrf52.o
    0x00026200   0x00026200   0x00000000   Code   RO         6652  * .ARM.Collect$$$$00000000  mc_w.l(entry.o)
    0x00026200   0x00026200   0x00000004   Code   RO         6715    .ARM.Collect$$$$00000001  mc_w.l(entry2.o)
    0x00026204   0x00026204   0x00000004   Code   RO         6718    .ARM.Collect$$$$00000004  mc_w.l(entry5.o)
    0x00026208   0x00026208   0x00000000   Code   RO         6720    .ARM.Collect$$$$00000008  mc_w.l(entry7b.o)
    0x00026208   0x00026208   0x00000000   Code   RO         6722    .ARM.Collect$$$$0000000A  mc_w.l(entry8b.o)
    0x00026208   0x00026208   0x00000008   Code   RO         6723    .ARM.Collect$$$$0000000B  mc_w.l(entry9a.o)
    0x00026210   0x00026210   0x00000000   Code   RO         6725    .ARM.Collect$$$$0000000D  mc_w.l(entry10a.o)
    0x00026210   0x00026210   0x00000000   Code   RO         6727    .ARM.Collect$$$$0000000F  mc_w.l(entry11a.o)
    0x00026210   0x00026210   0x00000004   Code   RO         6716    .ARM.Collect$$$$00002712  mc_w.l(entry2.o)
    0x00026214   0x00026214   0x000000c8   Code   RO         4340    .emb_text           nrf_atfifo.o
    0x000262dc   0x000262dc   0x000000e2   Code   RO         4476    .emb_text           nrf_atomic.o
    0x000263be   0x000263be   0x00000002   PAD
    0x000263c0   0x000263c0   0x00000024   Code   RO         6584    .text               arm_startup_nrf52.o
    0x000263e4   0x000263e4   0x00000008   Code   RO         6659    .text               mc_w.l(ctype_o.o)
    0x000263ec   0x000263ec   0x00000024   Code   RO         6687    .text               mc_w.l(memcpya.o)
    0x00026410   0x00026410   0x00000024   Code   RO         6689    .text               mc_w.l(memseta.o)
    0x00026434   0x00026434   0x0000000e   Code   RO         6691    .text               mc_w.l(strlen.o)
    0x00026442   0x00026442   0x00000012   Code   RO         6695    .text               mc_w.l(strcpy.o)
    0x00026454   0x00026454   0x0000001e   Code   RO         6697    .text               mc_w.l(strncmp.o)
    0x00026472   0x00026472   0x00000002   PAD
    0x00026474   0x00026474   0x00000024   Code   RO         6738    .text               mc_w.l(init.o)
    0x00026498   0x00026498   0x00000056   Code   RO         6748    .text               mc_w.l(__dczerorl2.o)
    0x000264ee   0x000264ee   0x00000002   PAD
    0x000264f0   0x000264f0   0x000000a4   Code   RO         2617    i.GPIOTE_IRQHandler  nrfx_gpiote.o
    0x00026594   0x00026594   0x00000058   Code   RO         2480    i.POWER_CLOCK_IRQHandler  nrfx_clock.o
    0x000265ec   0x000265ec   0x00000010   Code   RO         4129    i.RTC1_IRQHandler   drv_rtc.o
    0x000265fc   0x000265fc   0x00000004   Code   RO         6126    i.SEGGER_RTT_Init   segger_rtt.o
    0x00026600   0x00026600   0x0000005c   Code   RO         6140    i.SEGGER_RTT_WriteNoLock  segger_rtt.o
    0x0002665c   0x0002665c   0x00000010   Code   RO         3316    i.SPIM0_SPIS0_TWIM0_TWIS0_SPI0_TWI0_IRQHandler  nrfx_twi.o
    0x0002666c   0x0002666c   0x00000004   Code   RO         6377    i.SWI2_EGU2_IRQHandler  nrf_sdh.o
    0x00026670   0x00026670   0x000002d8   Code   RO         6592    i.SystemInit        system_nrf52.o
    0x00026948   0x00026948   0x0000000c   Code   RO         2920    i.UARTE0_UART0_IRQHandler  nrfx_prs.o
    0x00026954   0x00026954   0x00000068   Code   RO         6144    i._DoInit           segger_rtt.o
    0x000269bc   0x000269bc   0x00000016   Code   RO         6145    i._GetAvailWriteSpace  segger_rtt.o
    0x000269d2   0x000269d2   0x0000005a   Code   RO         6147    i._WriteBlocking    segger_rtt.o
    0x00026a2c   0x00026a2c   0x00000042   Code   RO         6148    i._WriteNoCheck     segger_rtt.o
    0x00026a6e   0x00026a6e   0x0000000e   Code   RO         6742    i.__scatterload_copy  mc_w.l(handlers.o)
    0x00026a7c   0x00026a7c   0x00000002   Code   RO         6743    i.__scatterload_null  mc_w.l(handlers.o)
    0x00026a7e   0x00026a7e   0x0000000e   Code   RO         6744    i.__scatterload_zeroinit  mc_w.l(handlers.o)
    0x00026a8c   0x00026a8c   0x00000024   Code   RO         6378    i.__sd_nvic_app_accessible_irq  nrf_sdh.o
    0x00026ab0   0x00026ab0   0x0000000c   Code   RO         5243    i.addr_is_aligned32  nrf_fstorage.o
    0x00026abc   0x00026abc   0x00000018   Code   RO         5244    i.addr_is_within_bounds  nrf_fstorage.o
    0x00026ad4   0x00026ad4   0x00000036   Code   RO         1250    i.advertising_buttons_configure  bsp_btn_ble.o
    0x00026b0a   0x00026b0a   0x00000002   PAD
    0x00026b0c   0x00026b0c   0x00000094   Code   RO         3686    i.app_error_fault_handler  app_error_weak.o
    0x00026ba0   0x00026ba0   0x00000016   Code   RO         3630    i.app_error_handler_bare  app_error.o
    0x00026bb6   0x00026bb6   0x00000054   Code   RO         3850    i.app_timer_start   app_timer2.o
    0x00026c0a   0x00026c0a   0x00000044   Code   RO         3851    i.app_timer_stop    app_timer2.o
    0x00026c4e   0x00026c4e   0x00000002   PAD
    0x00026c50   0x00026c50   0x00000048   Code   RO         4061    i.app_util_critical_region_enter  app_util_platform.o
    0x00026c98   0x00026c98   0x00000034   Code   RO         4062    i.app_util_critical_region_exit  app_util_platform.o
    0x00026ccc   0x00026ccc   0x00000088   Code   RO         2972    i.apply_config      nrfx_uart.o
    0x00026d54   0x00026d54   0x00000088   Code   RO         3158    i.apply_config      nrfx_uarte.o
    0x00026ddc   0x00026ddc   0x00000070   Code   RO         1251    i.ble_evt_handler   bsp_btn_ble.o
    0x00026e4c   0x00026e4c   0x000000fc   Code   RO         1585    i.ble_evt_handler   ble_conn_params.o
    0x00026f48   0x00026f48   0x00000118   Code   RO         1689    i.ble_evt_handler   ble_conn_state.o
    0x00027060   0x00027060   0x00000008   Code   RO         1871    i.ble_srv_is_notification_enabled  ble_srv_common.o
    0x00027068   0x00027068   0x00000044   Code   RO         1130    i.bsp_event_to_button_action_assign  bsp.o
    0x000270ac   0x000270ac   0x00000094   Code   RO         5795    i.buf_prealloc      nrf_log_frontend.o
    0x00027140   0x00027140   0x0000002e   Code   RO         4688    i.buffer_add        nrf_fprintf_format.o
    0x0002716e   0x0002716e   0x00000002   PAD
    0x00027170   0x00027170   0x00000018   Code   RO         5796    i.buffer_is_empty   nrf_log_frontend.o
    0x00027188   0x00027188   0x00000010   Code   RO         2620    i.channel_port_get  nrfx_gpiote.o
    0x00027198   0x00027198   0x00000028   Code   RO         2134    i.clock_clk_started_notify  nrf_drv_clock.o
    0x000271c0   0x000271c0   0x0000001c   Code   RO         2135    i.clock_irq_handler  nrf_drv_clock.o
    0x000271dc   0x000271dc   0x00000018   Code   RO         3853    i.compare_func      app_timer2.o
    0x000271f4   0x000271f4   0x0000003e   Code   RO         1690    i.conn_handle_list_get  ble_conn_state.o
    0x00027232   0x00027232   0x00000002   PAD
    0x00027234   0x00027234   0x00000048   Code   RO         1586    i.conn_params_negotiation  ble_conn_params.o
    0x0002727c   0x0002727c   0x0000008c   Code   RO         5331    i.delete_execute    fds.o
    0x00027308   0x00027308   0x00000014   Code   RO         5797    i.dropped_sat16_get  nrf_log_frontend.o
    0x0002731c   0x0002731c   0x00000008   Code   RO         4135    i.drv_rtc_counter_get  drv_rtc.o
    0x00027324   0x00027324   0x0000001e   Code   RO         4137    i.drv_rtc_irq_trigger  drv_rtc.o
    0x00027342   0x00027342   0x00000074   Code   RO         5332    i.event_prepare     fds.o
    0x000273b6   0x000273b6   0x00000054   Code   RO         5128    i.event_send        nrf_fstorage_sd.o
    0x0002740a   0x0002740a   0x00000002   PAD
    0x0002740c   0x0002740c   0x00000020   Code   RO         5333    i.event_send        fds.o
    0x0002742c   0x0002742c   0x0000000a   Code   RO         1691    i.flag_toggle       ble_conn_state.o
    0x00027436   0x00027436   0x00000006   Code   RO         5353    i.fs_event_handler  fds.o
    0x0002743c   0x0002743c   0x00000080   Code   RO         5354    i.gc_execute        fds.o
    0x000274bc   0x000274bc   0x0000004c   Code   RO         5355    i.gc_next_page      fds.o
    0x00027508   0x00027508   0x00000040   Code   RO         5356    i.gc_page_erase     fds.o
    0x00027548   0x00027548   0x00000034   Code   RO         5357    i.gc_record_copy    fds.o
    0x0002757c   0x0002757c   0x00000024   Code   RO         5358    i.gc_record_find_next  fds.o
    0x000275a0   0x000275a0   0x00000070   Code   RO         5359    i.gc_state_advance  fds.o
    0x00027610   0x00027610   0x00000030   Code   RO         5360    i.gc_swap_pages     fds.o
    0x00027640   0x00027640   0x00000034   Code   RO         3854    i.get_now           app_timer2.o
    0x00027674   0x00027674   0x0000002c   Code   RO         5361    i.header_check      fds.o
    0x000276a0   0x000276a0   0x00000012   Code   RO         5362    i.header_has_next   fds.o
    0x000276b2   0x000276b2   0x00000002   PAD
    0x000276b4   0x000276b4   0x000000c4   Code   RO         5363    i.init_execute      fds.o
    0x00027778   0x00027778   0x00000014   Code   RO         1587    i.instance_get      ble_conn_params.o
    0x0002778c   0x0002778c   0x000000a6   Code   RO         4689    i.int_print         nrf_fprintf_format.o
    0x00027832   0x00027832   0x00000002   PAD
    0x00027834   0x00027834   0x00000088   Code   RO         3159    i.interrupts_enable  nrfx_uarte.o
    0x000278bc   0x000278bc   0x00000034   Code   RO         5798    i.invalid_packets_omit  nrf_log_frontend.o
    0x000278f0   0x000278f0   0x00000044   Code   RO         1588    i.is_conn_params_ok  ble_conn_params.o
    0x00027934   0x00027934   0x0000000c   Code   RO         5364    i.is_word_aligned   fds.o
    0x00027940   0x00027940   0x00000002   Code   RO         5799    i.log_pending_hook  nrf_log_frontend.o
    0x00027942   0x00027942   0x00000002   PAD
    0x00027944   0x00027944   0x000000a4   Code   RO         5800    i.log_skip          nrf_log_frontend.o
    0x000279e8   0x000279e8   0x0000013c   Code   RO            5    i.main              main.o
    0x00027b24   0x00027b24   0x0000007e   Code   RO         4728    i.memobj_op         nrf_memobj.o
    0x00027ba2   0x00027ba2   0x00000002   PAD
    0x00027ba4   0x00027ba4   0x00000030   Code   RO         5801    i.module_idx_get    nrf_log_frontend.o
    0x00027bd4   0x00027bd4   0x00000016   Code   RO         4345    i.nrf_atfifo_item_alloc  nrf_atfifo.o
    0x00027bea   0x00027bea   0x00000016   Code   RO         4346    i.nrf_atfifo_item_free  nrf_atfifo.o
    0x00027c00   0x00027c00   0x00000016   Code   RO         4347    i.nrf_atfifo_item_get  nrf_atfifo.o
    0x00027c16   0x00027c16   0x00000016   Code   RO         4348    i.nrf_atfifo_item_put  nrf_atfifo.o
    0x00027c2c   0x00027c2c   0x00000016   Code   RO         4410    i.nrf_atflags_clear  nrf_atflags.o
    0x00027c42   0x00027c42   0x00000016   Code   RO         4415    i.nrf_atflags_get   nrf_atflags.o
    0x00027c58   0x00027c58   0x00000014   Code   RO         4417    i.nrf_atflags_set   nrf_atflags.o
    0x00027c6c   0x00027c6c   0x00000006   Code   RO         4478    i.nrf_atomic_flag_clear_fetch  nrf_atomic.o
    0x00027c72   0x00027c72   0x00000006   Code   RO         4479    i.nrf_atomic_flag_set  nrf_atomic.o
    0x00027c78   0x00027c78   0x0000000c   Code   RO         4481    i.nrf_atomic_u32_add  nrf_atomic.o
    0x00027c84   0x00027c84   0x0000000c   Code   RO         4482    i.nrf_atomic_u32_and  nrf_atomic.o
    0x00027c90   0x00027c90   0x0000000a   Code   RO         4485    i.nrf_atomic_u32_fetch_and  nrf_atomic.o
    0x00027c9a   0x00027c9a   0x0000000a   Code   RO         4487    i.nrf_atomic_u32_fetch_store  nrf_atomic.o
    0x00027ca4   0x00027ca4   0x0000000c   Code   RO         4491    i.nrf_atomic_u32_or  nrf_atomic.o
    0x00027cb0   0x00027cb0   0x0000000c   Code   RO         4493    i.nrf_atomic_u32_sub  nrf_atomic.o
    0x00027cbc   0x00027cbc   0x00000044   Code   RO         4612    i.nrf_balloc_alloc  nrf_balloc.o
    0x00027d00   0x00027d00   0x00000030   Code   RO         4613    i.nrf_balloc_free   nrf_balloc.o
    0x00027d30   0x00027d30   0x00000030   Code   RO         4614    i.nrf_balloc_init   nrf_balloc.o
    0x00027d60   0x00027d60   0x00000010   Code   RO         2621    i.nrf_bitmask_bit_is_set  nrfx_gpiote.o
    0x00027d70   0x00027d70   0x0000000e   Code   RO         2481    i.nrf_clock_event_check  nrfx_clock.o
    0x00027d7e   0x00027d7e   0x00000010   Code   RO         2482    i.nrf_clock_event_clear  nrfx_clock.o
    0x00027d8e   0x00027d8e   0x00000002   PAD
    0x00027d90   0x00027d90   0x00000020   Code   RO            6    i.nrf_delay_ms      main.o
    0x00027db0   0x00027db0   0x00000040   Code   RO         2142    i.nrf_drv_clock_init  nrf_drv_clock.o
    0x00027df0   0x00027df0   0x00000034   Code   RO         2146    i.nrf_drv_clock_lfclk_release  nrf_drv_clock.o
    0x00027e24   0x00027e24   0x00000040   Code   RO         3474    i.nrf_drv_twi_init  nrf_drv_twi.o
    0x00027e64   0x00027e64   0x0000000e   Code   RO            7    i.nrf_drv_twi_tx    main.o
    0x00027e72   0x00027e72   0x0000000e   Code   RO          909    i.nrf_drv_twi_tx    tmp117.o
    0x00027e80   0x00027e80   0x00000068   Code   RO         2289    i.nrf_drv_uart_init  nrf_drv_uart.o
    0x00027ee8   0x00027ee8   0x0000001a   Code   RO         4649    i.nrf_fprintf       nrf_fprintf.o
    0x00027f02   0x00027f02   0x00000018   Code   RO         4650    i.nrf_fprintf_buffer_flush  nrf_fprintf.o
    0x00027f1a   0x00027f1a   0x000001da   Code   RO         4690    i.nrf_fprintf_fmt   nrf_fprintf_format.o
    0x000280f4   0x000280f4   0x00000150   Code   RO         5245    i.nrf_fstorage_erase  nrf_fstorage.o
    0x00028244   0x00028244   0x00000018   Code   RO         5131    i.nrf_fstorage_sdh_req_handler  nrf_fstorage_sd.o
    0x0002825c   0x0002825c   0x00000020   Code   RO         5132    i.nrf_fstorage_sdh_state_handler  nrf_fstorage_sd.o
    0x0002827c   0x0002827c   0x000000a4   Code   RO         5133    i.nrf_fstorage_sys_evt_handler  nrf_fstorage_sd.o
    0x00028320   0x00028320   0x00000200   Code   RO         5252    i.nrf_fstorage_write  nrf_fstorage.o
    0x00028520   0x00028520   0x00000024   Code   RO         2973    i.nrf_gpio_cfg      nrfx_uart.o
    0x00028544   0x00028544   0x00000024   Code   RO         3160    i.nrf_gpio_cfg      nrfx_uarte.o
    0x00028568   0x00028568   0x00000024   Code   RO         3317    i.nrf_gpio_cfg      nrfx_twi.o
    0x0002858c   0x0002858c   0x00000012   Code   RO         2974    i.nrf_gpio_cfg_default  nrfx_uart.o
    0x0002859e   0x0002859e   0x00000012   Code   RO         3161    i.nrf_gpio_cfg_default  nrfx_uarte.o
    0x000285b0   0x000285b0   0x00000012   Code   RO         2975    i.nrf_gpio_cfg_input  nrfx_uart.o
    0x000285c2   0x000285c2   0x00000012   Code   RO         3162    i.nrf_gpio_cfg_input  nrfx_uarte.o
    0x000285d4   0x000285d4   0x00000014   Code   RO         2976    i.nrf_gpio_cfg_output  nrfx_uart.o
    0x000285e8   0x000285e8   0x00000014   Code   RO         3163    i.nrf_gpio_cfg_output  nrfx_uarte.o
    0x000285fc   0x000285fc   0x00000022   Code   RO         2624    i.nrf_gpio_cfg_sense_set  nrfx_gpiote.o
    0x0002861e   0x0002861e   0x00000002   PAD
    0x00028620   0x00028620   0x0000002c   Code   RO         2625    i.nrf_gpio_latches_read_and_clear  nrfx_gpiote.o
    0x0002864c   0x0002864c   0x0000000e   Code   RO         3475    i.nrf_gpio_pin_set  nrf_drv_twi.o
    0x0002865a   0x0002865a   0x00000002   PAD
    0x0002865c   0x0002865c   0x00000014   Code   RO         2627    i.nrf_gpiote_event_clear  nrfx_gpiote.o
    0x00028670   0x00028670   0x00000010   Code   RO         2628    i.nrf_gpiote_event_is_set  nrfx_gpiote.o
    0x00028680   0x00028680   0x00000090   Code   RO         5802    i.nrf_log_backend_add  nrf_log_frontend.o
    0x00028710   0x00028710   0x00000002   Code   RO         5654    i.nrf_log_backend_rtt_flush  nrf_log_backend_rtt.o
    0x00028712   0x00028712   0x00000004   Code   RO         5655    i.nrf_log_backend_rtt_init  nrf_log_backend_rtt.o
    0x00028716   0x00028716   0x00000002   Code   RO         5656    i.nrf_log_backend_rtt_panic_set  nrf_log_backend_rtt.o
    0x00028718   0x00028718   0x00000018   Code   RO         5657    i.nrf_log_backend_rtt_put  nrf_log_backend_rtt.o
    0x00028730   0x00028730   0x000000c8   Code   RO         5720    i.nrf_log_backend_serial_put  nrf_log_backend_serial.o
    0x000287f8   0x000287f8   0x00000002   Code   RO         6052    i.nrf_log_backend_uart_flush  nrf_log_backend_uart.o
    0x000287fa   0x000287fa   0x00000006   Code   RO         6053    i.nrf_log_backend_uart_init  nrf_log_backend_uart.o
    0x00028800   0x00028800   0x0000002c   Code   RO         6054    i.nrf_log_backend_uart_panic_set  nrf_log_backend_uart.o
    0x0002882c   0x0002882c   0x00000018   Code   RO         6055    i.nrf_log_backend_uart_put  nrf_log_backend_uart.o
    0x00028844   0x00028844   0x00000030   Code   RO         5804    i.nrf_log_color_id_get  nrf_log_frontend.o
    0x00028874   0x00028874   0x00000034   Code   RO         5754    i.nrf_log_default_backends_init  nrf_log_default_backends.o
    0x000288a8   0x000288a8   0x0000027c   Code   RO         5807    i.nrf_log_frontend_dequeue  nrf_log_frontend.o
    0x00028b24   0x00028b24   0x00000008   Code   RO         5809    i.nrf_log_frontend_std_0  nrf_log_frontend.o
    0x00028b2c   0x00028b2c   0x0000000e   Code   RO         5810    i.nrf_log_frontend_std_1  nrf_log_frontend.o
    0x00028b3a   0x00028b3a   0x00000012   Code   RO         5812    i.nrf_log_frontend_std_3  nrf_log_frontend.o
    0x00028b4c   0x00028b4c   0x00000014   Code   RO         5813    i.nrf_log_frontend_std_4  nrf_log_frontend.o
    0x00028b60   0x00028b60   0x000000b0   Code   RO         6000    i.nrf_log_hexdump_entry_process  nrf_log_str_formatter.o
    0x00028c10   0x00028c10   0x000000a0   Code   RO         5816    i.nrf_log_init      nrf_log_frontend.o
    0x00028cb0   0x00028cb0   0x00000014   Code   RO         5817    i.nrf_log_module_cnt_get  nrf_log_frontend.o
    0x00028cc4   0x00028cc4   0x00000050   Code   RO         5819    i.nrf_log_module_filter_set  nrf_log_frontend.o
    0x00028d14   0x00028d14   0x0000001c   Code   RO         5820    i.nrf_log_module_name_get  nrf_log_frontend.o
    0x00028d30   0x00028d30   0x00000028   Code   RO         5821    i.nrf_log_panic     nrf_log_frontend.o
    0x00028d58   0x00028d58   0x000000b6   Code   RO         6001    i.nrf_log_std_entry_process  nrf_log_str_formatter.o
    0x00028e0e   0x00028e0e   0x00000060   Code   RO         4729    i.nrf_memobj_alloc  nrf_memobj.o
    0x00028e6e   0x00028e6e   0x00000032   Code   RO         4730    i.nrf_memobj_free   nrf_memobj.o
    0x00028ea0   0x00028ea0   0x00000008   Code   RO         4731    i.nrf_memobj_get    nrf_memobj.o
    0x00028ea8   0x00028ea8   0x00000004   Code   RO         4732    i.nrf_memobj_pool_init  nrf_memobj.o
    0x00028eac   0x00028eac   0x0000001e   Code   RO         4733    i.nrf_memobj_put    nrf_memobj.o
    0x00028eca   0x00028eca   0x00000010   Code   RO         4734    i.nrf_memobj_read   nrf_memobj.o
    0x00028eda   0x00028eda   0x00000010   Code   RO         4735    i.nrf_memobj_write  nrf_memobj.o
    0x00028eea   0x00028eea   0x0000001c   Code   RO         4882    i.nrf_ringbuf_init  nrf_ringbuf.o
    0x00028f06   0x00028f06   0x00000002   PAD
    0x00028f08   0x00028f08   0x00000060   Code   RO         6502    i.nrf_sdh_ble_evts_poll  nrf_sdh_ble.o
    0x00028f68   0x00028f68   0x00000054   Code   RO         6379    i.nrf_sdh_disable_request  nrf_sdh.o
    0x00028fbc   0x00028fbc   0x00000074   Code   RO         6380    i.nrf_sdh_enable_request  nrf_sdh.o
    0x00029030   0x00029030   0x00000024   Code   RO         6381    i.nrf_sdh_evts_poll  nrf_sdh.o
    0x00029054   0x00029054   0x0000000c   Code   RO         6382    i.nrf_sdh_is_enabled  nrf_sdh.o
    0x00029060   0x00029060   0x0000001c   Code   RO         6384    i.nrf_sdh_request_continue  nrf_sdh.o
    0x0002907c   0x0002907c   0x0000003c   Code   RO         6551    i.nrf_sdh_soc_evts_poll  nrf_sdh_soc.o
    0x000290b8   0x000290b8   0x0000000a   Code   RO         4940    i.nrf_section_iter_init  nrf_section_iter.o
    0x000290c2   0x000290c2   0x00000024   Code   RO         4941    i.nrf_section_iter_item_set  nrf_section_iter.o
    0x000290e6   0x000290e6   0x00000020   Code   RO         4942    i.nrf_section_iter_next  nrf_section_iter.o
    0x00029106   0x00029106   0x0000000a   Code   RO         3319    i.nrf_twi_event_check  nrfx_twi.o
    0x00029110   0x00029110   0x0000000c   Code   RO         3320    i.nrf_twi_event_clear  nrfx_twi.o
    0x0002911c   0x0002911c   0x0000000a   Code   RO         2977    i.nrf_uart_event_check  nrfx_uart.o
    0x00029126   0x00029126   0x0000000c   Code   RO         2978    i.nrf_uart_event_clear  nrfx_uart.o
    0x00029132   0x00029132   0x0000000c   Code   RO         2979    i.nrf_uart_int_enable_check  nrfx_uart.o
    0x0002913e   0x0002913e   0x0000000a   Code   RO         3164    i.nrf_uarte_event_check  nrfx_uarte.o
    0x00029148   0x00029148   0x0000000c   Code   RO         3165    i.nrf_uarte_event_clear  nrfx_uarte.o
    0x00029154   0x00029154   0x00000010   Code   RO         2149    i.nrf_wdt_started   nrf_drv_clock.o
    0x00029164   0x00029164   0x0000002c   Code   RO         2487    i.nrfx_clock_enable  nrfx_clock.o
    0x00029190   0x00029190   0x00000020   Code   RO         2490    i.nrfx_clock_init   nrfx_clock.o
    0x000291b0   0x000291b0   0x00000030   Code   RO         2493    i.nrfx_clock_lfclk_stop  nrfx_clock.o
    0x000291e0   0x000291e0   0x00000010   Code   RO         3476    i.nrfx_coredep_delay_us  nrf_drv_twi.o
    0x000291f0   0x000291f0   0x00000010   Code   RO         3166    i.nrfx_is_in_ram    nrfx_uarte.o
    0x00029200   0x00029200   0x0000003a   Code   RO         2921    i.nrfx_prs_acquire  nrfx_prs.o
    0x0002923a   0x0002923a   0x00000012   Code   RO         2922    i.nrfx_prs_release  nrfx_prs.o
    0x0002924c   0x0002924c   0x00000020   Code   RO         3323    i.nrfx_twi_enable   nrfx_twi.o
    0x0002926c   0x0002926c   0x000000e4   Code   RO         3324    i.nrfx_twi_init     nrfx_twi.o
    0x00029350   0x00029350   0x00000030   Code   RO         3326    i.nrfx_twi_rx       nrfx_twi.o
    0x00029380   0x00029380   0x00000036   Code   RO         3328    i.nrfx_twi_tx       nrfx_twi.o
    0x000293b6   0x000293b6   0x00000002   PAD
    0x000293b8   0x000293b8   0x00000020   Code   RO         3330    i.nrfx_twi_xfer     nrfx_twi.o
    0x000293d8   0x000293d8   0x00000010   Code   RO         2980    i.nrfx_uart_0_irq_handler  nrfx_uart.o
    0x000293e8   0x000293e8   0x000000d4   Code   RO         2982    i.nrfx_uart_init    nrfx_uart.o
    0x000294bc   0x000294bc   0x000000a8   Code   RO         2988    i.nrfx_uart_tx      nrfx_uart.o
    0x00029564   0x00029564   0x00000020   Code   RO         2990    i.nrfx_uart_tx_in_progress  nrfx_uart.o
    0x00029584   0x00029584   0x000000c0   Code   RO         2991    i.nrfx_uart_uninit  nrfx_uart.o
    0x00029644   0x00029644   0x00000010   Code   RO         3167    i.nrfx_uarte_0_irq_handler  nrfx_uarte.o
    0x00029654   0x00029654   0x0000006c   Code   RO         3169    i.nrfx_uarte_init   nrfx_uarte.o
    0x000296c0   0x000296c0   0x000000ac   Code   RO         3173    i.nrfx_uarte_tx     nrfx_uarte.o
    0x0002976c   0x0002976c   0x0000001c   Code   RO         3175    i.nrfx_uarte_tx_in_progress  nrfx_uarte.o
    0x00029788   0x00029788   0x00000108   Code   RO         3176    i.nrfx_uarte_uninit  nrfx_uarte.o
    0x00029890   0x00029890   0x00000018   Code   RO         6593    i.nvmc_config       system_nrf52.o
    0x000298a8   0x000298a8   0x0000001c   Code   RO         5366    i.page_offsets_update  fds.o
    0x000298c4   0x000298c4   0x0000001c   Code   RO         5368    i.page_tag_write_data  fds.o
    0x000298e0   0x000298e0   0x00000024   Code   RO         5369    i.page_tag_write_swap  fds.o
    0x00029904   0x00029904   0x000000b4   Code   RO         2661    i.port_event_handle  nrfx_gpiote.o
    0x000299b8   0x000299b8   0x00000010   Code   RO         2662    i.port_handler_polarity_get  nrfx_gpiote.o
    0x000299c8   0x000299c8   0x0000003c   Code   RO         6003    i.postfix_process   nrf_log_str_formatter.o
    0x00029a04   0x00029a04   0x00000098   Code   RO         6004    i.prefix_process    nrf_log_str_formatter.o
    0x00029a9c   0x00029a9c   0x00000018   Code   RO         2923    i.prs_box_get       nrfx_prs.o
    0x00029ab4   0x00029ab4   0x00000014   Code   RO         5134    i.queue_free        nrf_fstorage_sd.o
    0x00029ac8   0x00029ac8   0x000000a0   Code   RO         5135    i.queue_process     nrf_fstorage_sd.o
    0x00029b68   0x00029b68   0x000000a4   Code   RO         5373    i.queue_process     fds.o
    0x00029c0c   0x00029c0c   0x00000090   Code   RO         5375    i.record_find       fds.o
    0x00029c9c   0x00029c9c   0x000000a0   Code   RO         5376    i.record_find_by_desc  fds.o
    0x00029d3c   0x00029d3c   0x0000005c   Code   RO         5377    i.record_find_next  fds.o
    0x00029d98   0x00029d98   0x0000003c   Code   RO         5378    i.record_header_flag_dirty  fds.o
    0x00029dd4   0x00029dd4   0x00000032   Code   RO         2992    i.rx_byte           nrfx_uart.o
    0x00029e06   0x00029e06   0x00000016   Code   RO         2993    i.rx_done_event     nrfx_uart.o
    0x00029e1c   0x00029e1c   0x00000016   Code   RO         3177    i.rx_done_event     nrfx_uarte.o
    0x00029e32   0x00029e32   0x00000002   PAD
    0x00029e34   0x00029e34   0x00000058   Code   RO         2150    i.sd_state_evt_handler  nrf_drv_clock.o
    0x00029e8c   0x00029e8c   0x00000030   Code   RO         6387    i.sdh_request_observer_notify  nrf_sdh.o
    0x00029ebc   0x00029ebc   0x0000002c   Code   RO         6388    i.sdh_state_observer_notify  nrf_sdh.o
    0x00029ee8   0x00029ee8   0x00000010   Code   RO         1589    i.send_error_evt    ble_conn_params.o
    0x00029ef8   0x00029ef8   0x00000050   Code   RO         5658    i.serial_tx         nrf_log_backend_rtt.o
    0x00029f48   0x00029f48   0x00000040   Code   RO         6056    i.serial_tx         nrf_log_backend_uart.o
    0x00029f88   0x00029f88   0x00000018   Code   RO         2151    i.soc_evt_handler   nrf_drv_clock.o
    0x00029fa0   0x00029fa0   0x00000040   Code   RO         6389    i.softdevice_evt_irq_disable  nrf_sdh.o
    0x00029fe0   0x00029fe0   0x00000058   Code   RO         6390    i.softdevices_evt_irq_enable  nrf_sdh.o
    0x0002a038   0x0002a038   0x00000098   Code   RO         5823    i.std_n             nrf_log_frontend.o
    0x0002a0d0   0x0002a0d0   0x00000038   Code   RO         3861    i.timer_req_schedule  app_timer2.o
    0x0002a108   0x0002a108   0x000000c4   Code   RO          910    i.tmp117_Init       tmp117.o
    0x0002a1cc   0x0002a1cc   0x00000054   Code   RO          911    i.tmp117_continuous_mode  tmp117.o
    0x0002a220   0x0002a220   0x00000020   Code   RO          913    i.tmp117_get_temp   tmp117.o
    0x0002a240   0x0002a240   0x0000005c   Code   RO          914    i.tmp117_read_register  tmp117.o
    0x0002a29c   0x0002a29c   0x0000000a   Code   RO          916    i.tmp117_set_Config  tmp117.o
    0x0002a2a6   0x0002a2a6   0x0000000a   Code   RO          917    i.tmp117_set_HighLimit  tmp117.o
    0x0002a2b0   0x0002a2b0   0x0000000a   Code   RO          918    i.tmp117_set_LowLimit  tmp117.o
    0x0002a2ba   0x0002a2ba   0x0000000a   Code   RO          919    i.tmp117_set_Temp_Offset  tmp117.o
    0x0002a2c4   0x0002a2c4   0x0000003c   Code   RO          921    i.tmp117_write_register  tmp117.o
    0x0002a300   0x0002a300   0x000000aa   Code   RO         3477    i.twi_clear_bus     nrf_drv_twi.o
    0x0002a3aa   0x0002a3aa   0x00000002   PAD
    0x0002a3ac   0x0002a3ac   0x00000040   Code   RO         3478    i.twi_evt_handler   nrf_drv_twi.o
    0x0002a3ec   0x0002a3ec   0x00000014   Code   RO            9    i.twi_handler       main.o
    0x0002a400   0x0002a400   0x0000006c   Code   RO           10    i.twi_init          main.o
    0x0002a46c   0x0002a46c   0x000000bc   Code   RO         3331    i.twi_irq_handler   nrfx_twi.o
    0x0002a528   0x0002a528   0x0000001e   Code   RO         3332    i.twi_process_error  nrfx_twi.o
    0x0002a546   0x0002a546   0x00000002   PAD
    0x0002a548   0x0002a548   0x000000c4   Code   RO         3333    i.twi_rx_start_transfer  nrfx_twi.o
    0x0002a60c   0x0002a60c   0x000000f4   Code   RO           11    i.twi_scan          main.o
    0x0002a700   0x0002a700   0x00000036   Code   RO         3334    i.twi_send_byte     nrfx_twi.o
    0x0002a736   0x0002a736   0x00000140   Code   RO         3335    i.twi_transfer      nrfx_twi.o
    0x0002a876   0x0002a876   0x00000002   PAD
    0x0002a878   0x0002a878   0x000000b8   Code   RO         3336    i.twi_tx_start_transfer  nrfx_twi.o
    0x0002a930   0x0002a930   0x000000a4   Code   RO         3337    i.twi_xfer          nrfx_twi.o
    0x0002a9d4   0x0002a9d4   0x00000020   Code   RO         2995    i.tx_byte           nrfx_uart.o
    0x0002a9f4   0x0002a9f4   0x0000001a   Code   RO         2996    i.tx_done_event     nrfx_uart.o
    0x0002aa0e   0x0002aa0e   0x0000001a   Code   RO         3178    i.tx_done_event     nrfx_uarte.o
    0x0002aa28   0x0002aa28   0x00000030   Code   RO         2290    i.uart_evt_handler  nrf_drv_uart.o
    0x0002aa58   0x0002aa58   0x0000000c   Code   RO         6057    i.uart_evt_handler  nrf_log_backend_uart.o
    0x0002aa64   0x0002aa64   0x00000050   Code   RO         6058    i.uart_init         nrf_log_backend_uart.o
    0x0002aab4   0x0002aab4   0x0000012a   Code   RO         2997    i.uart_irq_handler  nrfx_uart.o
    0x0002abde   0x0002abde   0x00000002   PAD
    0x0002abe0   0x0002abe0   0x00000030   Code   RO         2291    i.uarte_evt_handler  nrf_drv_uart.o
    0x0002ac10   0x0002ac10   0x00000112   Code   RO         3179    i.uarte_irq_handler  nrfx_uarte.o
    0x0002ad22   0x0002ad22   0x00000002   PAD
    0x0002ad24   0x0002ad24   0x000000b4   Code   RO         4691    i.unsigned_print    nrf_fprintf_format.o
    0x0002add8   0x0002add8   0x000000f8   Code   RO         5381    i.write_execute     fds.o
    0x0002aed0   0x0002aed0   0x00000028   Data   RO           18    .constdata          main.o
    0x0002aef8   0x0002aef8   0x00000008   PAD
    0x0002af00   0x0002af00   0x00000018   Data   RO          922    .constdata          tmp117.o
    0x0002af18   0x0002af18   0x00000004   Data   RO         2664    .constdata          nrfx_gpiote.o
    0x0002af1c   0x0002af1c   0x00000004   Data   RO         3000    .constdata          nrfx_uart.o
    0x0002af20   0x0002af20   0x00000004   Data   RO         3182    .constdata          nrfx_uarte.o
    0x0002af24   0x0002af24   0x00000018   Data   RO         3340    .constdata          nrfx_twi.o
    0x0002af3c   0x0002af3c   0x00000004   PAD
    0x0002af40   0x0002af40   0x00000006   Data   RO         3479    .constdata          nrf_drv_twi.o
    0x0002af46   0x0002af46   0x00000002   PAD
    0x0002af48   0x0002af48   0x00000014   Data   RO         3863    .constdata          app_timer2.o
    0x0002af5c   0x0002af5c   0x00000010   Data   RO         4692    .constdata          nrf_fprintf_format.o
    0x0002af6c   0x0002af6c   0x00000010   Data   RO         5143    .constdata          nrf_fstorage_sd.o
    0x0002af7c   0x0002af7c   0x0000005e   Data   RO         5253    .constdata          nrf_fstorage.o
    0x0002afda   0x0002afda   0x00000002   PAD
    0x0002afdc   0x0002afdc   0x00000018   Data   RO         5385    .constdata          fds.o
    0x0002aff4   0x0002aff4   0x0000000c   Data   RO         5660    .constdata          nrf_log_backend_rtt.o
    0x0002b000   0x0002b000   0x00000006   Data   RO         5661    .constdata          nrf_log_backend_rtt.o
    0x0002b006   0x0002b006   0x00000002   PAD
    0x0002b008   0x0002b008   0x00000018   Data   RO         5828    .constdata          nrf_log_frontend.o
    0x0002b020   0x0002b020   0x0000000c   Data   RO         6060    .constdata          nrf_log_backend_uart.o
    0x0002b02c   0x0002b02c   0x00000020   Data   RO         6061    .constdata          nrf_log_backend_uart.o
    0x0002b04c   0x0002b04c   0x00000010   Data   RO         6391    .constdata          nrf_sdh.o
    0x0002b05c   0x0002b05c   0x00000028   Data   RO         6392    .constdata          nrf_sdh.o
    0x0002b084   0x0002b084   0x00000010   Data   RO         6393    .constdata          nrf_sdh.o
    0x0002b094   0x0002b094   0x00000010   Data   RO         6394    .constdata          nrf_sdh.o
    0x0002b0a4   0x0002b0a4   0x00000020   Data   RO         6503    .constdata          nrf_sdh_ble.o
    0x0002b0c4   0x0002b0c4   0x00000010   Data   RO         6504    .constdata          nrf_sdh_ble.o
    0x0002b0d4   0x0002b0d4   0x00000010   Data   RO         6552    .constdata          nrf_sdh_soc.o
    0x0002b0e4   0x0002b0e4   0x0000000c   Data   RO         6553    .constdata          nrf_sdh_soc.o
    0x0002b0f0   0x0002b0f0   0x00000081   Data   RO         6660    .constdata          mc_w.l(ctype_o.o)
    0x0002b171   0x0002b171   0x00000003   PAD
    0x0002b174   0x0002b174   0x00000004   Data   RO         6661    .constdata          mc_w.l(ctype_o.o)
    0x0002b178   0x0002b178   0x0000004f   Data   RO         5254    .conststring        nrf_fstorage.o
    0x0002b1c7   0x0002b1c7   0x00000001   PAD
    0x0002b1c8   0x0002b1c8   0x00000066   Data   RO         6005    .conststring        nrf_log_str_formatter.o
    0x0002b22e   0x0002b22e   0x00000002   PAD
    0x0002b230   0x0002b230   0x00000053   Data   RO         1142    .conststrlit        bsp.o
    0x0002b283   0x0002b283   0x00000001   PAD
    0x0002b284   0x0002b284   0x0000000d   Data   RO         1941    .conststrlit        nrf_ble_gatt.o
    0x0002b291   0x0002b291   0x00000003   PAD
    0x0002b294   0x0002b294   0x00000008   Data   RO         2081    .conststrlit        ble_nus.o
    0x0002b29c   0x0002b29c   0x00000006   Data   RO         2157    .conststrlit        nrf_drv_clock.o
    0x0002b2a2   0x0002b2a2   0x00000002   PAD
    0x0002b2a4   0x0002b2a4   0x00000006   Data   RO         2497    .conststrlit        nrfx_clock.o
    0x0002b2aa   0x0002b2aa   0x00000002   PAD
    0x0002b2ac   0x0002b2ac   0x00000007   Data   RO         2668    .conststrlit        nrfx_gpiote.o
    0x0002b2b3   0x0002b2b3   0x00000001   PAD
    0x0002b2b4   0x0002b2b4   0x00000004   Data   RO         2925    .conststrlit        nrfx_prs.o
    0x0002b2b8   0x0002b2b8   0x00000005   Data   RO         3003    .conststrlit        nrfx_uart.o
    0x0002b2bd   0x0002b2bd   0x00000003   PAD
    0x0002b2c0   0x0002b2c0   0x00000006   Data   RO         3185    .conststrlit        nrfx_uarte.o
    0x0002b2c6   0x0002b2c6   0x00000002   PAD
    0x0002b2c8   0x0002b2c8   0x00000004   Data   RO         3343    .conststrlit        nrfx_twi.o
    0x0002b2cc   0x0002b2cc   0x00000031   Data   RO         3546    .conststrlit        app_button.o
    0x0002b2fd   0x0002b2fd   0x00000003   PAD
    0x0002b300   0x0002b300   0x0000001e   Data   RO         3864    .conststrlit        app_timer2.o
    0x0002b31e   0x0002b31e   0x00000002   PAD
    0x0002b320   0x0002b320   0x00000009   Data   RO         4814    .conststrlit        nrf_pwr_mgmt.o
    0x0002b329   0x0002b329   0x00000003   PAD
    0x0002b32c   0x0002b32c   0x00000009   Data   RO         4980    .conststrlit        nrf_sortlist.o
    0x0002b335   0x0002b335   0x00000003   PAD
    0x0002b338   0x0002b338   0x0000000e   Data   RO         5145    .conststrlit        nrf_fstorage_sd.o
    0x0002b346   0x0002b346   0x00000002   PAD
    0x0002b348   0x0002b348   0x0000000d   Data   RO         5255    .conststrlit        nrf_fstorage.o
    0x0002b355   0x0002b355   0x00000003   PAD
    0x0002b358   0x0002b358   0x0000000f   Data   RO         5386    .conststrlit        fds.o
    0x0002b367   0x0002b367   0x00000001   PAD
    0x0002b368   0x0002b368   0x00000021   Data   RO         5755    .conststrlit        nrf_log_default_backends.o
    0x0002b389   0x0002b389   0x00000003   PAD
    0x0002b38c   0x0002b38c   0x00000024   Data   RO         5829    .conststrlit        nrf_log_frontend.o
    0x0002b3b0   0x0002b3b0   0x00000008   Data   RO         6395    .conststrlit        nrf_sdh.o
    0x0002b3b8   0x0002b3b8   0x0000000c   Data   RO         6506    .conststrlit        nrf_sdh_ble.o
    0x0002b3c4   0x0002b3c4   0x0000000c   Data   RO         6554    .conststrlit        nrf_sdh_soc.o
    0x0002b3d0   0x0002b3d0   0x00000020   Data   RO         6740    Region$$Table       anon$$obj.o
    0x0002b3f0   0x0002b3f0   0x00000020   Data   RO         5758    log_backends        nrf_log_default_backends.o
    0x0002b410   0x0002b410   0x00000018   Data   RO         1147    log_const_data      bsp.o
    0x0002b428   0x0002b428   0x00000008   Data   RO         1942    log_const_data      nrf_ble_gatt.o
    0x0002b430   0x0002b430   0x00000008   Data   RO         2082    log_const_data      ble_nus.o
    0x0002b438   0x0002b438   0x00000008   Data   RO         2158    log_const_data      nrf_drv_clock.o
    0x0002b440   0x0002b440   0x00000008   Data   RO         2499    log_const_data      nrfx_clock.o
    0x0002b448   0x0002b448   0x00000008   Data   RO         2669    log_const_data      nrfx_gpiote.o
    0x0002b450   0x0002b450   0x00000008   Data   RO         2927    log_const_data      nrfx_prs.o
    0x0002b458   0x0002b458   0x00000008   Data   RO         3004    log_const_data      nrfx_uart.o
    0x0002b460   0x0002b460   0x00000008   Data   RO         3186    log_const_data      nrfx_uarte.o
    0x0002b468   0x0002b468   0x00000008   Data   RO         3344    log_const_data      nrfx_twi.o
    0x0002b470   0x0002b470   0x00000010   Data   RO         3549    log_const_data      app_button.o
    0x0002b480   0x0002b480   0x00000010   Data   RO         3868    log_const_data      app_timer2.o
    0x0002b490   0x0002b490   0x00000008   Data   RO         4816    log_const_data      nrf_pwr_mgmt.o
    0x0002b498   0x0002b498   0x00000008   Data   RO         4981    log_const_data      nrf_sortlist.o
    0x0002b4a0   0x0002b4a0   0x00000008   Data   RO         5148    log_const_data      nrf_fstorage_sd.o
    0x0002b4a8   0x0002b4a8   0x00000008   Data   RO         5256    log_const_data      nrf_fstorage.o
    0x0002b4b0   0x0002b4b0   0x00000008   Data   RO         5390    log_const_data      fds.o
    0x0002b4b8   0x0002b4b8   0x00000010   Data   RO         5833    log_const_data      nrf_log_frontend.o
    0x0002b4c8   0x0002b4c8   0x00000008   Data   RO         6397    log_const_data      nrf_sdh.o
    0x0002b4d0   0x0002b4d0   0x00000008   Data   RO         6508    log_const_data      nrf_sdh_ble.o
    0x0002b4d8   0x0002b4d8   0x00000008   Data   RO         6555    log_const_data      nrf_sdh_soc.o
    0x0002b4e0   0x0002b4e0   0x0000001c   Data   RO         5836    nrf_balloc          nrf_log_frontend.o
    0x0002b4fc   0x0002b4fc   0x00000008   Data   RO         1695    sdh_ble_observers0  ble_conn_state.o
    0x0002b504   0x0002b504   0x00000008   Data   RO         1255    sdh_ble_observers1  bsp_btn_ble.o
    0x0002b50c   0x0002b50c   0x00000008   Data   RO         1593    sdh_ble_observers1  ble_conn_params.o
    0x0002b514   0x0002b514   0x00000008   Data   RO         5151    sdh_req_observers0  nrf_fstorage_sd.o
    0x0002b51c   0x0002b51c   0x00000008   Data   RO         2161    sdh_soc_observers0  nrf_drv_clock.o
    0x0002b524   0x0002b524   0x00000008   Data   RO         5152    sdh_soc_observers0  nrf_fstorage_sd.o
    0x0002b52c   0x0002b52c   0x00000008   Data   RO         6511    sdh_stack_observers0  nrf_sdh_ble.o
    0x0002b534   0x0002b534   0x00000008   Data   RO         6558    sdh_stack_observers0  nrf_sdh_soc.o
    0x0002b53c   0x0002b53c   0x00000008   Data   RO         2162    sdh_state_observers0  nrf_drv_clock.o
    0x0002b544   0x0002b544   0x00000008   Data   RO         5153    sdh_state_observers0  nrf_fstorage_sd.o


    Execution Region RW_IRAM1 (Exec base: 0x20005968, Load base: 0x0002b54c, Size: 0x00002e40, Max: 0x0000a698, ABSOLUTE, COMPRESSED[0x00000060])

    Exec Addr    Load Addr    Size         Type   Attr      Idx    E Section Name        Object

    0x20005968   COMPRESSED   0x00000008   Data   RW           19    .data               main.o
    0x20005970   COMPRESSED   0x00000004   Data   RW          923    .data               tmp117.o
    0x20005974   COMPRESSED   0x00000008   Data   RW         1254    .data               bsp_btn_ble.o
    0x2000597c   COMPRESSED   0x00000008   Data   RW         1592    .data               ble_conn_params.o
    0x20005984   COMPRESSED   0x0000000c   Data   RW         2292    .data               nrf_drv_uart.o
    0x20005990   COMPRESSED   0x00000008   Data   RW         2498    .data               nrfx_clock.o
    0x20005998   COMPRESSED   0x00000008   Data   RW         2926    .data               nrfx_prs.o
    0x200059a0   COMPRESSED   0x00000010   Data   RW         3480    .data               nrf_drv_twi.o
    0x200059b0   COMPRESSED   0x00000020   Data   RW         3865    .data               app_timer2.o
    0x200059d0   COMPRESSED   0x00000014   Data   RW         3866    .data               app_timer2.o
    0x200059e4   COMPRESSED   0x00000004   Data   RW         3867    .data               app_timer2.o
    0x200059e8   COMPRESSED   0x0000000c   Data   RW         4153    .data               drv_rtc.o
    0x200059f4   COMPRESSED   0x00000014   Data   RW         5146    .data               nrf_fstorage_sd.o
    0x20005a08   COMPRESSED   0x00000008   Data   RW         5147    .data               nrf_fstorage_sd.o
    0x20005a10   COMPRESSED   0x00000014   Data   RW         5387    .data               fds.o
    0x20005a24   COMPRESSED   0x00000030   Data   RW         5388    .data               fds.o
    0x20005a54   COMPRESSED   0x00000001   Data   RW         5662    .data               nrf_log_backend_rtt.o
    0x20005a55   COMPRESSED   0x00000003   PAD
    0x20005a58   COMPRESSED   0x00000008   Data   RW         5756    .data               nrf_log_default_backends.o
    0x20005a60   COMPRESSED   0x00000008   Data   RW         5757    .data               nrf_log_default_backends.o
    0x20005a68   COMPRESSED   0x00000004   Data   RW         5830    .data               nrf_log_frontend.o
    0x20005a6c   COMPRESSED   0x00000008   Data   RW         5831    .data               nrf_log_frontend.o
    0x20005a74   COMPRESSED   0x00000008   Data   RW         5832    .data               nrf_log_frontend.o
    0x20005a7c   COMPRESSED   0x00000040   Data   RW         6006    .data               nrf_log_str_formatter.o
    0x20005abc   COMPRESSED   0x00000018   Data   RW         6062    .data               nrf_log_backend_uart.o
    0x20005ad4   COMPRESSED   0x00000003   Data   RW         6396    .data               nrf_sdh.o
    0x20005ad7   COMPRESSED   0x00000001   Data   RW         6507    .data               nrf_sdh_ble.o
    0x20005ad8   COMPRESSED   0x00000004   Data   RW         6595    .data               system_nrf52.o
    0x20005adc   COMPRESSED   0x00000014   Data   RW         5389    fs_data             fds.o
    0x20005af0   COMPRESSED   0x0000000c   Data   RW         1148    log_dynamic_data    bsp.o
    0x20005afc   COMPRESSED   0x00000004   Data   RW         1943    log_dynamic_data    nrf_ble_gatt.o
    0x20005b00   COMPRESSED   0x00000004   Data   RW         2083    log_dynamic_data    ble_nus.o
    0x20005b04   COMPRESSED   0x00000004   Data   RW         2159    log_dynamic_data    nrf_drv_clock.o
    0x20005b08   COMPRESSED   0x00000004   Data   RW         2500    log_dynamic_data    nrfx_clock.o
    0x20005b0c   COMPRESSED   0x00000004   Data   RW         2670    log_dynamic_data    nrfx_gpiote.o
    0x20005b10   COMPRESSED   0x00000004   Data   RW         2928    log_dynamic_data    nrfx_prs.o
    0x20005b14   COMPRESSED   0x00000004   Data   RW         3005    log_dynamic_data    nrfx_uart.o
    0x20005b18   COMPRESSED   0x00000004   Data   RW         3187    log_dynamic_data    nrfx_uarte.o
    0x20005b1c   COMPRESSED   0x00000004   Data   RW         3345    log_dynamic_data    nrfx_twi.o
    0x20005b20   COMPRESSED   0x00000008   Data   RW         3550    log_dynamic_data    app_button.o
    0x20005b28   COMPRESSED   0x00000008   Data   RW         3869    log_dynamic_data    app_timer2.o
    0x20005b30   COMPRESSED   0x00000004   Data   RW         4817    log_dynamic_data    nrf_pwr_mgmt.o
    0x20005b34   COMPRESSED   0x00000004   Data   RW         4982    log_dynamic_data    nrf_sortlist.o
    0x20005b38   COMPRESSED   0x00000004   Data   RW         5149    log_dynamic_data    nrf_fstorage_sd.o
    0x20005b3c   COMPRESSED   0x00000004   Data   RW         5257    log_dynamic_data    nrf_fstorage.o
    0x20005b40   COMPRESSED   0x00000004   Data   RW         5391    log_dynamic_data    fds.o
    0x20005b44   COMPRESSED   0x00000008   Data   RW         5834    log_dynamic_data    nrf_log_frontend.o
    0x20005b4c   COMPRESSED   0x00000004   Data   RW         6398    log_dynamic_data    nrf_sdh.o
    0x20005b50   COMPRESSED   0x00000004   Data   RW         6509    log_dynamic_data    nrf_sdh_ble.o
    0x20005b54   COMPRESSED   0x00000004   Data   RW         6556    log_dynamic_data    nrf_sdh_soc.o
    0x20005b58   COMPRESSED   0x0000000c   Data   RW         1149    log_filter_data     bsp.o
    0x20005b64   COMPRESSED   0x00000004   Data   RW         1944    log_filter_data     nrf_ble_gatt.o
    0x20005b68   COMPRESSED   0x00000004   Data   RW         2084    log_filter_data     ble_nus.o
    0x20005b6c   COMPRESSED   0x00000004   Data   RW         2160    log_filter_data     nrf_drv_clock.o
    0x20005b70   COMPRESSED   0x00000004   Data   RW         2501    log_filter_data     nrfx_clock.o
    0x20005b74   COMPRESSED   0x00000004   Data   RW         2671    log_filter_data     nrfx_gpiote.o
    0x20005b78   COMPRESSED   0x00000004   Data   RW         2929    log_filter_data     nrfx_prs.o
    0x20005b7c   COMPRESSED   0x00000004   Data   RW         3006    log_filter_data     nrfx_uart.o
    0x20005b80   COMPRESSED   0x00000004   Data   RW         3188    log_filter_data     nrfx_uarte.o
    0x20005b84   COMPRESSED   0x00000004   Data   RW         3346    log_filter_data     nrfx_twi.o
    0x20005b88   COMPRESSED   0x00000008   Data   RW         3551    log_filter_data     app_button.o
    0x20005b90   COMPRESSED   0x00000008   Data   RW         3870    log_filter_data     app_timer2.o
    0x20005b98   COMPRESSED   0x00000004   Data   RW         4818    log_filter_data     nrf_pwr_mgmt.o
    0x20005b9c   COMPRESSED   0x00000004   Data   RW         4983    log_filter_data     nrf_sortlist.o
    0x20005ba0   COMPRESSED   0x00000004   Data   RW         5150    log_filter_data     nrf_fstorage_sd.o
    0x20005ba4   COMPRESSED   0x00000004   Data   RW         5258    log_filter_data     nrf_fstorage.o
    0x20005ba8   COMPRESSED   0x00000004   Data   RW         5392    log_filter_data     fds.o
    0x20005bac   COMPRESSED   0x00000008   Data   RW         5835    log_filter_data     nrf_log_frontend.o
    0x20005bb4   COMPRESSED   0x00000004   Data   RW         6399    log_filter_data     nrf_sdh.o
    0x20005bb8   COMPRESSED   0x00000004   Data   RW         6510    log_filter_data     nrf_sdh_ble.o
    0x20005bbc   COMPRESSED   0x00000004   Data   RW         6557    log_filter_data     nrf_sdh_soc.o
    0x20005bc0        -       0x0000000c   Zero   RW         1140    .bss                bsp.o
    0x20005bcc   COMPRESSED   0x00000004   PAD
    0x20005bd0        -       0x00000050   Zero   RW         1591    .bss                ble_conn_params.o
    0x20005c20        -       0x0000007c   Zero   RW         1694    .bss                ble_conn_state.o
    0x20005c9c        -       0x00000014   Zero   RW         2152    .bss                nrf_drv_clock.o
    0x20005cb0        -       0x0000005c   Zero   RW         2663    .bss                nrfx_gpiote.o
    0x20005d0c        -       0x0000002c   Zero   RW         2998    .bss                nrfx_uart.o
    0x20005d38        -       0x00000024   Zero   RW         3180    .bss                nrfx_uarte.o
    0x20005d5c        -       0x0000003c   Zero   RW         3338    .bss                nrfx_twi.o
    0x20005d98        -       0x0000000c   Zero   RW         4067    .bss                app_util_platform.o
    0x20005da4        -       0x000000a0   Zero   RW         5142    .bss                nrf_fstorage_sd.o
    0x20005e44        -       0x000000e0   Zero   RW         5384    .bss                fds.o
    0x20005f24        -       0x00000040   Zero   RW         5659    .bss                nrf_log_backend_rtt.o
    0x20005f64        -       0x000000c0   Zero   RW         5824    .bss                nrf_log_frontend.o
    0x20006024        -       0x00000080   Zero   RW         5825    .bss                nrf_log_frontend.o
    0x200060a4        -       0x00000018   Zero   RW         5826    .bss                nrf_log_frontend.o
    0x200060bc        -       0x00000420   Zero   RW         5827    .bss                nrf_log_frontend.o
    0x200064dc        -       0x00000040   Zero   RW         6059    .bss                nrf_log_backend_uart.o
    0x2000651c        -       0x00000288   Zero   RW         6149    .bss                segger_rtt.o
    0x200067a4   COMPRESSED   0x00000004   PAD
    0x200067a8        -       0x00002000   Zero   RW         6581    STACK               arm_startup_nrf52.o


==============================================================================

Image component sizes


      Code (inc. data)   RO Data    RW Data    ZI Data      Debug   Object Name

         0          0         65         16          0       2436   app_button.o
        22          0          0          0          0       2465   app_error.o
       148         50          0          0          0      34005   app_error_weak.o
         0          0          0          0          0      37130   app_scheduler.o
       284         16         66         72          0      10523   app_timer2.o
         0          0          0          0          0       5904   app_uart_fifo.o
       124         14          0          0         12      10490   app_util_platform.o
        36          8        512          0       8192        916   arm_startup_nrf52.o
         0          0          0          0          0       7492   ble_advdata.o
         0          0          0          0          0       1664   ble_advertising.o
       428         24          8          8         80      10536   ble_conn_params.o
       352          6          8          0        124       6233   ble_conn_state.o
         0          0          0          0          0       1152   ble_link_ctx_manager.o
         0          0         16          8          0       3903   ble_nus.o
         8          0          0          0          0       1426   ble_srv_common.o
        68          4        107         24         12      11131   bsp.o
       166          6          8          8          0       8428   bsp_btn_ble.o
        54          4          0         12          0      36344   drv_rtc.o
      2040        204         47         96        224      29693   fds.o
         0          0          0          0          0      47720   flash_user.o
       734        226         40          8          0      83285   main.o
         0          0          0          0          0      17980   max30102_1.o
       288          0          0          0          0       4969   nrf_atfifo.o
        64          0          0          0          0       2956   nrf_atflags.o
       306          0          0          0          0       7911   nrf_atomic.o
       164          0          0          0          0       3584   nrf_balloc.o
         0          0         21          8          0      31590   nrf_ble_gatt.o
       312         36         30          8         20      45175   nrf_drv_clock.o
       328         16          6         16          0      14615   nrf_drv_twi.o
       200         26          0         12          0      17708   nrf_drv_uart.o
        50          0          0          0          0       3465   nrf_fprintf.o
       866          4         16          0          0       6490   nrf_fprintf_format.o
       884        364        194          8          0       9981   nrf_fstorage.o
       484         42         62         36        160       9682   nrf_fstorage_sd.o
       112         18         18          1         64       5517   nrf_log_backend_rtt.o
       200          0          0          0          0      10869   nrf_log_backend_serial.o
       232         42         44         24         64       9858   nrf_log_backend_uart.o
        52          6         65         16          0       3417   nrf_log_default_backends.o
      1826        170        104         36       1400      33315   nrf_log_frontend.o
       570        108        102         64          0       5584   nrf_log_str_formatter.o
       346          0          0          0          0       9455   nrf_memobj.o
         0          0         17          8          0       3833   nrf_pwr_mgmt.o
        28          0          0          0          0       2323   nrf_ringbuf.o
       560         60        104         11          0      45175   nrf_sdh.o
        96          8         76          9          0       3449   nrf_sdh_ble.o
        60          4         56          8          0       2627   nrf_sdh_soc.o
        78          0          0          0          0       2736   nrf_section_iter.o
         0          0         17          8          0       1214   nrf_sortlist.o
       242         32         14         16          0      46999   nrfx_clock.o
       506         38         19          8         92      21418   nrfx_gpiote.o
       112         16         12         16          0       4575   nrfx_prs.o
      1604         46         36          8         60      28277   nrfx_twi.o
      1310         42         17          8         44      30410   nrfx_uart.o
      1312         42         18          8         36      25870   nrfx_uarte.o
       378         34          0          0        648       8881   segger_rtt.o
       752         78          0          4          0      32041   system_nrf52.o
       518        118         24          4          0      22104   tmp117.o

    ----------------------------------------------------------------------
     19346       1912       2036        600      11240     888929   Object Totals
         0          0         32          0          0          0   (incl. Generated)
        42          0         55          3          8          0   (incl. Padding)

    ----------------------------------------------------------------------

      Code (inc. data)   RO Data    RW Data    ZI Data      Debug   Library Member Name

        86          0          0          0          0          0   __dczerorl2.o
         8          4        133          0          0         68   ctype_o.o
         0          0          0          0          0          0   entry.o
         0          0          0          0          0          0   entry10a.o
         0          0          0          0          0          0   entry11a.o
         8          4          0          0          0          0   entry2.o
         4          0          0          0          0          0   entry5.o
         0          0          0          0          0          0   entry7b.o
         0          0          0          0          0          0   entry8b.o
         8          4          0          0          0          0   entry9a.o
        30          0          0          0          0          0   handlers.o
        36          8          0          0          0         68   init.o
        36          0          0          0          0         68   memcpya.o
        36          0          0          0          0        108   memseta.o
        18          0          0          0          0         68   strcpy.o
        14          0          0          0          0         68   strlen.o
        30          0          0          0          0         80   strncmp.o

    ----------------------------------------------------------------------
       318         20        136          0          0        528   Library Totals
         4          0          3          0          0          0   (incl. Padding)

    ----------------------------------------------------------------------

      Code (inc. data)   RO Data    RW Data    ZI Data      Debug   Library Name

       314         20        133          0          0        528   mc_w.l

    ----------------------------------------------------------------------
       318         20        136          0          0        528   Library Totals

    ----------------------------------------------------------------------

==============================================================================


      Code (inc. data)   RO Data    RW Data    ZI Data      Debug   

     19664       1932       2172        600      11240     864585   Grand Totals
     19664       1932       2172         96      11240     864585   ELF Image Totals (compressed)
     19664       1932       2172         96          0          0   ROM Totals

==============================================================================

    Total RO  Size (Code + RO Data)                21836 (  21.32kB)
    Total RW  Size (RW Data + ZI Data)             11840 (  11.56kB)
    Total ROM Size (Code + RO Data + RW Data)      21932 (  21.42kB)

==============================================================================

