Component: ARM Compiler 5.06 update 6 (build 750) Tool: armlink [4d35ed]

==============================================================================

Section Cross References

    main.o(i.backlight_pwm_init) refers to memcpya.o(.text) for __aeabi_memcpy4
    main.o(i.backlight_pwm_init) refers to app_pwm.o(i.app_pwm_init) for app_pwm_init
    main.o(i.backlight_pwm_init) refers to app_error.o(i.app_error_handler_bare) for app_error_handler_bare
    main.o(i.backlight_pwm_init) refers to app_pwm.o(i.app_pwm_enable) for app_pwm_enable
    main.o(i.backlight_pwm_init) refers to main.o(.constdata) for .constdata
    main.o(i.backlight_pwm_init) refers to main.o(i.pwm_ready_callback) for pwm_ready_callback
    main.o(i.backlight_set) refers to app_pwm.o(i.app_pwm_channel_duty_set) for app_pwm_channel_duty_set
    main.o(i.backlight_set) refers to main.o(.data) for .data
    main.o(i.backlight_set) refers to main.o(.constdata) for .constdata
    main.o(i.health_measure) refers to max30102_1.o(i.max30102_turnon) for max30102_turnon
    main.o(i.health_measure) refers to tmp117.o(i.tmp117_continuous_mode) for tmp117_continuous_mode
    main.o(i.health_measure) refers to tmp117.o(i.tmp117_get_temp) for tmp117_get_temp
    main.o(i.health_measure) refers to max30102_1.o(i.max30102_turnoff) for max30102_turnoff
    main.o(i.health_measure) refers to tmp117.o(i.tmp117_shutdown_mode) for tmp117_shutdown_mode
    main.o(i.log_init) refers to nrf_log_frontend.o(i.nrf_log_init) for nrf_log_init
    main.o(i.log_init) refers to app_error.o(i.app_error_handler_bare) for app_error_handler_bare
    main.o(i.log_init) refers to nrf_log_default_backends.o(i.nrf_log_default_backends_init) for nrf_log_default_backends_init
    main.o(i.log_timer_init) refers to app_timer2.o(i.app_timer_create) for app_timer_create
    main.o(i.log_timer_init) refers to app_error.o(i.app_error_handler_bare) for app_error_handler_bare
    main.o(i.log_timer_init) refers to app_timer2.o(i.app_timer_start) for app_timer_start
    main.o(i.log_timer_init) refers to main.o(i.log_timer_handler) for log_timer_handler
    main.o(i.log_timer_init) refers to main.o(.constdata) for .constdata
    main.o(i.main) refers to nrf_log_frontend.o(i.nrf_log_init) for nrf_log_init
    main.o(i.main) refers to app_error.o(i.app_error_handler_bare) for app_error_handler_bare
    main.o(i.main) refers to nrf_log_default_backends.o(i.nrf_log_default_backends_init) for nrf_log_default_backends_init
    main.o(i.main) refers to nrf_log_frontend.o(i.nrf_log_frontend_std_0) for nrf_log_frontend_std_0
    main.o(i.main) refers to nrf_log_frontend.o(i.nrf_log_frontend_dequeue) for nrf_log_frontend_dequeue
    main.o(i.main) refers to main.o(i.twi_init) for twi_init
    main.o(i.main) refers to gc9a01.o(i.spi_config) for spi_config
    main.o(i.main) refers to main.o(i.twi_scan) for twi_scan
    main.o(i.main) refers to gc9a01.o(i.GC9A01_Init) for GC9A01_Init
    main.o(i.main) refers to gc9a01.o(i.GC9A01_Clear) for GC9A01_Clear
    main.o(i.main) refers to main.o(i.backlight_pwm_init) for backlight_pwm_init
    main.o(i.main) refers to main.o(i.backlight_set) for backlight_set
    main.o(i.main) refers to gc9a01.o(i.params_display) for params_display
    main.o(i.main) refers to max30102_1.o(i.max30102_init) for max30102_init
    main.o(i.main) refers to tmp117.o(i.tmp117_Init) for tmp117_Init
    main.o(i.main) refers to max30102_1.o(i.timer2_init) for timer2_init
    main.o(i.main) refers to max30102_1.o(i.max30102_read_fifo) for max30102_read_fifo
    main.o(i.main) refers to filter.o(i.bu_filter_1st_5Hz) for bu_filter_1st_5Hz
    main.o(i.main) refers to max30102_1.o(i.ring_buffer_push) for ring_buffer_push
    main.o(i.main) refers to max30102_1.o(i.peak_time_push) for peak_time_push
    main.o(i.main) refers to max30102_1.o(i.timer2_now) for timer2_now
    main.o(i.main) refers to gc9a01.o(i.params_probe) for params_probe
    main.o(i.main) refers to max30102_1.o(i.hr_count) for hr_count
    main.o(i.main) refers to max30102_1.o(i.spo2_count) for spo2_count
    main.o(i.main) refers to tmp117.o(i.tmp117_get_temp) for tmp117_get_temp
    main.o(i.main) refers to main.o(i.nrf_delay_ms) for nrf_delay_ms
    main.o(i.main) refers to nrf_log_frontend.o(log_dynamic_data) for m_nrf_log_app_logs_data_dynamic
    main.o(i.main) refers to nrf_log_frontend.o(log_const_data) for m_nrf_log_app_logs_data_const
    main.o(i.main) refers to main.o(.constdata) for .constdata
    main.o(i.nrf_delay_ms) refers to main.o(.constdata) for .constdata
    main.o(i.nrf_drv_twi_tx) refers to nrfx_twi.o(i.nrfx_twi_tx) for nrfx_twi_tx
    main.o(i.pwm_ready_callback) refers to main.o(.data) for .data
    main.o(i.test_addr) refers to main.o(i.nrf_drv_twi_tx) for nrf_drv_twi_tx
    main.o(i.test_addr) refers to nrf_log_frontend.o(i.nrf_log_frontend_std_2) for nrf_log_frontend_std_2
    main.o(i.test_addr) refers to nrf_log_frontend.o(i.nrf_log_frontend_dequeue) for nrf_log_frontend_dequeue
[...]
    tmp117_set_HighLimit                     0x0002ccab   Thumb Code    10  tmp117.o(i.tmp117_set_HighLimit)
    tmp117_set_LowLimit                      0x0002ccb5   Thumb Code    10  tmp117.o(i.tmp117_set_LowLimit)
    tmp117_set_Temp_Offset                   0x0002ccbf   Thumb Code    10  tmp117.o(i.tmp117_set_Temp_Offset)
    tmp117_write_register                    0x0002ccc9   Thumb Code    50  tmp117.o(i.tmp117_write_register)
    twi_handler                              0x0002cdf1   Thumb Code    14  main.o(i.twi_handler)
    twi_init                                 0x0002ce05   Thumb Code    76  main.o(i.twi_init)
    twi_scan                                 0x0002d011   Thumb Code   158  main.o(i.twi_scan)
    m_pwm_PWM1_timer                         0x0002d8d4   Data           8  main.o(.constdata)
    PWM1                                     0x0002d8f8   Data           8  main.o(.constdata)
    TIMER2                                   0x0002d968   Data           8  max30102_1.o(.constdata)
    m_twi                                    0x0002d978   Data          16  max30102_1.o(.constdata)
    Spo2_pic                                 0x0002d9b6   Data        3600  gc9a01.o(.constdata)
    HR_pic                                   0x0002e7c6   Data        1800  gc9a01.o(.constdata)
    Temp_pic                                 0x0002eece   Data        3500  gc9a01.o(.constdata)
    number                                   0x0002fc7a   Data        7200  gc9a01.o(.constdata)
    bpm                                      0x0003189a   Data        1720  gc9a01.o(.constdata)
    percent                                  0x00031f52   Data         800  gc9a01.o(.constdata)
    degree                                   0x00032272   Data         800  gc9a01.o(.constdata)
    spi                                      0x00032594   Data          16  gc9a01.o(.constdata)
    nrf_log_backend_rtt_api                  0x000326b4   Data          12  nrf_log_backend_rtt.o(.constdata)
    nrf_log_backend_uart_api                 0x000326e0   Data          12  nrf_log_backend_uart.o(.constdata)
    m_ram_start                              0x00032784   Data           4  nrf_sdh_ble.o(.constdata)
    __ctype_table                            0x000327b0   Data         129  ctype_o.o(.constdata)
    Region$$Table$$Base                      0x00032ac0   Number         0  anon$$obj.o(Region$$Table)
    Region$$Table$$Limit                     0x00032ae0   Number         0  anon$$obj.o(Region$$Table)
    log_const_data$$Base                     0x00032b00   Number         0  main.o(log_const_data)
    m_nrf_log_app_timer_m_log_timer_id_logs_data_const 0x00032b00   Data           8  main.o(log_const_data)
    m_nrf_log_app_timer_m_bsp_leds_tmr_logs_data_const 0x00032b08   Data           8  bsp.o(log_const_data)
    m_nrf_log_app_timer_m_bsp_alert_tmr_logs_data_const 0x00032b10   Data           8  bsp.o(log_const_data)
    m_nrf_log_app_timer_m_bsp_button_tmr_logs_data_const 0x00032b18   Data           8  bsp.o(log_const_data)
    m_nrf_log_nrf_ble_gatt_logs_data_const   0x00032b20   Data           8  nrf_ble_gatt.o(log_const_data)
    m_nrf_log_ble_nus_logs_data_const        0x00032b28   Data           8  ble_nus.o(log_const_data)
    m_nrf_log_clock_logs_data_const          0x00032b30   Data           8  nrf_drv_clock.o(log_const_data)
    m_nrf_log_CLOCK_logs_data_const          0x00032b38   Data           8  nrfx_clock.o(log_const_data)
    m_nrf_log_GPIOTE_logs_data_const         0x00032b40   Data           8  nrfx_gpiote.o(log_const_data)
    m_nrf_log_PRS_logs_data_const            0x00032b48   Data           8  nrfx_prs.o(log_const_data)
    m_nrf_log_UART_logs_data_const           0x00032b50   Data           8  nrfx_uart.o(log_const_data)
    m_nrf_log_UARTE_logs_data_const          0x00032b58   Data           8  nrfx_uarte.o(log_const_data)
    m_nrf_log_TWI_logs_data_const            0x00032b60   Data           8  nrfx_twi.o(log_const_data)
    m_nrf_log_PPI_logs_data_const            0x00032b68   Data           8  nrfx_ppi.o(log_const_data)
    m_nrf_log_SPIM_logs_data_const           0x00032b70   Data           8  nrfx_spim.o(log_const_data)
    m_nrf_log_TIMER_logs_data_const          0x00032b78   Data           8  nrfx_timer.o(log_const_data)
    m_nrf_log_app_button_logs_data_const     0x00032b80   Data           8  app_button.o(log_const_data)
    m_nrf_log_app_timer_m_detection_delay_timer_id_logs_data_const 0x00032b88   Data           8  app_button.o(log_const_data)
    m_nrf_log_app_timer_logs_data_const      0x00032b90   Data           8  app_timer2.o(log_const_data)
    m_nrf_log_atfifo_m_req_fifo_logs_data_const 0x00032b98   Data           8  app_timer2.o(log_const_data)
    m_nrf_log_pwr_mgmt_logs_data_const       0x00032ba0   Data           8  nrf_pwr_mgmt.o(log_const_data)
    m_nrf_log_sortlist_logs_data_const       0x00032ba8   Data           8  nrf_sortlist.o(log_const_data)
    m_nrf_log_atfifo_m_fifo_logs_data_const  0x00032bb0   Data           8  nrf_fstorage_sd.o(log_const_data)
    m_nrf_log_nrf_fstorage_logs_data_const   0x00032bb8   Data           8  nrf_fstorage.o(log_const_data)
    m_nrf_log_atfifo_m_queue_logs_data_const 0x00032bc0   Data           8  fds.o(log_const_data)
    m_nrf_log_balloc_log_mempool_logs_data_const 0x00032bc8   Data           8  nrf_log_frontend.o(log_const_data)
    m_nrf_log_app_logs_data_const            0x00032bd0   Data           8  nrf_log_frontend.o(log_const_data)
    m_nrf_log_nrf_sdh_logs_data_const        0x00032bd8   Data           8  nrf_sdh.o(log_const_data)
    m_nrf_log_nrf_sdh_ble_logs_data_const    0x00032be0   Data           8  nrf_sdh_ble.o(log_const_data)
    m_nrf_log_nrf_sdh_soc_logs_data_const    0x00032be8   Data           8  nrf_sdh_soc.o(log_const_data)
    log_const_data$$Limit                    0x00032bf0   Number         0  nrf_sdh_soc.o(log_const_data)
    log_mempool                              0x00032bf0   Data          28  nrf_log_frontend.o(nrf_balloc)
    sdh_ble_observers0$$Base                 0x00032c0c   Number         0  ble_conn_state.o(sdh_ble_observers0)
    sdh_ble_observers0$$Limit                0x00032c14   Number         0  ble_conn_state.o(sdh_ble_observers0)
    sdh_ble_observers1$$Base                 0x00032c14   Number         0  bsp_btn_ble.o(sdh_ble_observers1)
    m_req_obs                                0x00032c24   Data           8  nrf_fstorage_sd.o(sdh_req_observers0)
    sdh_ble_observers1$$Limit                0x00032c24   Number         0  ble_conn_params.o(sdh_ble_observers1)
    sdh_req_observers0$$Base                 0x00032c24   Number         0  nrf_fstorage_sd.o(sdh_req_observers0)
    sdh_req_observers0$$Limit                0x00032c2c   Number         0  nrf_fstorage_sd.o(sdh_req_observers0)
    sdh_soc_observers0$$Base                 0x00032c2c   Number         0  nrf_drv_clock.o(sdh_soc_observers0)
    sdh_soc_observers0$$Limit                0x00032c3c   Number         0  nrf_fstorage_sd.o(sdh_soc_observers0)
    sdh_stack_observers0$$Base               0x00032c3c   Number         0  nrf_sdh_ble.o(sdh_stack_observers0)
    sdh_stack_observers0$$Limit              0x00032c4c   Number         0  nrf_sdh_soc.o(sdh_stack_observers0)
    sdh_state_observers0$$Base               0x00032c4c   Number         0  nrf_drv_clock.o(sdh_state_observers0)
    sdh_state_observers0$$Limit              0x00032c5c   Number         0  nrf_fstorage_sd.o(sdh_state_observers0)
    Image$$RW_IRAM1$$Base                    0x20005968   Number         0  anon$$obj.o ABSOLUTE
    m_xfer_done                              0x20005968   Data           1  main.o(.data)
    cnt                                      0x20005990   Data           1  max30102_1.o(.data)
    HR                                       0x20005991   Data           1  max30102_1.o(.data)
    SPO2                                     0x20005992   Data           1  max30102_1.o(.data)
    unreadSampleCount                        0x20005993   Data           1  max30102_1.o(.data)
    validSPO2                                0x20005995   Data           1  max30102_1.o(.data)
    validHeartRate                           0x20005996   Data           1  max30102_1.o(.data)
    redAC                                    0x20005998   Data           2  max30102_1.o(.data)
    iRedAC                                   0x2000599a   Data           2  max30102_1.o(.data)
    eachSampleDiff                           0x2000599c   Data           2  max30102_1.o(.data)
    bufferLength                             0x200059a0   Data           4  max30102_1.o(.data)
    sum                                      0x200059a4   Data           4  max30102_1.o(.data)
    read_count                               0x200059a8   Data           4  max30102_1.o(.data)
    redDC                                    0x200059ac   Data           4  max30102_1.o(.data)
    iRedDC                                   0x200059b0   Data           4  max30102_1.o(.data)
    spo2                                     0x200059bc   Data           4  max30102_1.o(.data)
    heartRate                                0x200059c0   Data           4  max30102_1.o(.data)
    tmp117_addr                              0x200059c4   Data           1  tmp117.o(.data)
    spi_xfer_done                            0x200059c8   Data           1  gc9a01.o(.data)
    nrf_drv_uart_use_easy_dma                0x200059dc   Data           1  nrf_drv_uart.o(.data)
    m_uart                                   0x20005b30   Data          20  nrf_log_backend_uart.o(.data)
    SystemCoreClock                          0x20005b48   Data           4  system_nrf52.o(.data)
    fs_data$$Base                            0x20005b4c   Number         0  fds.o(fs_data)
    m_fs                                     0x20005b4c   Data          20  fds.o(fs_data)
    fs_data$$Limit                           0x20005b60   Number         0  fds.o(fs_data)
    log_dynamic_data$$Base                   0x20005b60   Number         0  main.o(log_dynamic_data)
    m_nrf_log_app_timer_m_log_timer_id_logs_data_dynamic 0x20005b60   Data           4  main.o(log_dynamic_data)
    m_nrf_log_app_timer_m_bsp_leds_tmr_logs_data_dynamic 0x20005b64   Data           4  bsp.o(log_dynamic_data)
    m_nrf_log_app_timer_m_bsp_alert_tmr_logs_data_dynamic 0x20005b68   Data           4  bsp.o(log_dynamic_data)
    m_nrf_log_app_timer_m_bsp_button_tmr_logs_data_dynamic 0x20005b6c   Data           4  bsp.o(log_dynamic_data)
    m_nrf_log_nrf_ble_gatt_logs_data_dynamic 0x20005b70   Data           4  nrf_ble_gatt.o(log_dynamic_data)
    m_nrf_log_ble_nus_logs_data_dynamic      0x20005b74   Data           4  ble_nus.o(log_dynamic_data)
    m_nrf_log_clock_logs_data_dynamic        0x20005b78   Data           4  nrf_drv_clock.o(log_dynamic_data)
    m_nrf_log_CLOCK_logs_data_dynamic        0x20005b7c   Data           4  nrfx_clock.o(log_dynamic_data)
    m_nrf_log_GPIOTE_logs_data_dynamic       0x20005b80   Data           4  nrfx_gpiote.o(log_dynamic_data)
    m_nrf_log_PRS_logs_data_dynamic          0x20005b84   Data           4  nrfx_prs.o(log_dynamic_data)
    m_nrf_log_UART_logs_data_dynamic         0x20005b88   Data           4  nrfx_uart.o(log_dynamic_data)
    m_nrf_log_UARTE_logs_data_dynamic        0x20005b8c   Data           4  nrfx_uarte.o(log_dynamic_data)
    m_nrf_log_TWI_logs_data_dynamic          0x20005b90   Data           4  nrfx_twi.o(log_dynamic_data)
    m_nrf_log_PPI_logs_data_dynamic          0x20005b94   Data           4  nrfx_ppi.o(log_dynamic_data)
    m_nrf_log_SPIM_logs_data_dynamic         0x20005b98   Data           4  nrfx_spim.o(log_dynamic_data)
    m_nrf_log_TIMER_logs_data_dynamic        0x20005b9c   Data           4  nrfx_timer.o(log_dynamic_data)
    m_nrf_log_app_button_logs_data_dynamic   0x20005ba0   Data           4  app_button.o(log_dynamic_data)
    m_nrf_log_app_timer_m_detection_delay_timer_id_logs_data_dynamic 0x20005ba4   Data           4  app_button.o(log_dynamic_data)
    m_nrf_log_app_timer_logs_data_dynamic    0x20005ba8   Data           4  app_timer2.o(log_dynamic_data)
    m_nrf_log_atfifo_m_req_fifo_logs_data_dynamic 0x20005bac   Data           4  app_timer2.o(log_dynamic_data)
    m_nrf_log_pwr_mgmt_logs_data_dynamic     0x20005bb0   Data           4  nrf_pwr_mgmt.o(log_dynamic_data)
    m_nrf_log_sortlist_logs_data_dynamic     0x20005bb4   Data           4  nrf_sortlist.o(log_dynamic_data)
    m_nrf_log_atfifo_m_fifo_logs_data_dynamic 0x20005bb8   Data           4  nrf_fstorage_sd.o(log_dynamic_data)
    m_nrf_log_nrf_fstorage_logs_data_dynamic 0x20005bbc   Data           4  nrf_fstorage.o(log_dynamic_data)
    m_nrf_log_atfifo_m_queue_logs_data_dynamic 0x20005bc0   Data           4  fds.o(log_dynamic_data)
    m_nrf_log_balloc_log_mempool_logs_data_dynamic 0x20005bc4   Data           4  nrf_log_frontend.o(log_dynamic_data)
    m_nrf_log_app_logs_data_dynamic          0x20005bc8   Data           4  nrf_log_frontend.o(log_dynamic_data)
    m_nrf_log_nrf_sdh_logs_data_dynamic      0x20005bcc   Data           4  nrf_sdh.o(log_dynamic_data)
    m_nrf_log_nrf_sdh_ble_logs_data_dynamic  0x20005bd0   Data           4  nrf_sdh_ble.o(log_dynamic_data)
    m_nrf_log_nrf_sdh_soc_logs_data_dynamic  0x20005bd4   Data           4  nrf_sdh_soc.o(log_dynamic_data)
    log_filter_data$$Base                    0x20005bd8   Number         0  main.o(log_filter_data)
    m_nrf_log_app_timer_m_log_timer_id_logs_data_filter 0x20005bd8   Data           4  main.o(log_filter_data)
    m_nrf_log_app_timer_m_bsp_leds_tmr_logs_data_filter 0x20005bdc   Data           4  bsp.o(log_filter_data)
    m_nrf_log_app_timer_m_bsp_alert_tmr_logs_data_filter 0x20005be0   Data           4  bsp.o(log_filter_data)
    m_nrf_log_app_timer_m_bsp_button_tmr_logs_data_filter 0x20005be4   Data           4  bsp.o(log_filter_data)
    m_nrf_log_nrf_ble_gatt_logs_data_filter  0x20005be8   Data           4  nrf_ble_gatt.o(log_filter_data)
    m_nrf_log_ble_nus_logs_data_filter       0x20005bec   Data           4  ble_nus.o(log_filter_data)
    m_nrf_log_clock_logs_data_filter         0x20005bf0   Data           4  nrf_drv_clock.o(log_filter_data)
    m_nrf_log_CLOCK_logs_data_filter         0x20005bf4   Data           4  nrfx_clock.o(log_filter_data)
    m_nrf_log_GPIOTE_logs_data_filter        0x20005bf8   Data           4  nrfx_gpiote.o(log_filter_data)
    m_nrf_log_PRS_logs_data_filter           0x20005bfc   Data           4  nrfx_prs.o(log_filter_data)
    m_nrf_log_UART_logs_data_filter          0x20005c00   Data           4  nrfx_uart.o(log_filter_data)
    m_nrf_log_UARTE_logs_data_filter         0x20005c04   Data           4  nrfx_uarte.o(log_filter_data)
    m_nrf_log_TWI_logs_data_filter           0x20005c08   Data           4  nrfx_twi.o(log_filter_data)
    m_nrf_log_PPI_logs_data_filter           0x20005c0c   Data           4  nrfx_ppi.o(log_filter_data)
    m_nrf_log_SPIM_logs_data_filter          0x20005c10   Data           4  nrfx_spim.o(log_filter_data)
    m_nrf_log_TIMER_logs_data_filter         0x20005c14   Data           4  nrfx_timer.o(log_filter_data)
    m_nrf_log_app_button_logs_data_filter    0x20005c18   Data           4  app_button.o(log_filter_data)
    m_nrf_log_app_timer_m_detection_delay_timer_id_logs_data_filter 0x20005c1c   Data           4  app_button.o(log_filter_data)
    m_nrf_log_app_timer_logs_data_filter     0x20005c20   Data           4  app_timer2.o(log_filter_data)
    m_nrf_log_atfifo_m_req_fifo_logs_data_filter 0x20005c24   Data           4  app_timer2.o(log_filter_data)
    m_nrf_log_pwr_mgmt_logs_data_filter      0x20005c28   Data           4  nrf_pwr_mgmt.o(log_filter_data)
    m_nrf_log_sortlist_logs_data_filter      0x20005c2c   Data           4  nrf_sortlist.o(log_filter_data)
    m_nrf_log_atfifo_m_fifo_logs_data_filter 0x20005c30   Data           4  nrf_fstorage_sd.o(log_filter_data)
    m_nrf_log_nrf_fstorage_logs_data_filter  0x20005c34   Data           4  nrf_fstorage.o(log_filter_data)
    m_nrf_log_atfifo_m_queue_logs_data_filter 0x20005c38   Data           4  fds.o(log_filter_data)
    m_nrf_log_balloc_log_mempool_logs_data_filter 0x20005c3c   Data           4  nrf_log_frontend.o(log_filter_data)
    m_nrf_log_app_logs_data_filter           0x20005c40   Data           4  nrf_log_frontend.o(log_filter_data)
    m_nrf_log_nrf_sdh_logs_data_filter       0x20005c44   Data           4  nrf_sdh.o(log_filter_data)
    m_nrf_log_nrf_sdh_ble_logs_data_filter   0x20005c48   Data           4  nrf_sdh_ble.o(log_filter_data)
    m_nrf_log_nrf_sdh_soc_logs_data_filter   0x20005c4c   Data           4  nrf_sdh_soc.o(log_filter_data)
    log_filter_data$$Limit                   0x20005c50   Number         0  nrf_sdh_soc.o(log_filter_data)
    m_pwm_PWM1_cb                            0x20005c50   Data          36  main.o(.bss)
    nrf_nvic_state                           0x20005ea8   Data          12  app_util_platform.o(.bss)
    m_pwm_ready_counter                      0x20005ec8   Data          10  app_pwm.o(.bss)
    _SEGGER_RTT                              0x20006660   Data         120  segger_rtt.o(.bss)
    __initial_sp                             0x200088e8   Data           0  arm_startup_nrf52.o(STACK)



==============================================================================

Memory Map of the image

  Image Entry point : 0x00026201

  Load Region LR_IROM1 (Base: 0x00026000, Size: 0x0000cf44, Max: 0x0005a000, ABSOLUTE, COMPRESSED[0x0000ccc8])

    Execution Region ER_IROM1 (Exec base: 0x00026000, Load base: 0x00026000, Size: 0x0000cc5c, Max: 0x0005a000, ABSOLUTE)

    Exec Addr    Load Addr    Size         Type   Attr      Idx    E Section Name        Object

    0x00026000   0x00026000   0x00000200   Data   RO         7831    RESET               arm_startup_nrf52.o
    0x00026200   0x00026200   0x00000000   Code   RO         7912  * .ARM.Collect$$$$00000000  mc_w.l(entry.o)
    0x00026200   0x00026200   0x00000004   Code   RO         7977    .ARM.Collect$$$$00000001  mc_w.l(entry2.o)
    0x00026204   0x00026204   0x00000004   Code   RO         7980    .ARM.Collect$$$$00000004  mc_w.l(entry5.o)
    0x00026208   0x00026208   0x00000000   Code   RO         7982    .ARM.Collect$$$$00000008  mc_w.l(entry7b.o)
    0x00026208   0x00026208   0x00000000   Code   RO         7984    .ARM.Collect$$$$0000000A  mc_w.l(entry8b.o)
    0x00026208   0x00026208   0x00000008   Code   RO         7985    .ARM.Collect$$$$0000000B  mc_w.l(entry9a.o)
    0x00026210   0x00026210   0x00000000   Code   RO         7987    .ARM.Collect$$$$0000000D  mc_w.l(entry10a.o)
    0x00026210   0x00026210   0x00000000   Code   RO         7989    .ARM.Collect$$$$0000000F  mc_w.l(entry11a.o)
    0x00026210   0x00026210   0x00000004   Code   RO         7978    .ARM.Collect$$$$00002712  mc_w.l(entry2.o)
    0x00026214   0x00026214   0x000000c8   Code   RO         5588    .emb_text           nrf_atfifo.o
    0x000262dc   0x000262dc   0x000000e2   Code   RO         5724    .emb_text           nrf_atomic.o
    0x000263be   0x000263be   0x00000002   PAD
    0x000263c0   0x000263c0   0x00000024   Code   RO         7832    .text               arm_startup_nrf52.o
    0x000263e4   0x000263e4   0x0000001e   Code   RO         7917    .text               mc_w.l(llshl.o)
    0x00026402   0x00026402   0x00000020   Code   RO         7919    .text               mc_w.l(llushr.o)
    0x00026422   0x00026422   0x00000002   PAD
    0x00026424   0x00026424   0x00000008   Code   RO         7921    .text               mc_w.l(ctype_o.o)
    0x0002642c   0x0002642c   0x00000024   Code   RO         7949    .text               mc_w.l(memcpya.o)
    0x00026450   0x00026450   0x00000024   Code   RO         7951    .text               mc_w.l(memseta.o)
    0x00026474   0x00026474   0x0000000e   Code   RO         7953    .text               mc_w.l(strlen.o)
    0x00026482   0x00026482   0x00000012   Code   RO         7957    .text               mc_w.l(strcpy.o)
    0x00026494   0x00026494   0x0000001e   Code   RO         7959    .text               mc_w.l(strncmp.o)
    0x000264b2   0x000264b2   0x0000014e   Code   RO         7963    .text               mf_w.l(dadd.o)
    0x00026600   0x00026600   0x000000e4   Code   RO         7965    .text               mf_w.l(dmul.o)
    0x000266e4   0x000266e4   0x000000de   Code   RO         7967    .text               mf_w.l(ddiv.o)
    0x000267c2   0x000267c2   0x0000001c   Code   RO         7969    .text               mf_w.l(ffltul.o)
    0x000267de   0x000267de   0x00000032   Code   RO         7971    .text               mf_w.l(dfixui.o)
    0x00026810   0x00026810   0x00000026   Code   RO         7973    .text               mf_w.l(f2d.o)
    0x00026836   0x00026836   0x00000038   Code   RO         7975    .text               mf_w.l(d2f.o)
    0x0002686e   0x0002686e   0x00000024   Code   RO         7991    .text               mc_w.l(llsshr.o)
    0x00026892   0x00026892   0x00000000   Code   RO         8000    .text               mc_w.l(iusefp.o)
    0x00026892   0x00026892   0x0000006e   Code   RO         8001    .text               mf_w.l(fepilogue.o)
    0x00026900   0x00026900   0x000000ba   Code   RO         8003    .text               mf_w.l(depilogue.o)
    0x000269ba   0x000269ba   0x00000002   PAD
    0x000269bc   0x000269bc   0x00000024   Code   RO         8009    .text               mc_w.l(init.o)
    0x000269e0   0x000269e0   0x00000056   Code   RO         8019    .text               mc_w.l(__dczerorl2.o)
    0x00026a36   0x00026a36   0x0000001e   Code   RO         1336    i.GC9A01_Clear      gc9a01.o
    0x00026a54   0x00026a54   0x00000020   Code   RO         1337    i.GC9A01_DrawPixel  gc9a01.o
    0x00026a74   0x00026a74   0x000004b4   Code   RO         1338    i.GC9A01_Init       gc9a01.o
    0x00026f28   0x00026f28   0x0000001e   Code   RO         1339    i.GC9A01_Reset      gc9a01.o
    0x00026f46   0x00026f46   0x0000005a   Code   RO         1340    i.GC9A01_SetAddressWindow  gc9a01.o
    0x00026fa0   0x00026fa0   0x00000044   Code   RO         1342    i.GC9A01_WriteCommand  gc9a01.o
    0x00026fe4   0x00026fe4   0x00000044   Code   RO         1343    i.GC9A01_WriteData  gc9a01.o
    0x00027028   0x00027028   0x00000048   Code   RO         1344    i.GC9A01_WriteDataBuffer  gc9a01.o
    0x00027070   0x00027070   0x00000024   Code   RO         1347    i.GC9A01_gpio_init  gc9a01.o
    0x00027094   0x00027094   0x000000a4   Code   RO         3181    i.GPIOTE_IRQHandler  nrfx_gpiote.o
    0x00027138   0x00027138   0x00000058   Code   RO         3044    i.POWER_CLOCK_IRQHandler  nrfx_clock.o
    0x00027190   0x00027190   0x00000010   Code   RO         5377    i.RTC1_IRQHandler   drv_rtc.o
    0x000271a0   0x000271a0   0x00000004   Code   RO         7374    i.SEGGER_RTT_Init   segger_rtt.o
    0x000271a4   0x000271a4   0x0000005c   Code   RO         7388    i.SEGGER_RTT_WriteNoLock  segger_rtt.o
    0x00027200   0x00027200   0x00000054   Code   RO         4387    i.SPIM0_SPIS0_TWIM0_TWIS0_SPI0_TWI0_IRQHandler  nrfx_spim.o
    0x00027254   0x00027254   0x00000010   Code   RO         3880    i.SPIM1_SPIS1_TWIM1_TWIS1_SPI1_TWI1_IRQHandler  nrfx_twi.o
    0x00027264   0x00027264   0x00000004   Code   RO         7625    i.SWI2_EGU2_IRQHandler  nrf_sdh.o
    0x00027268   0x00027268   0x000002d8   Code   RO         7840    i.SystemInit        system_nrf52.o
    0x00027540   0x00027540   0x00000014   Code   RO         4502    i.TIMER0_IRQHandler  nrfx_timer.o
    0x00027554   0x00027554   0x00000014   Code   RO         4503    i.TIMER1_IRQHandler  nrfx_timer.o
    0x00027568   0x00027568   0x00000014   Code   RO         4504    i.TIMER2_IRQHandler  nrfx_timer.o
    0x0002757c   0x0002757c   0x0000000c   Code   RO         3484    i.UARTE0_UART0_IRQHandler  nrfx_prs.o
    0x00027588   0x00027588   0x00000068   Code   RO         7392    i._DoInit           segger_rtt.o
    0x000275f0   0x000275f0   0x00000016   Code   RO         7393    i._GetAvailWriteSpace  segger_rtt.o
    0x00027606   0x00027606   0x0000005a   Code   RO         7395    i._WriteBlocking    segger_rtt.o
    0x00027660   0x00027660   0x00000042   Code   RO         7396    i._WriteNoCheck     segger_rtt.o
    0x000276a2   0x000276a2   0x0000000e   Code   RO         8013    i.__scatterload_copy  mc_w.l(handlers.o)
    0x000276b0   0x000276b0   0x00000002   Code   RO         8014    i.__scatterload_null  mc_w.l(handlers.o)
    0x000276b2   0x000276b2   0x0000000e   Code   RO         8015    i.__scatterload_zeroinit  mc_w.l(handlers.o)
    0x000276c0   0x000276c0   0x00000024   Code   RO         7626    i.__sd_nvic_app_accessible_irq  nrf_sdh.o
    0x000276e4   0x000276e4   0x0000000c   Code   RO         6491    i.addr_is_aligned32  nrf_fstorage.o
    0x000276f0   0x000276f0   0x00000018   Code   RO         6492    i.addr_is_within_bounds  nrf_fstorage.o
    0x00027708   0x00027708   0x00000036   Code   RO         1845    i.advertising_buttons_configure  bsp_btn_ble.o
    0x0002773e   0x0002773e   0x00000002   PAD
    0x00027740   0x00027740   0x00000094   Code   RO         4799    i.app_error_fault_handler  app_error_weak.o
    0x000277d4   0x000277d4   0x00000016   Code   RO         4743    i.app_error_handler_bare  app_error.o
    0x000277ea   0x000277ea   0x00000002   PAD
    0x000277ec   0x000277ec   0x0000003c   Code   RO         5242    i.app_pwm_busy_check  app_pwm.o
    0x00027828   0x00027828   0x00000014   Code   RO         5244    i.app_pwm_channel_duty_set  app_pwm.o
    0x0002783c   0x0002783c   0x00000078   Code   RO         5246    i.app_pwm_channel_duty_ticks_set  app_pwm.o
    0x000278b4   0x000278b4   0x000000f8   Code   RO         5247    i.app_pwm_channel_init  app_pwm.o
    0x000279ac   0x000279ac   0x00000078   Code   RO         5250    i.app_pwm_enable    app_pwm.o
    0x00027a24   0x00027a24   0x00000194   Code   RO         5251    i.app_pwm_init      app_pwm.o
    0x00027bb8   0x00027bb8   0x00000054   Code   RO         4963    i.app_timer_start   app_timer2.o
    0x00027c0c   0x00027c0c   0x00000044   Code   RO         4964    i.app_timer_stop    app_timer2.o
    0x00027c50   0x00027c50   0x00000048   Code   RO         5174    i.app_util_critical_region_enter  app_util_platform.o
    0x00027c98   0x00027c98   0x00000034   Code   RO         5175    i.app_util_critical_region_exit  app_util_platform.o
    0x00027ccc   0x00027ccc   0x00000088   Code   RO         3536    i.apply_config      nrfx_uart.o
    0x00027d54   0x00027d54   0x00000088   Code   RO         3722    i.apply_config      nrfx_uarte.o
    0x00027ddc   0x00027ddc   0x0000000c   Code   RO         4218    i.are_app_channels  nrfx_ppi.o
    0x00027de8   0x00027de8   0x0000003c   Code   RO            4    i.backlight_pwm_init  main.o
    0x00027e24   0x00027e24   0x00000030   Code   RO            5    i.backlight_set     main.o
    0x00027e54   0x00027e54   0x00000070   Code   RO         1846    i.ble_evt_handler   bsp_btn_ble.o
    0x00027ec4   0x00027ec4   0x000000fc   Code   RO         2165    i.ble_evt_handler   ble_conn_params.o
    0x00027fc0   0x00027fc0   0x00000118   Code   RO         2256    i.ble_evt_handler   ble_conn_state.o
    0x000280d8   0x000280d8   0x00000008   Code   RO         2435    i.ble_srv_is_notification_enabled  ble_srv_common.o
    0x000280e0   0x000280e0   0x00000044   Code   RO         1725    i.bsp_event_to_button_action_assign  bsp.o
    0x00028124   0x00028124   0x00000020   Code   RO         1564    i.bu_filter_1st_5Hz  filter.o
    0x00028144   0x00028144   0x00000094   Code   RO         7043    i.buf_prealloc      nrf_log_frontend.o
    0x000281d8   0x000281d8   0x0000002e   Code   RO         5936    i.buffer_add        nrf_fprintf_format.o
    0x00028206   0x00028206   0x00000002   PAD
    0x00028208   0x00028208   0x00000018   Code   RO         7044    i.buffer_is_empty   nrf_log_frontend.o
    0x00028220   0x00028220   0x0000001c   Code   RO         3182    i.channel_free      nrfx_gpiote.o
    0x0002823c   0x0002823c   0x00000048   Code   RO         3183    i.channel_port_alloc  nrfx_gpiote.o
    0x00028284   0x00028284   0x00000010   Code   RO         3184    i.channel_port_get  nrfx_gpiote.o
    0x00028294   0x00028294   0x00000028   Code   RO         2698    i.clock_clk_started_notify  nrf_drv_clock.o
    0x000282bc   0x000282bc   0x0000001c   Code   RO         2699    i.clock_irq_handler  nrf_drv_clock.o
    0x000282d8   0x000282d8   0x00000018   Code   RO         4966    i.compare_func      app_timer2.o
    0x000282f0   0x000282f0   0x0000003e   Code   RO         2257    i.conn_handle_list_get  ble_conn_state.o
    0x0002832e   0x0002832e   0x00000002   PAD
    0x00028330   0x00028330   0x00000048   Code   RO         2166    i.conn_params_negotiation  ble_conn_params.o
    0x00028378   0x00028378   0x0000008c   Code   RO         6579    i.delete_execute    fds.o
    0x00028404   0x00028404   0x0000007c   Code   RO         1354    i.draw_float_number  gc9a01.o
    0x00028480   0x00028480   0x00000084   Code   RO         1355    i.draw_number       gc9a01.o
    0x00028504   0x00028504   0x00000058   Code   RO         1356    i.draw_pic          gc9a01.o
    0x0002855c   0x0002855c   0x00000066   Code   RO         1357    i.draw_single_number  gc9a01.o
    0x000285c2   0x000285c2   0x00000002   PAD
    0x000285c4   0x000285c4   0x00000014   Code   RO         7045    i.dropped_sat16_get  nrf_log_frontend.o
    0x000285d8   0x000285d8   0x00000008   Code   RO         5383    i.drv_rtc_counter_get  drv_rtc.o
    0x000285e0   0x000285e0   0x0000001e   Code   RO         5385    i.drv_rtc_irq_trigger  drv_rtc.o
    0x000285fe   0x000285fe   0x00000074   Code   RO         6580    i.event_prepare     fds.o
    0x00028672   0x00028672   0x00000054   Code   RO         6376    i.event_send        nrf_fstorage_sd.o
    0x000286c6   0x000286c6   0x00000002   PAD
    0x000286c8   0x000286c8   0x00000020   Code   RO         6581    i.event_send        fds.o
    0x000286e8   0x000286e8   0x000000d0   Code   RO          636    i.find_peak         max30102_1.o
    0x000287b8   0x000287b8   0x0000000a   Code   RO         2258    i.flag_toggle       ble_conn_state.o
    0x000287c2   0x000287c2   0x00000006   Code   RO         6601    i.fs_event_handler  fds.o
    0x000287c8   0x000287c8   0x00000080   Code   RO         6602    i.gc_execute        fds.o
    0x00028848   0x00028848   0x0000004c   Code   RO         6603    i.gc_next_page      fds.o
    0x00028894   0x00028894   0x00000040   Code   RO         6604    i.gc_page_erase     fds.o
    0x000288d4   0x000288d4   0x00000034   Code   RO         6605    i.gc_record_copy    fds.o
    0x00028908   0x00028908   0x00000024   Code   RO         6606    i.gc_record_find_next  fds.o
    0x0002892c   0x0002892c   0x00000070   Code   RO         6607    i.gc_state_advance  fds.o
    0x0002899c   0x0002899c   0x00000030   Code   RO         6608    i.gc_swap_pages     fds.o
    0x000289cc   0x000289cc   0x00000034   Code   RO         4967    i.get_now           app_timer2.o
    0x00028a00   0x00028a00   0x0000002c   Code   RO         6609    i.header_check      fds.o
    0x00028a2c   0x00028a2c   0x00000012   Code   RO         6610    i.header_has_next   fds.o
    0x00028a3e   0x00028a3e   0x00000002   PAD
    0x00028a40   0x00028a40   0x000000a0   Code   RO          637    i.hr_count          max30102_1.o
    0x00028ae0   0x00028ae0   0x000000c4   Code   RO         6611    i.init_execute      fds.o
    0x00028ba4   0x00028ba4   0x00000014   Code   RO         2167    i.instance_get      ble_conn_params.o
    0x00028bb8   0x00028bb8   0x000000a6   Code   RO         5937    i.int_print         nrf_fprintf_format.o
    0x00028c5e   0x00028c5e   0x00000002   PAD
    0x00028c60   0x00028c60   0x00000088   Code   RO         3723    i.interrupts_enable  nrfx_uarte.o
    0x00028ce8   0x00028ce8   0x00000034   Code   RO         7046    i.invalid_packets_omit  nrf_log_frontend.o
    0x00028d1c   0x00028d1c   0x00000046   Code   RO         4505    i.irq_handler       nrfx_timer.o
    0x00028d62   0x00028d62   0x00000002   PAD
    0x00028d64   0x00028d64   0x00000018   Code   RO         4219    i.is_allocated_channel  nrfx_ppi.o
    0x00028d7c   0x00028d7c   0x0000000a   Code   RO         4221    i.is_app_channel    nrfx_ppi.o
    0x00028d86   0x00028d86   0x00000044   Code   RO         2168    i.is_conn_params_ok  ble_conn_params.o
    0x00028dca   0x00028dca   0x0000000c   Code   RO         4223    i.is_programmable_app_channel  nrfx_ppi.o
    0x00028dd6   0x00028dd6   0x0000000c   Code   RO         6612    i.is_word_aligned   fds.o
    0x00028de2   0x00028de2   0x00000002   Code   RO         7047    i.log_pending_hook  nrf_log_frontend.o
    0x00028de4   0x00028de4   0x000000a4   Code   RO         7048    i.log_skip          nrf_log_frontend.o
    0x00028e88   0x00028e88   0x0000025c   Code   RO           10    i.main              main.o
    0x000290e4   0x000290e4   0x0000001e   Code   RO          639    i.max30102_clear_fifo  max30102_1.o
    0x00029102   0x00029102   0x00000002   PAD
    0x00029104   0x00029104   0x000000b8   Code   RO          646    i.max30102_init     max30102_1.o
    0x000291bc   0x000291bc   0x00000054   Code   RO          648    i.max30102_read     max30102_1.o
    0x00029210   0x00029210   0x0000005a   Code   RO          650    i.max30102_read_fifo  max30102_1.o
    0x0002926a   0x0002926a   0x00000024   Code   RO          653    i.max30102_set_adc_resolution  max30102_1.o
    0x0002928e   0x0002928e   0x0000001c   Code   RO          656    i.max30102_set_fifo_config  max30102_1.o
    0x000292aa   0x000292aa   0x00000002   PAD
    0x000292ac   0x000292ac   0x00000030   Code   RO          657    i.max30102_set_led_current_1  max30102_1.o
    0x000292dc   0x000292dc   0x00000030   Code   RO          658    i.max30102_set_led_current_2  max30102_1.o
    0x0002930c   0x0002930c   0x00000024   Code   RO          659    i.max30102_set_led_pulse_width  max30102_1.o
    0x00029330   0x00029330   0x00000028   Code   RO          660    i.max30102_set_mode  max30102_1.o
    0x00029358   0x00029358   0x00000022   Code   RO          661    i.max30102_set_sampling_rate  max30102_1.o
    0x0002937a   0x0002937a   0x00000002   PAD
    0x0002937c   0x0002937c   0x00000034   Code   RO          666    i.max30102_write    max30102_1.o
    0x000293b0   0x000293b0   0x0000007e   Code   RO         5976    i.memobj_op         nrf_memobj.o
    0x0002942e   0x0002942e   0x00000002   PAD
    0x00029430   0x00029430   0x00000030   Code   RO         7049    i.module_idx_get    nrf_log_frontend.o
    0x00029460   0x00029460   0x00000016   Code   RO         5593    i.nrf_atfifo_item_alloc  nrf_atfifo.o
    0x00029476   0x00029476   0x00000016   Code   RO         5594    i.nrf_atfifo_item_free  nrf_atfifo.o
    0x0002948c   0x0002948c   0x00000016   Code   RO         5595    i.nrf_atfifo_item_get  nrf_atfifo.o
    0x000294a2   0x000294a2   0x00000016   Code   RO         5596    i.nrf_atfifo_item_put  nrf_atfifo.o
    0x000294b8   0x000294b8   0x00000016   Code   RO         5658    i.nrf_atflags_clear  nrf_atflags.o
    0x000294ce   0x000294ce   0x00000016   Code   RO         5663    i.nrf_atflags_get   nrf_atflags.o
    0x000294e4   0x000294e4   0x00000014   Code   RO         5665    i.nrf_atflags_set   nrf_atflags.o
    0x000294f8   0x000294f8   0x00000006   Code   RO         5726    i.nrf_atomic_flag_clear_fetch  nrf_atomic.o
    0x000294fe   0x000294fe   0x00000006   Code   RO         5727    i.nrf_atomic_flag_set  nrf_atomic.o
    0x00029504   0x00029504   0x0000000c   Code   RO         5729    i.nrf_atomic_u32_add  nrf_atomic.o
    0x00029510   0x00029510   0x0000000c   Code   RO         5730    i.nrf_atomic_u32_and  nrf_atomic.o
    0x0002951c   0x0002951c   0x0000000a   Code   RO         5733    i.nrf_atomic_u32_fetch_and  nrf_atomic.o
    0x00029526   0x00029526   0x0000000a   Code   RO         5735    i.nrf_atomic_u32_fetch_store  nrf_atomic.o
    0x00029530   0x00029530   0x0000000c   Code   RO         5739    i.nrf_atomic_u32_or  nrf_atomic.o
    0x0002953c   0x0002953c   0x0000000c   Code   RO         5741    i.nrf_atomic_u32_sub  nrf_atomic.o
    0x00029548   0x00029548   0x00000044   Code   RO         5860    i.nrf_balloc_alloc  nrf_balloc.o
    0x0002958c   0x0002958c   0x00000030   Code   RO         5861    i.nrf_balloc_free   nrf_balloc.o
    0x000295bc   0x000295bc   0x00000030   Code   RO         5862    i.nrf_balloc_init   nrf_balloc.o
    0x000295ec   0x000295ec   0x00000010   Code   RO         3185    i.nrf_bitmask_bit_is_set  nrfx_gpiote.o
    0x000295fc   0x000295fc   0x0000000e   Code   RO         3045    i.nrf_clock_event_check  nrfx_clock.o
    0x0002960a   0x0002960a   0x00000010   Code   RO         3046    i.nrf_clock_event_clear  nrfx_clock.o
    0x0002961a   0x0002961a   0x00000002   PAD
    0x0002961c   0x0002961c   0x00000020   Code   RO           11    i.nrf_delay_ms      main.o
    0x0002963c   0x0002963c   0x00000020   Code   RO          667    i.nrf_delay_ms      max30102_1.o
    0x0002965c   0x0002965c   0x00000020   Code   RO         1358    i.nrf_delay_ms      gc9a01.o
    0x0002967c   0x0002967c   0x00000040   Code   RO         2706    i.nrf_drv_clock_init  nrf_drv_clock.o
    0x000296bc   0x000296bc   0x00000034   Code   RO         2710    i.nrf_drv_clock_lfclk_release  nrf_drv_clock.o
    0x000296f0   0x000296f0   0x00000018   Code   RO         4115    i.nrf_drv_ppi_init  nrf_drv_ppi.o
    0x00029708   0x00029708   0x00000070   Code   RO         4174    i.nrf_drv_spi_init  nrf_drv_spi.o
    0x00029778   0x00029778   0x00000016   Code   RO         1359    i.nrf_drv_spi_transfer  gc9a01.o
    0x0002978e   0x0002978e   0x00000002   PAD
    0x00029790   0x00029790   0x00000040   Code   RO         4038    i.nrf_drv_twi_init  nrf_drv_twi.o
    0x000297d0   0x000297d0   0x0000000e   Code   RO           12    i.nrf_drv_twi_tx    main.o
    0x000297de   0x000297de   0x0000000e   Code   RO          668    i.nrf_drv_twi_tx    max30102_1.o
    0x000297ec   0x000297ec   0x0000000e   Code   RO         1035    i.nrf_drv_twi_tx    tmp117.o
    0x000297fa   0x000297fa   0x00000002   PAD
    0x000297fc   0x000297fc   0x00000068   Code   RO         2853    i.nrf_drv_uart_init  nrf_drv_uart.o
    0x00029864   0x00029864   0x0000001a   Code   RO         5897    i.nrf_fprintf       nrf_fprintf.o
    0x0002987e   0x0002987e   0x00000018   Code   RO         5898    i.nrf_fprintf_buffer_flush  nrf_fprintf.o
    0x00029896   0x00029896   0x000001da   Code   RO         5938    i.nrf_fprintf_fmt   nrf_fprintf_format.o
    0x00029a70   0x00029a70   0x00000150   Code   RO         6493    i.nrf_fstorage_erase  nrf_fstorage.o
    0x00029bc0   0x00029bc0   0x00000018   Code   RO         6379    i.nrf_fstorage_sdh_req_handler  nrf_fstorage_sd.o
    0x00029bd8   0x00029bd8   0x00000020   Code   RO         6380    i.nrf_fstorage_sdh_state_handler  nrf_fstorage_sd.o
    0x00029bf8   0x00029bf8   0x000000a4   Code   RO         6381    i.nrf_fstorage_sys_evt_handler  nrf_fstorage_sd.o
    0x00029c9c   0x00029c9c   0x00000200   Code   RO         6500    i.nrf_fstorage_write  nrf_fstorage.o
    0x00029e9c   0x00029e9c   0x00000024   Code   RO         3186    i.nrf_gpio_cfg      nrfx_gpiote.o
    0x00029ec0   0x00029ec0   0x00000024   Code   RO         3537    i.nrf_gpio_cfg      nrfx_uart.o
    0x00029ee4   0x00029ee4   0x00000024   Code   RO         3724    i.nrf_gpio_cfg      nrfx_uarte.o
    0x00029f08   0x00029f08   0x00000024   Code   RO         3881    i.nrf_gpio_cfg      nrfx_twi.o
    0x00029f2c   0x00029f2c   0x00000024   Code   RO         4388    i.nrf_gpio_cfg      nrfx_spim.o
    0x00029f50   0x00029f50   0x00000012   Code   RO         3187    i.nrf_gpio_cfg_default  nrfx_gpiote.o
    0x00029f62   0x00029f62   0x00000012   Code   RO         3538    i.nrf_gpio_cfg_default  nrfx_uart.o
    0x00029f74   0x00029f74   0x00000012   Code   RO         3725    i.nrf_gpio_cfg_default  nrfx_uarte.o
    0x00029f86   0x00029f86   0x00000012   Code   RO         3539    i.nrf_gpio_cfg_input  nrfx_uart.o
    0x00029f98   0x00029f98   0x00000012   Code   RO         3726    i.nrf_gpio_cfg_input  nrfx_uarte.o
    0x00029faa   0x00029faa   0x00000010   Code   RO         1360    i.nrf_gpio_cfg_output  gc9a01.o
    0x00029fba   0x00029fba   0x00000014   Code   RO         3540    i.nrf_gpio_cfg_output  nrfx_uart.o
    0x00029fce   0x00029fce   0x00000014   Code   RO         3727    i.nrf_gpio_cfg_output  nrfx_uarte.o
    0x00029fe2   0x00029fe2   0x00000014   Code   RO         4389    i.nrf_gpio_cfg_output  nrfx_spim.o
    0x00029ff6   0x00029ff6   0x00000022   Code   RO         3188    i.nrf_gpio_cfg_sense_set  nrfx_gpiote.o
    0x0002a018   0x0002a018   0x0000002c   Code   RO         3189    i.nrf_gpio_latches_read_and_clear  nrfx_gpiote.o
    0x0002a044   0x0002a044   0x0000000e   Code   RO         1361    i.nrf_gpio_pin_clear  gc9a01.o
    0x0002a052   0x0002a052   0x0000000e   Code   RO         4390    i.nrf_gpio_pin_clear  nrfx_spim.o
    0x0002a060   0x0002a060   0x0000001e   Code   RO         3190    i.nrf_gpio_pin_present_check  nrfx_gpiote.o
    0x0002a07e   0x0002a07e   0x0000000e   Code   RO         1362    i.nrf_gpio_pin_set  gc9a01.o
    0x0002a08c   0x0002a08c   0x0000000e   Code   RO         4039    i.nrf_gpio_pin_set  nrf_drv_twi.o
    0x0002a09a   0x0002a09a   0x0000000e   Code   RO         4391    i.nrf_gpio_pin_set  nrfx_spim.o
    0x0002a0a8   0x0002a0a8   0x00000014   Code   RO         3191    i.nrf_gpiote_event_clear  nrfx_gpiote.o
    0x0002a0bc   0x0002a0bc   0x00000010   Code   RO         3192    i.nrf_gpiote_event_is_set  nrfx_gpiote.o
    0x0002a0cc   0x0002a0cc   0x00000090   Code   RO         7050    i.nrf_log_backend_add  nrf_log_frontend.o
    0x0002a15c   0x0002a15c   0x00000002   Code   RO         6902    i.nrf_log_backend_rtt_flush  nrf_log_backend_rtt.o
    0x0002a15e   0x0002a15e   0x00000004   Code   RO         6903    i.nrf_log_backend_rtt_init  nrf_log_backend_rtt.o
    0x0002a162   0x0002a162   0x00000002   Code   RO         6904    i.nrf_log_backend_rtt_panic_set  nrf_log_backend_rtt.o
    0x0002a164   0x0002a164   0x00000018   Code   RO         6905    i.nrf_log_backend_rtt_put  nrf_log_backend_rtt.o
    0x0002a17c   0x0002a17c   0x000000c8   Code   RO         6968    i.nrf_log_backend_serial_put  nrf_log_backend_serial.o
    0x0002a244   0x0002a244   0x00000002   Code   RO         7300    i.nrf_log_backend_uart_flush  nrf_log_backend_uart.o
    0x0002a246   0x0002a246   0x00000006   Code   RO         7301    i.nrf_log_backend_uart_init  nrf_log_backend_uart.o
    0x0002a24c   0x0002a24c   0x0000002c   Code   RO         7302    i.nrf_log_backend_uart_panic_set  nrf_log_backend_uart.o
    0x0002a278   0x0002a278   0x00000018   Code   RO         7303    i.nrf_log_backend_uart_put  nrf_log_backend_uart.o
    0x0002a290   0x0002a290   0x00000030   Code   RO         7052    i.nrf_log_color_id_get  nrf_log_frontend.o
    0x0002a2c0   0x0002a2c0   0x00000034   Code   RO         7002    i.nrf_log_default_backends_init  nrf_log_default_backends.o
    0x0002a2f4   0x0002a2f4   0x0000027c   Code   RO         7055    i.nrf_log_frontend_dequeue  nrf_log_frontend.o
    0x0002a570   0x0002a570   0x00000008   Code   RO         7057    i.nrf_log_frontend_std_0  nrf_log_frontend.o
    0x0002a578   0x0002a578   0x0000000e   Code   RO         7058    i.nrf_log_frontend_std_1  nrf_log_frontend.o
    0x0002a586   0x0002a586   0x00000012   Code   RO         7060    i.nrf_log_frontend_std_3  nrf_log_frontend.o
    0x0002a598   0x0002a598   0x000000b0   Code   RO         7248    i.nrf_log_hexdump_entry_process  nrf_log_str_formatter.o
    0x0002a648   0x0002a648   0x000000a0   Code   RO         7064    i.nrf_log_init      nrf_log_frontend.o
    0x0002a6e8   0x0002a6e8   0x00000014   Code   RO         7065    i.nrf_log_module_cnt_get  nrf_log_frontend.o
    0x0002a6fc   0x0002a6fc   0x00000050   Code   RO         7067    i.nrf_log_module_filter_set  nrf_log_frontend.o
    0x0002a74c   0x0002a74c   0x0000001c   Code   RO         7068    i.nrf_log_module_name_get  nrf_log_frontend.o
    0x0002a768   0x0002a768   0x00000028   Code   RO         7069    i.nrf_log_panic     nrf_log_frontend.o
    0x0002a790   0x0002a790   0x000000b6   Code   RO         7249    i.nrf_log_std_entry_process  nrf_log_str_formatter.o
    0x0002a846   0x0002a846   0x00000060   Code   RO         5977    i.nrf_memobj_alloc  nrf_memobj.o
    0x0002a8a6   0x0002a8a6   0x00000032   Code   RO         5978    i.nrf_memobj_free   nrf_memobj.o
    0x0002a8d8   0x0002a8d8   0x00000008   Code   RO         5979    i.nrf_memobj_get    nrf_memobj.o
    0x0002a8e0   0x0002a8e0   0x00000004   Code   RO         5980    i.nrf_memobj_pool_init  nrf_memobj.o
    0x0002a8e4   0x0002a8e4   0x0000001e   Code   RO         5981    i.nrf_memobj_put    nrf_memobj.o
    0x0002a902   0x0002a902   0x00000010   Code   RO         5982    i.nrf_memobj_read   nrf_memobj.o
    0x0002a912   0x0002a912   0x00000010   Code   RO         5983    i.nrf_memobj_write  nrf_memobj.o
    0x0002a922   0x0002a922   0x0000001c   Code   RO         6130    i.nrf_ringbuf_init  nrf_ringbuf.o
    0x0002a93e   0x0002a93e   0x00000002   PAD
    0x0002a940   0x0002a940   0x00000060   Code   RO         7750    i.nrf_sdh_ble_evts_poll  nrf_sdh_ble.o
    0x0002a9a0   0x0002a9a0   0x00000054   Code   RO         7627    i.nrf_sdh_disable_request  nrf_sdh.o
    0x0002a9f4   0x0002a9f4   0x00000074   Code   RO         7628    i.nrf_sdh_enable_request  nrf_sdh.o
    0x0002aa68   0x0002aa68   0x00000024   Code   RO         7629    i.nrf_sdh_evts_poll  nrf_sdh.o
    0x0002aa8c   0x0002aa8c   0x0000000c   Code   RO         7630    i.nrf_sdh_is_enabled  nrf_sdh.o
    0x0002aa98   0x0002aa98   0x0000001c   Code   RO         7632    i.nrf_sdh_request_continue  nrf_sdh.o
    0x0002aab4   0x0002aab4   0x0000003c   Code   RO         7799    i.nrf_sdh_soc_evts_poll  nrf_sdh_soc.o
    0x0002aaf0   0x0002aaf0   0x0000000a   Code   RO         6188    i.nrf_section_iter_init  nrf_section_iter.o
    0x0002aafa   0x0002aafa   0x00000024   Code   RO         6189    i.nrf_section_iter_item_set  nrf_section_iter.o
    0x0002ab1e   0x0002ab1e   0x00000020   Code   RO         6190    i.nrf_section_iter_next  nrf_section_iter.o
    0x0002ab3e   0x0002ab3e   0x0000000a   Code   RO         4392    i.nrf_spim_event_check  nrfx_spim.o
    0x0002ab48   0x0002ab48   0x0000000c   Code   RO         4506    i.nrf_timer_event_clear  nrfx_timer.o
    0x0002ab54   0x0002ab54   0x0000000a   Code   RO         3883    i.nrf_twi_event_check  nrfx_twi.o
    0x0002ab5e   0x0002ab5e   0x0000000c   Code   RO         3884    i.nrf_twi_event_clear  nrfx_twi.o
    0x0002ab6a   0x0002ab6a   0x0000000a   Code   RO         3541    i.nrf_uart_event_check  nrfx_uart.o
    0x0002ab74   0x0002ab74   0x0000000c   Code   RO         3542    i.nrf_uart_event_clear  nrfx_uart.o
    0x0002ab80   0x0002ab80   0x0000000c   Code   RO         3543    i.nrf_uart_int_enable_check  nrfx_uart.o
    0x0002ab8c   0x0002ab8c   0x0000000a   Code   RO         3728    i.nrf_uarte_event_check  nrfx_uarte.o
    0x0002ab96   0x0002ab96   0x0000000c   Code   RO         3729    i.nrf_uarte_event_clear  nrfx_uarte.o
    0x0002aba2   0x0002aba2   0x00000002   PAD
    0x0002aba4   0x0002aba4   0x00000010   Code   RO         2713    i.nrf_wdt_started   nrf_drv_clock.o
    0x0002abb4   0x0002abb4   0x0000002c   Code   RO         3051    i.nrfx_clock_enable  nrfx_clock.o
    0x0002abe0   0x0002abe0   0x00000020   Code   RO         3054    i.nrfx_clock_init   nrfx_clock.o
    0x0002ac00   0x0002ac00   0x00000030   Code   RO         3057    i.nrfx_clock_lfclk_stop  nrfx_clock.o
    0x0002ac30   0x0002ac30   0x00000010   Code   RO         4040    i.nrfx_coredep_delay_us  nrf_drv_twi.o
    0x0002ac40   0x0002ac40   0x00000010   Code   RO         3193    i.nrfx_gpiote_clr_task_addr_get  nrfx_gpiote.o
    0x0002ac50   0x0002ac50   0x00000010   Code   RO         3194    i.nrfx_gpiote_clr_task_get  nrfx_gpiote.o
    0x0002ac60   0x0002ac60   0x00000074   Code   RO         3203    i.nrfx_gpiote_init  nrfx_gpiote.o
    0x0002acd4   0x0002acd4   0x00000014   Code   RO         3204    i.nrfx_gpiote_is_init  nrfx_gpiote.o
    0x0002ace8   0x0002ace8   0x000000bc   Code   RO         3206    i.nrfx_gpiote_out_init  nrfx_gpiote.o
    0x0002ada4   0x0002ada4   0x00000024   Code   RO         3210    i.nrfx_gpiote_out_task_enable  nrfx_gpiote.o
    0x0002adc8   0x0002adc8   0x00000028   Code   RO         3211    i.nrfx_gpiote_out_task_force  nrfx_gpiote.o
    0x0002adf0   0x0002adf0   0x00000058   Code   RO         3215    i.nrfx_gpiote_out_uninit  nrfx_gpiote.o
    0x0002ae48   0x0002ae48   0x00000010   Code   RO         3216    i.nrfx_gpiote_set_task_addr_get  nrfx_gpiote.o
    0x0002ae58   0x0002ae58   0x00000010   Code   RO         3217    i.nrfx_gpiote_set_task_get  nrfx_gpiote.o
    0x0002ae68   0x0002ae68   0x00000010   Code   RO         3730    i.nrfx_is_in_ram    nrfx_uarte.o
    0x0002ae78   0x0002ae78   0x00000010   Code   RO         4393    i.nrfx_is_in_ram    nrfx_spim.o
    0x0002ae88   0x0002ae88   0x0000006c   Code   RO         4224    i.nrfx_ppi_channel_alloc  nrfx_ppi.o
    0x0002aef4   0x0002aef4   0x00000044   Code   RO         4225    i.nrfx_ppi_channel_assign  nrfx_ppi.o
    0x0002af38   0x0002af38   0x00000034   Code   RO         4226    i.nrfx_ppi_channel_disable  nrfx_ppi.o
    0x0002af6c   0x0002af6c   0x00000034   Code   RO         4227    i.nrfx_ppi_channel_enable  nrfx_ppi.o
    0x0002afa0   0x0002afa0   0x00000040   Code   RO         4229    i.nrfx_ppi_channel_free  nrfx_ppi.o
    0x0002afe0   0x0002afe0   0x0000003a   Code   RO         3485    i.nrfx_prs_acquire  nrfx_prs.o
    0x0002b01a   0x0002b01a   0x00000012   Code   RO         3486    i.nrfx_prs_release  nrfx_prs.o
    0x0002b02c   0x0002b02c   0x0000016c   Code   RO         4396    i.nrfx_spim_init    nrfx_spim.o
    0x0002b198   0x0002b198   0x00000064   Code   RO         4399    i.nrfx_spim_xfer    nrfx_spim.o
    0x0002b1fc   0x0002b1fc   0x0000001e   Code   RO         4507    i.nrfx_timer_capture  nrfx_timer.o
    0x0002b21a   0x0002b21a   0x00000008   Code   RO         4508    i.nrfx_timer_clear  nrfx_timer.o
    0x0002b222   0x0002b222   0x0000003a   Code   RO         4509    i.nrfx_timer_compare  nrfx_timer.o
    0x0002b25c   0x0002b25c   0x00000010   Code   RO         5253    i.nrfx_timer_compare_event_address_get  app_pwm.o
    0x0002b26c   0x0002b26c   0x0000000e   Code   RO         4510    i.nrfx_timer_compare_int_disable  nrfx_timer.o
    0x0002b27a   0x0002b27a   0x00000024   Code   RO         4511    i.nrfx_timer_compare_int_enable  nrfx_timer.o
    0x0002b29e   0x0002b29e   0x00000002   PAD
    0x0002b2a0   0x0002b2a0   0x0000001c   Code   RO         4512    i.nrfx_timer_disable  nrfx_timer.o
    0x0002b2bc   0x0002b2bc   0x0000001c   Code   RO         4513    i.nrfx_timer_enable  nrfx_timer.o
    0x0002b2d8   0x0002b2d8   0x0000002a   Code   RO         4514    i.nrfx_timer_extended_compare  nrfx_timer.o
    0x0002b302   0x0002b302   0x00000002   PAD
    0x0002b304   0x0002b304   0x000000c0   Code   RO         4516    i.nrfx_timer_init   nrfx_timer.o
    0x0002b3c4   0x0002b3c4   0x0000005c   Code   RO         4520    i.nrfx_timer_uninit  nrfx_timer.o
    0x0002b420   0x0002b420   0x00000020   Code   RO         3887    i.nrfx_twi_enable   nrfx_twi.o
    0x0002b440   0x0002b440   0x000000e4   Code   RO         3888    i.nrfx_twi_init     nrfx_twi.o
    0x0002b524   0x0002b524   0x00000030   Code   RO         3890    i.nrfx_twi_rx       nrfx_twi.o
    0x0002b554   0x0002b554   0x00000036   Code   RO         3892    i.nrfx_twi_tx       nrfx_twi.o
    0x0002b58a   0x0002b58a   0x00000002   PAD
    0x0002b58c   0x0002b58c   0x00000020   Code   RO         3894    i.nrfx_twi_xfer     nrfx_twi.o
    0x0002b5ac   0x0002b5ac   0x00000010   Code   RO         3544    i.nrfx_uart_0_irq_handler  nrfx_uart.o
    0x0002b5bc   0x0002b5bc   0x000000d4   Code   RO         3546    i.nrfx_uart_init    nrfx_uart.o
    0x0002b690   0x0002b690   0x000000a8   Code   RO         3552    i.nrfx_uart_tx      nrfx_uart.o
    0x0002b738   0x0002b738   0x00000020   Code   RO         3554    i.nrfx_uart_tx_in_progress  nrfx_uart.o
    0x0002b758   0x0002b758   0x000000c0   Code   RO         3555    i.nrfx_uart_uninit  nrfx_uart.o
    0x0002b818   0x0002b818   0x00000010   Code   RO         3731    i.nrfx_uarte_0_irq_handler  nrfx_uarte.o
    0x0002b828   0x0002b828   0x0000006c   Code   RO         3733    i.nrfx_uarte_init   nrfx_uarte.o
    0x0002b894   0x0002b894   0x000000ac   Code   RO         3737    i.nrfx_uarte_tx     nrfx_uarte.o
    0x0002b940   0x0002b940   0x0000001c   Code   RO         3739    i.nrfx_uarte_tx_in_progress  nrfx_uarte.o
    0x0002b95c   0x0002b95c   0x00000108   Code   RO         3740    i.nrfx_uarte_uninit  nrfx_uarte.o
    0x0002ba64   0x0002ba64   0x00000018   Code   RO         7841    i.nvmc_config       system_nrf52.o
    0x0002ba7c   0x0002ba7c   0x0000001c   Code   RO         6614    i.page_offsets_update  fds.o
    0x0002ba98   0x0002ba98   0x0000001c   Code   RO         6616    i.page_tag_write_data  fds.o
    0x0002bab4   0x0002bab4   0x00000024   Code   RO         6617    i.page_tag_write_swap  fds.o
    0x0002bad8   0x0002bad8   0x000000d4   Code   RO         1363    i.params_display    gc9a01.o
    0x0002bbac   0x0002bbac   0x00000096   Code   RO         1364    i.params_probe      gc9a01.o
    0x0002bc42   0x0002bc42   0x00000002   PAD
    0x0002bc44   0x0002bc44   0x00000064   Code   RO          669    i.peak_time_push    max30102_1.o
    0x0002bca8   0x0002bca8   0x00000014   Code   RO         3220    i.pin_configured_check  nrfx_gpiote.o
    0x0002bcbc   0x0002bcbc   0x0000001c   Code   RO         3221    i.pin_configured_clear  nrfx_gpiote.o
    0x0002bcd8   0x0002bcd8   0x0000001c   Code   RO         3222    i.pin_configured_set  nrfx_gpiote.o
    0x0002bcf4   0x0002bcf4   0x00000018   Code   RO         3224    i.pin_in_use_by_te  nrfx_gpiote.o
    0x0002bd0c   0x0002bd0c   0x000000b4   Code   RO         3225    i.port_event_handle  nrfx_gpiote.o
    0x0002bdc0   0x0002bdc0   0x00000010   Code   RO         3226    i.port_handler_polarity_get  nrfx_gpiote.o
    0x0002bdd0   0x0002bdd0   0x0000003c   Code   RO         7251    i.postfix_process   nrf_log_str_formatter.o
    0x0002be0c   0x0002be0c   0x00000098   Code   RO         7252    i.prefix_process    nrf_log_str_formatter.o
    0x0002bea4   0x0002bea4   0x00000018   Code   RO         3487    i.prs_box_get       nrfx_prs.o
    0x0002bebc   0x0002bebc   0x00000068   Code   RO         5254    i.pwm_dealloc       app_pwm.o
    0x0002bf24   0x0002bf24   0x0000000c   Code   RO           13    i.pwm_ready_callback  main.o
    0x0002bf30   0x0002bf30   0x00000058   Code   RO         5255    i.pwm_ready_tick    app_pwm.o
    0x0002bf88   0x0002bf88   0x000000d8   Code   RO         5256    i.pwm_transition    app_pwm.o
    0x0002c060   0x0002c060   0x00000014   Code   RO         6382    i.queue_free        nrf_fstorage_sd.o
    0x0002c074   0x0002c074   0x000000a0   Code   RO         6383    i.queue_process     nrf_fstorage_sd.o
    0x0002c114   0x0002c114   0x000000a4   Code   RO         6621    i.queue_process     fds.o
    0x0002c1b8   0x0002c1b8   0x00000012   Code   RO          670    i.rb_get            max30102_1.o
    0x0002c1ca   0x0002c1ca   0x00000002   PAD
    0x0002c1cc   0x0002c1cc   0x00000090   Code   RO         6623    i.record_find       fds.o
    0x0002c25c   0x0002c25c   0x000000a0   Code   RO         6624    i.record_find_by_desc  fds.o
    0x0002c2fc   0x0002c2fc   0x0000005c   Code   RO         6625    i.record_find_next  fds.o
    0x0002c358   0x0002c358   0x0000003c   Code   RO         6626    i.record_header_flag_dirty  fds.o
    0x0002c394   0x0002c394   0x00000018   Code   RO          671    i.ring_buffer_push  max30102_1.o
    0x0002c3ac   0x0002c3ac   0x00000032   Code   RO         3556    i.rx_byte           nrfx_uart.o
    0x0002c3de   0x0002c3de   0x00000016   Code   RO         3557    i.rx_done_event     nrfx_uart.o
    0x0002c3f4   0x0002c3f4   0x00000016   Code   RO         3741    i.rx_done_event     nrfx_uarte.o
    0x0002c40a   0x0002c40a   0x00000002   PAD
    0x0002c40c   0x0002c40c   0x00000058   Code   RO         2714    i.sd_state_evt_handler  nrf_drv_clock.o
    0x0002c464   0x0002c464   0x00000030   Code   RO         7635    i.sdh_request_observer_notify  nrf_sdh.o
    0x0002c494   0x0002c494   0x0000002c   Code   RO         7636    i.sdh_state_observer_notify  nrf_sdh.o
    0x0002c4c0   0x0002c4c0   0x00000010   Code   RO         2169    i.send_error_evt    ble_conn_params.o
    0x0002c4d0   0x0002c4d0   0x00000050   Code   RO         6906    i.serial_tx         nrf_log_backend_rtt.o
    0x0002c520   0x0002c520   0x00000040   Code   RO         7304    i.serial_tx         nrf_log_backend_uart.o
    0x0002c560   0x0002c560   0x00000018   Code   RO         2715    i.soc_evt_handler   nrf_drv_clock.o
    0x0002c578   0x0002c578   0x00000040   Code   RO         7637    i.softdevice_evt_irq_disable  nrf_sdh.o
    0x0002c5b8   0x0002c5b8   0x00000058   Code   RO         7638    i.softdevices_evt_irq_enable  nrf_sdh.o
    0x0002c610   0x0002c610   0x00000050   Code   RO         1365    i.spi_config        gc9a01.o
    0x0002c660   0x0002c660   0x0000000c   Code   RO         1366    i.spi_event_handler  gc9a01.o
    0x0002c66c   0x0002c66c   0x00000038   Code   RO         4175    i.spim_evt_handler  nrf_drv_spi.o
    0x0002c6a4   0x0002c6a4   0x000000bc   Code   RO         4400    i.spim_xfer         nrfx_spim.o
    0x0002c760   0x0002c760   0x000002d8   Code   RO          672    i.spo2_count        max30102_1.o
    0x0002ca38   0x0002ca38   0x00000098   Code   RO         7071    i.std_n             nrf_log_frontend.o
    0x0002cad0   0x0002cad0   0x00000002   Code   RO          673    i.timer2_handler    max30102_1.o
    0x0002cad2   0x0002cad2   0x00000002   PAD
    0x0002cad4   0x0002cad4   0x0000003c   Code   RO          674    i.timer2_init       max30102_1.o
    0x0002cb10   0x0002cb10   0x00000018   Code   RO          675    i.timer2_now        max30102_1.o
    0x0002cb28   0x0002cb28   0x00000038   Code   RO         4974    i.timer_req_schedule  app_timer2.o
    0x0002cb60   0x0002cb60   0x000000c4   Code   RO         1036    i.tmp117_Init       tmp117.o
    0x0002cc24   0x0002cc24   0x00000020   Code   RO         1039    i.tmp117_get_temp   tmp117.o
    0x0002cc44   0x0002cc44   0x0000005c   Code   RO         1040    i.tmp117_read_register  tmp117.o
    0x0002cca0   0x0002cca0   0x0000000a   Code   RO         1042    i.tmp117_set_Config  tmp117.o
    0x0002ccaa   0x0002ccaa   0x0000000a   Code   RO         1043    i.tmp117_set_HighLimit  tmp117.o
    0x0002ccb4   0x0002ccb4   0x0000000a   Code   RO         1044    i.tmp117_set_LowLimit  tmp117.o
    0x0002ccbe   0x0002ccbe   0x0000000a   Code   RO         1045    i.tmp117_set_Temp_Offset  tmp117.o
    0x0002ccc8   0x0002ccc8   0x0000003c   Code   RO         1047    i.tmp117_write_register  tmp117.o
    0x0002cd04   0x0002cd04   0x000000aa   Code   RO         4041    i.twi_clear_bus     nrf_drv_twi.o
    0x0002cdae   0x0002cdae   0x00000002   PAD
    0x0002cdb0   0x0002cdb0   0x00000040   Code   RO         4042    i.twi_evt_handler   nrf_drv_twi.o
    0x0002cdf0   0x0002cdf0   0x00000014   Code   RO           16    i.twi_handler       main.o
    0x0002ce04   0x0002ce04   0x0000006c   Code   RO           17    i.twi_init          main.o
    0x0002ce70   0x0002ce70   0x000000bc   Code   RO         3895    i.twi_irq_handler   nrfx_twi.o
    0x0002cf2c   0x0002cf2c   0x0000001e   Code   RO         3896    i.twi_process_error  nrfx_twi.o
    0x0002cf4a   0x0002cf4a   0x00000002   PAD
    0x0002cf4c   0x0002cf4c   0x000000c4   Code   RO         3897    i.twi_rx_start_transfer  nrfx_twi.o
    0x0002d010   0x0002d010   0x000000f4   Code   RO           18    i.twi_scan          main.o
    0x0002d104   0x0002d104   0x00000036   Code   RO         3898    i.twi_send_byte     nrfx_twi.o
    0x0002d13a   0x0002d13a   0x00000140   Code   RO         3899    i.twi_transfer      nrfx_twi.o
    0x0002d27a   0x0002d27a   0x00000002   PAD
    0x0002d27c   0x0002d27c   0x000000b8   Code   RO         3900    i.twi_tx_start_transfer  nrfx_twi.o
    0x0002d334   0x0002d334   0x000000a4   Code   RO         3901    i.twi_xfer          nrfx_twi.o
    0x0002d3d8   0x0002d3d8   0x00000020   Code   RO         3559    i.tx_byte           nrfx_uart.o
    0x0002d3f8   0x0002d3f8   0x0000001a   Code   RO         3560    i.tx_done_event     nrfx_uart.o
    0x0002d412   0x0002d412   0x0000001a   Code   RO         3742    i.tx_done_event     nrfx_uarte.o
    0x0002d42c   0x0002d42c   0x00000030   Code   RO         2854    i.uart_evt_handler  nrf_drv_uart.o
    0x0002d45c   0x0002d45c   0x0000000c   Code   RO         7305    i.uart_evt_handler  nrf_log_backend_uart.o
    0x0002d468   0x0002d468   0x00000050   Code   RO         7306    i.uart_init         nrf_log_backend_uart.o
    0x0002d4b8   0x0002d4b8   0x0000012a   Code   RO         3561    i.uart_irq_handler  nrfx_uart.o
    0x0002d5e2   0x0002d5e2   0x00000002   PAD
    0x0002d5e4   0x0002d5e4   0x00000030   Code   RO         2855    i.uarte_evt_handler  nrf_drv_uart.o
    0x0002d614   0x0002d614   0x00000112   Code   RO         3743    i.uarte_irq_handler  nrfx_uarte.o
    0x0002d726   0x0002d726   0x00000002   PAD
    0x0002d728   0x0002d728   0x000000b4   Code   RO         5939    i.unsigned_print    nrf_fprintf_format.o
    0x0002d7dc   0x0002d7dc   0x000000f8   Code   RO         6629    i.write_execute     fds.o
    0x0002d8d4   0x0002d8d4   0x00000008   Data   RO           20    .constdata          main.o
    0x0002d8dc   0x0002d8dc   0x00000004   PAD
    0x0002d8e0   0x0002d8e0   0x00000074   Data   RO           21    .constdata          main.o
    0x0002d954   0x0002d954   0x0000000c   PAD
    0x0002d960   0x0002d960   0x00000028   Data   RO          677    .constdata          max30102_1.o
    0x0002d988   0x0002d988   0x00000008   PAD
    0x0002d990   0x0002d990   0x00000018   Data   RO         1048    .constdata          tmp117.o
    0x0002d9a8   0x0002d9a8   0x00000008   PAD
    0x0002d9b0   0x0002d9b0   0x00004c04   Data   RO         1368    .constdata          gc9a01.o
    0x000325b4   0x000325b4   0x00000004   Data   RO         3228    .constdata          nrfx_gpiote.o
    0x000325b8   0x000325b8   0x00000004   Data   RO         3564    .constdata          nrfx_uart.o
    0x000325bc   0x000325bc   0x00000004   Data   RO         3746    .constdata          nrfx_uarte.o
    0x000325c0   0x000325c0   0x00000018   Data   RO         3904    .constdata          nrfx_twi.o
    0x000325d8   0x000325d8   0x00000008   PAD
    0x000325e0   0x000325e0   0x00000006   Data   RO         4043    .constdata          nrf_drv_twi.o
    0x000325e6   0x000325e6   0x00000002   PAD
    0x000325e8   0x000325e8   0x00000010   Data   RO         4177    .constdata          nrf_drv_spi.o
    0x000325f8   0x000325f8   0x00000004   Data   RO         4403    .constdata          nrfx_spim.o
    0x000325fc   0x000325fc   0x00000014   Data   RO         4976    .constdata          app_timer2.o
    0x00032610   0x00032610   0x0000000c   Data   RO         5258    .constdata          app_pwm.o
    0x0003261c   0x0003261c   0x00000010   Data   RO         5940    .constdata          nrf_fprintf_format.o
    0x0003262c   0x0003262c   0x00000010   Data   RO         6391    .constdata          nrf_fstorage_sd.o
    0x0003263c   0x0003263c   0x0000005e   Data   RO         6501    .constdata          nrf_fstorage.o
    0x0003269a   0x0003269a   0x00000002   PAD
    0x0003269c   0x0003269c   0x00000018   Data   RO         6633    .constdata          fds.o
    0x000326b4   0x000326b4   0x0000000c   Data   RO         6908    .constdata          nrf_log_backend_rtt.o
    0x000326c0   0x000326c0   0x00000006   Data   RO         6909    .constdata          nrf_log_backend_rtt.o
    0x000326c6   0x000326c6   0x00000002   PAD
    0x000326c8   0x000326c8   0x00000018   Data   RO         7076    .constdata          nrf_log_frontend.o
    0x000326e0   0x000326e0   0x0000000c   Data   RO         7308    .constdata          nrf_log_backend_uart.o
    0x000326ec   0x000326ec   0x00000020   Data   RO         7309    .constdata          nrf_log_backend_uart.o
    0x0003270c   0x0003270c   0x00000010   Data   RO         7639    .constdata          nrf_sdh.o
    0x0003271c   0x0003271c   0x00000028   Data   RO         7640    .constdata          nrf_sdh.o
    0x00032744   0x00032744   0x00000010   Data   RO         7641    .constdata          nrf_sdh.o
    0x00032754   0x00032754   0x00000010   Data   RO         7642    .constdata          nrf_sdh.o
    0x00032764   0x00032764   0x00000020   Data   RO         7751    .constdata          nrf_sdh_ble.o
    0x00032784   0x00032784   0x00000010   Data   RO         7752    .constdata          nrf_sdh_ble.o
    0x00032794   0x00032794   0x00000010   Data   RO         7800    .constdata          nrf_sdh_soc.o
    0x000327a4   0x000327a4   0x0000000c   Data   RO         7801    .constdata          nrf_sdh_soc.o
    0x000327b0   0x000327b0   0x00000081   Data   RO         7922    .constdata          mc_w.l(ctype_o.o)
    0x00032831   0x00032831   0x00000003   PAD
    0x00032834   0x00032834   0x00000004   Data   RO         7923    .constdata          mc_w.l(ctype_o.o)
    0x00032838   0x00032838   0x0000004f   Data   RO         6502    .conststring        nrf_fstorage.o
    0x00032887   0x00032887   0x00000001   PAD
    0x00032888   0x00032888   0x00000066   Data   RO         7253    .conststring        nrf_log_str_formatter.o
    0x000328ee   0x000328ee   0x00000002   PAD
    0x000328f0   0x000328f0   0x00000019   Data   RO           22    .conststrlit        main.o
    0x00032909   0x00032909   0x00000003   PAD
    0x0003290c   0x0003290c   0x00000053   Data   RO         1737    .conststrlit        bsp.o
    0x0003295f   0x0003295f   0x00000001   PAD
    0x00032960   0x00032960   0x0000000d   Data   RO         2505    .conststrlit        nrf_ble_gatt.o
    0x0003296d   0x0003296d   0x00000003   PAD
    0x00032970   0x00032970   0x00000008   Data   RO         2645    .conststrlit        ble_nus.o
    0x00032978   0x00032978   0x00000006   Data   RO         2721    .conststrlit        nrf_drv_clock.o
    0x0003297e   0x0003297e   0x00000002   PAD
    0x00032980   0x00032980   0x00000006   Data   RO         3061    .conststrlit        nrfx_clock.o
    0x00032986   0x00032986   0x00000002   PAD
    0x00032988   0x00032988   0x00000007   Data   RO         3232    .conststrlit        nrfx_gpiote.o
    0x0003298f   0x0003298f   0x00000001   PAD
    0x00032990   0x00032990   0x00000004   Data   RO         3489    .conststrlit        nrfx_prs.o
    0x00032994   0x00032994   0x00000005   Data   RO         3567    .conststrlit        nrfx_uart.o
    0x00032999   0x00032999   0x00000003   PAD
    0x0003299c   0x0003299c   0x00000006   Data   RO         3749    .conststrlit        nrfx_uarte.o
    0x000329a2   0x000329a2   0x00000002   PAD
    0x000329a4   0x000329a4   0x00000004   Data   RO         3907    .conststrlit        nrfx_twi.o
    0x000329a8   0x000329a8   0x00000004   Data   RO         4249    .conststrlit        nrfx_ppi.o
    0x000329ac   0x000329ac   0x00000005   Data   RO         4406    .conststrlit        nrfx_spim.o
    0x000329b1   0x000329b1   0x00000003   PAD
    0x000329b4   0x000329b4   0x00000006   Data   RO         4523    .conststrlit        nrfx_timer.o
    0x000329ba   0x000329ba   0x00000002   PAD
    0x000329bc   0x000329bc   0x00000031   Data   RO         4659    .conststrlit        app_button.o
    0x000329ed   0x000329ed   0x00000003   PAD
    0x000329f0   0x000329f0   0x0000001e   Data   RO         4977    .conststrlit        app_timer2.o
    0x00032a0e   0x00032a0e   0x00000002   PAD
    0x00032a10   0x00032a10   0x00000009   Data   RO         6062    .conststrlit        nrf_pwr_mgmt.o
    0x00032a19   0x00032a19   0x00000003   PAD
    0x00032a1c   0x00032a1c   0x00000009   Data   RO         6228    .conststrlit        nrf_sortlist.o
    0x00032a25   0x00032a25   0x00000003   PAD
    0x00032a28   0x00032a28   0x0000000e   Data   RO         6393    .conststrlit        nrf_fstorage_sd.o
    0x00032a36   0x00032a36   0x00000002   PAD
    0x00032a38   0x00032a38   0x0000000d   Data   RO         6503    .conststrlit        nrf_fstorage.o
    0x00032a45   0x00032a45   0x00000003   PAD
    0x00032a48   0x00032a48   0x0000000f   Data   RO         6634    .conststrlit        fds.o
    0x00032a57   0x00032a57   0x00000001   PAD
    0x00032a58   0x00032a58   0x00000021   Data   RO         7003    .conststrlit        nrf_log_default_backends.o
    0x00032a79   0x00032a79   0x00000003   PAD
    0x00032a7c   0x00032a7c   0x00000024   Data   RO         7077    .conststrlit        nrf_log_frontend.o
    0x00032aa0   0x00032aa0   0x00000008   Data   RO         7643    .conststrlit        nrf_sdh.o
    0x00032aa8   0x00032aa8   0x0000000c   Data   RO         7754    .conststrlit        nrf_sdh_ble.o
    0x00032ab4   0x00032ab4   0x0000000c   Data   RO         7802    .conststrlit        nrf_sdh_soc.o
    0x00032ac0   0x00032ac0   0x00000020   Data   RO         8011    Region$$Table       anon$$obj.o
    0x00032ae0   0x00032ae0   0x00000020   Data   RO         7006    log_backends        nrf_log_default_backends.o
    0x00032b00   0x00032b00   0x00000008   Data   RO           25    log_const_data      main.o
    0x00032b08   0x00032b08   0x00000018   Data   RO         1742    log_const_data      bsp.o
    0x00032b20   0x00032b20   0x00000008   Data   RO         2506    log_const_data      nrf_ble_gatt.o
    0x00032b28   0x00032b28   0x00000008   Data   RO         2646    log_const_data      ble_nus.o
    0x00032b30   0x00032b30   0x00000008   Data   RO         2722    log_const_data      nrf_drv_clock.o
    0x00032b38   0x00032b38   0x00000008   Data   RO         3063    log_const_data      nrfx_clock.o
    0x00032b40   0x00032b40   0x00000008   Data   RO         3233    log_const_data      nrfx_gpiote.o
    0x00032b48   0x00032b48   0x00000008   Data   RO         3491    log_const_data      nrfx_prs.o
    0x00032b50   0x00032b50   0x00000008   Data   RO         3568    log_const_data      nrfx_uart.o
    0x00032b58   0x00032b58   0x00000008   Data   RO         3750    log_const_data      nrfx_uarte.o
    0x00032b60   0x00032b60   0x00000008   Data   RO         3908    log_const_data      nrfx_twi.o
    0x00032b68   0x00032b68   0x00000008   Data   RO         4251    log_const_data      nrfx_ppi.o
    0x00032b70   0x00032b70   0x00000008   Data   RO         4407    log_const_data      nrfx_spim.o
    0x00032b78   0x00032b78   0x00000008   Data   RO         4524    log_const_data      nrfx_timer.o
    0x00032b80   0x00032b80   0x00000010   Data   RO         4662    log_const_data      app_button.o
    0x00032b90   0x00032b90   0x00000010   Data   RO         4981    log_const_data      app_timer2.o
    0x00032ba0   0x00032ba0   0x00000008   Data   RO         6064    log_const_data      nrf_pwr_mgmt.o
    0x00032ba8   0x00032ba8   0x00000008   Data   RO         6229    log_const_data      nrf_sortlist.o
    0x00032bb0   0x00032bb0   0x00000008   Data   RO         6396    log_const_data      nrf_fstorage_sd.o
    0x00032bb8   0x00032bb8   0x00000008   Data   RO         6504    log_const_data      nrf_fstorage.o
    0x00032bc0   0x00032bc0   0x00000008   Data   RO         6638    log_const_data      fds.o
    0x00032bc8   0x00032bc8   0x00000010   Data   RO         7081    log_const_data      nrf_log_frontend.o
    0x00032bd8   0x00032bd8   0x00000008   Data   RO         7645    log_const_data      nrf_sdh.o
    0x00032be0   0x00032be0   0x00000008   Data   RO         7756    log_const_data      nrf_sdh_ble.o
    0x00032be8   0x00032be8   0x00000008   Data   RO         7803    log_const_data      nrf_sdh_soc.o
    0x00032bf0   0x00032bf0   0x0000001c   Data   RO         7084    nrf_balloc          nrf_log_frontend.o
    0x00032c0c   0x00032c0c   0x00000008   Data   RO         2262    sdh_ble_observers0  ble_conn_state.o
    0x00032c14   0x00032c14   0x00000008   Data   RO         1850    sdh_ble_observers1  bsp_btn_ble.o
    0x00032c1c   0x00032c1c   0x00000008   Data   RO         2173    sdh_ble_observers1  ble_conn_params.o
    0x00032c24   0x00032c24   0x00000008   Data   RO         6399    sdh_req_observers0  nrf_fstorage_sd.o
    0x00032c2c   0x00032c2c   0x00000008   Data   RO         2725    sdh_soc_observers0  nrf_drv_clock.o
    0x00032c34   0x00032c34   0x00000008   Data   RO         6400    sdh_soc_observers0  nrf_fstorage_sd.o
    0x00032c3c   0x00032c3c   0x00000008   Data   RO         7759    sdh_stack_observers0  nrf_sdh_ble.o
    0x00032c44   0x00032c44   0x00000008   Data   RO         7806    sdh_stack_observers0  nrf_sdh_soc.o
    0x00032c4c   0x00032c4c   0x00000008   Data   RO         2726    sdh_state_observers0  nrf_drv_clock.o
    0x00032c54   0x00032c54   0x00000008   Data   RO         6401    sdh_state_observers0  nrf_fstorage_sd.o


    Execution Region RW_IRAM1 (Exec base: 0x20005968, Load base: 0x00032c5c, Size: 0x00002f80, Max: 0x0000a698, ABSOLUTE, COMPRESSED[0x0000006c])

    Exec Addr    Load Addr    Size         Type   Attr      Idx    E Section Name        Object

    0x20005968   COMPRESSED   0x00000002   Data   RW           23    .data               main.o
    0x2000596a   COMPRESSED   0x00000006   PAD
    0x20005970   COMPRESSED   0x00000020   Data   RW           24    .data               main.o
    0x20005990   COMPRESSED   0x00000034   Data   RW          680    .data               max30102_1.o
    0x200059c4   COMPRESSED   0x00000004   Data   RW         1049    .data               tmp117.o
    0x200059c8   COMPRESSED   0x00000001   Data   RW         1369    .data               gc9a01.o
    0x200059c9   COMPRESSED   0x00000003   PAD
    0x200059cc   COMPRESSED   0x00000008   Data   RW         1849    .data               bsp_btn_ble.o
    0x200059d4   COMPRESSED   0x00000008   Data   RW         2172    .data               ble_conn_params.o
    0x200059dc   COMPRESSED   0x0000000c   Data   RW         2856    .data               nrf_drv_uart.o
    0x200059e8   COMPRESSED   0x00000008   Data   RW         3062    .data               nrfx_clock.o
    0x200059f0   COMPRESSED   0x00000008   Data   RW         3490    .data               nrfx_prs.o
    0x200059f8   COMPRESSED   0x00000010   Data   RW         4044    .data               nrf_drv_twi.o
    0x20005a08   COMPRESSED   0x00000001   Data   RW         4117    .data               nrf_drv_ppi.o
    0x20005a09   COMPRESSED   0x00000003   PAD
    0x20005a0c   COMPRESSED   0x00000008   Data   RW         4250    .data               nrfx_ppi.o
    0x20005a14   COMPRESSED   0x00000004   PAD
    0x20005a18   COMPRESSED   0x00000020   Data   RW         4978    .data               app_timer2.o
    0x20005a38   COMPRESSED   0x00000014   Data   RW         4979    .data               app_timer2.o
    0x20005a4c   COMPRESSED   0x00000004   Data   RW         4980    .data               app_timer2.o
    0x20005a50   COMPRESSED   0x00000006   Data   RW         5259    .data               app_pwm.o
    0x20005a56   COMPRESSED   0x00000002   PAD
    0x20005a58   COMPRESSED   0x0000000c   Data   RW         5401    .data               drv_rtc.o
    0x20005a64   COMPRESSED   0x00000014   Data   RW         6394    .data               nrf_fstorage_sd.o
    0x20005a78   COMPRESSED   0x00000008   Data   RW         6395    .data               nrf_fstorage_sd.o
    0x20005a80   COMPRESSED   0x00000014   Data   RW         6635    .data               fds.o
    0x20005a94   COMPRESSED   0x00000030   Data   RW         6636    .data               fds.o
    0x20005ac4   COMPRESSED   0x00000001   Data   RW         6910    .data               nrf_log_backend_rtt.o
    0x20005ac5   COMPRESSED   0x00000003   PAD
    0x20005ac8   COMPRESSED   0x00000008   Data   RW         7004    .data               nrf_log_default_backends.o
    0x20005ad0   COMPRESSED   0x00000008   Data   RW         7005    .data               nrf_log_default_backends.o
    0x20005ad8   COMPRESSED   0x00000004   Data   RW         7078    .data               nrf_log_frontend.o
    0x20005adc   COMPRESSED   0x00000008   Data   RW         7079    .data               nrf_log_frontend.o
    0x20005ae4   COMPRESSED   0x00000008   Data   RW         7080    .data               nrf_log_frontend.o
    0x20005aec   COMPRESSED   0x00000040   Data   RW         7254    .data               nrf_log_str_formatter.o
    0x20005b2c   COMPRESSED   0x00000018   Data   RW         7310    .data               nrf_log_backend_uart.o
    0x20005b44   COMPRESSED   0x00000003   Data   RW         7644    .data               nrf_sdh.o
    0x20005b47   COMPRESSED   0x00000001   Data   RW         7755    .data               nrf_sdh_ble.o
    0x20005b48   COMPRESSED   0x00000004   Data   RW         7843    .data               system_nrf52.o
    0x20005b4c   COMPRESSED   0x00000014   Data   RW         6637    fs_data             fds.o
    0x20005b60   COMPRESSED   0x00000004   Data   RW           26    log_dynamic_data    main.o
    0x20005b64   COMPRESSED   0x0000000c   Data   RW         1743    log_dynamic_data    bsp.o
    0x20005b70   COMPRESSED   0x00000004   Data   RW         2507    log_dynamic_data    nrf_ble_gatt.o
    0x20005b74   COMPRESSED   0x00000004   Data   RW         2647    log_dynamic_data    ble_nus.o
    0x20005b78   COMPRESSED   0x00000004   Data   RW         2723    log_dynamic_data    nrf_drv_clock.o
    0x20005b7c   COMPRESSED   0x00000004   Data   RW         3064    log_dynamic_data    nrfx_clock.o
    0x20005b80   COMPRESSED   0x00000004   Data   RW         3234    log_dynamic_data    nrfx_gpiote.o
    0x20005b84   COMPRESSED   0x00000004   Data   RW         3492    log_dynamic_data    nrfx_prs.o
    0x20005b88   COMPRESSED   0x00000004   Data   RW         3569    log_dynamic_data    nrfx_uart.o
    0x20005b8c   COMPRESSED   0x00000004   Data   RW         3751    log_dynamic_data    nrfx_uarte.o
    0x20005b90   COMPRESSED   0x00000004   Data   RW         3909    log_dynamic_data    nrfx_twi.o
    0x20005b94   COMPRESSED   0x00000004   Data   RW         4252    log_dynamic_data    nrfx_ppi.o
    0x20005b98   COMPRESSED   0x00000004   Data   RW         4408    log_dynamic_data    nrfx_spim.o
    0x20005b9c   COMPRESSED   0x00000004   Data   RW         4525    log_dynamic_data    nrfx_timer.o
    0x20005ba0   COMPRESSED   0x00000008   Data   RW         4663    log_dynamic_data    app_button.o
    0x20005ba8   COMPRESSED   0x00000008   Data   RW         4982    log_dynamic_data    app_timer2.o
    0x20005bb0   COMPRESSED   0x00000004   Data   RW         6065    log_dynamic_data    nrf_pwr_mgmt.o
    0x20005bb4   COMPRESSED   0x00000004   Data   RW         6230    log_dynamic_data    nrf_sortlist.o
    0x20005bb8   COMPRESSED   0x00000004   Data   RW         6397    log_dynamic_data    nrf_fstorage_sd.o
    0x20005bbc   COMPRESSED   0x00000004   Data   RW         6505    log_dynamic_data    nrf_fstorage.o
    0x20005bc0   COMPRESSED   0x00000004   Data   RW         6639    log_dynamic_data    fds.o
    0x20005bc4   COMPRESSED   0x00000008   Data   RW         7082    log_dynamic_data    nrf_log_frontend.o
    0x20005bcc   COMPRESSED   0x00000004   Data   RW         7646    log_dynamic_data    nrf_sdh.o
    0x20005bd0   COMPRESSED   0x00000004   Data   RW         7757    log_dynamic_data    nrf_sdh_ble.o
    0x20005bd4   COMPRESSED   0x00000004   Data   RW         7804    log_dynamic_data    nrf_sdh_soc.o
    0x20005bd8   COMPRESSED   0x00000004   Data   RW           27    log_filter_data     main.o
    0x20005bdc   COMPRESSED   0x0000000c   Data   RW         1744    log_filter_data     bsp.o
    0x20005be8   COMPRESSED   0x00000004   Data   RW         2508    log_filter_data     nrf_ble_gatt.o
    0x20005bec   COMPRESSED   0x00000004   Data   RW         2648    log_filter_data     ble_nus.o
    0x20005bf0   COMPRESSED   0x00000004   Data   RW         2724    log_filter_data     nrf_drv_clock.o
    0x20005bf4   COMPRESSED   0x00000004   Data   RW         3065    log_filter_data     nrfx_clock.o
    0x20005bf8   COMPRESSED   0x00000004   Data   RW         3235    log_filter_data     nrfx_gpiote.o
    0x20005bfc   COMPRESSED   0x00000004   Data   RW         3493    log_filter_data     nrfx_prs.o
    0x20005c00   COMPRESSED   0x00000004   Data   RW         3570    log_filter_data     nrfx_uart.o
    0x20005c04   COMPRESSED   0x00000004   Data   RW         3752    log_filter_data     nrfx_uarte.o
    0x20005c08   COMPRESSED   0x00000004   Data   RW         3910    log_filter_data     nrfx_twi.o
    0x20005c0c   COMPRESSED   0x00000004   Data   RW         4253    log_filter_data     nrfx_ppi.o
    0x20005c10   COMPRESSED   0x00000004   Data   RW         4409    log_filter_data     nrfx_spim.o
    0x20005c14   COMPRESSED   0x00000004   Data   RW         4526    log_filter_data     nrfx_timer.o
    0x20005c18   COMPRESSED   0x00000008   Data   RW         4664    log_filter_data     app_button.o
    0x20005c20   COMPRESSED   0x00000008   Data   RW         4983    log_filter_data     app_timer2.o
    0x20005c28   COMPRESSED   0x00000004   Data   RW         6066    log_filter_data     nrf_pwr_mgmt.o
    0x20005c2c   COMPRESSED   0x00000004   Data   RW         6231    log_filter_data     nrf_sortlist.o
    0x20005c30   COMPRESSED   0x00000004   Data   RW         6398    log_filter_data     nrf_fstorage_sd.o
    0x20005c34   COMPRESSED   0x00000004   Data   RW         6506    log_filter_data     nrf_fstorage.o
    0x20005c38   COMPRESSED   0x00000004   Data   RW         6640    log_filter_data     fds.o
    0x20005c3c   COMPRESSED   0x00000008   Data   RW         7083    log_filter_data     nrf_log_frontend.o
    0x20005c44   COMPRESSED   0x00000004   Data   RW         7647    log_filter_data     nrf_sdh.o
    0x20005c48   COMPRESSED   0x00000004   Data   RW         7758    log_filter_data     nrf_sdh_ble.o
    0x20005c4c   COMPRESSED   0x00000004   Data   RW         7805    log_filter_data     nrf_sdh_soc.o
    0x20005c50        -       0x00000024   Zero   RW           19    .bss                main.o
    0x20005c74        -       0x0000000c   Zero   RW         1735    .bss                bsp.o
    0x20005c80        -       0x00000050   Zero   RW         2171    .bss                ble_conn_params.o
    0x20005cd0        -       0x0000007c   Zero   RW         2261    .bss                ble_conn_state.o
    0x20005d4c        -       0x00000014   Zero   RW         2716    .bss                nrf_drv_clock.o
    0x20005d60        -       0x0000005c   Zero   RW         3227    .bss                nrfx_gpiote.o
    0x20005dbc        -       0x0000002c   Zero   RW         3562    .bss                nrfx_uart.o
    0x20005de8        -       0x00000024   Zero   RW         3744    .bss                nrfx_uarte.o
    0x20005e0c        -       0x0000003c   Zero   RW         3902    .bss                nrfx_twi.o
    0x20005e48        -       0x00000018   Zero   RW         4176    .bss                nrf_drv_spi.o
    0x20005e60        -       0x00000024   Zero   RW         4401    .bss                nrfx_spim.o
    0x20005e84        -       0x00000024   Zero   RW         4521    .bss                nrfx_timer.o
    0x20005ea8        -       0x0000000c   Zero   RW         5180    .bss                app_util_platform.o
    0x20005eb4        -       0x00000034   Zero   RW         5257    .bss                app_pwm.o
    0x20005ee8        -       0x000000a0   Zero   RW         6390    .bss                nrf_fstorage_sd.o
    0x20005f88        -       0x000000e0   Zero   RW         6632    .bss                fds.o
    0x20006068        -       0x00000040   Zero   RW         6907    .bss                nrf_log_backend_rtt.o
    0x200060a8        -       0x000000c0   Zero   RW         7072    .bss                nrf_log_frontend.o
    0x20006168        -       0x00000080   Zero   RW         7073    .bss                nrf_log_frontend.o
    0x200061e8        -       0x00000018   Zero   RW         7074    .bss                nrf_log_frontend.o
    0x20006200        -       0x00000420   Zero   RW         7075    .bss                nrf_log_frontend.o
    0x20006620        -       0x00000040   Zero   RW         7307    .bss                nrf_log_backend_uart.o
    0x20006660        -       0x00000288   Zero   RW         7397    .bss                segger_rtt.o
    0x200068e8        -       0x00002000   Zero   RW         7829    STACK               arm_startup_nrf52.o


==============================================================================

Image component sizes


      Code (inc. data)   RO Data    RW Data    ZI Data      Debug   Object Name

         0          0         65         16          0       5844   app_button.o
        22          0          0          0          0       2465   app_error.o
       148         50          0          0          0      34005   app_error_weak.o
      1396         74         12          6         52      32889   app_pwm.o
         0          0          0          0          0      37130   app_scheduler.o
       284         16         66         72          0      10523   app_timer2.o
         0          0          0          0          0       5904   app_uart_fifo.o
       124         14          0          0         12      10490   app_util_platform.o
        36          8        512          0       8192        916   arm_startup_nrf52.o
         0          0          0          0          0       7108   ble_advdata.o
       428         24          8          8         80       8272   ble_conn_params.o
       352          6          8          0        124       6233   ble_conn_state.o
         0          0         16          8          0       3903   ble_nus.o
         8          0          0          0          0       1426   ble_srv_common.o
        68          4        107         24         12      11131   bsp.o
       166          6          8          8          0       8428   bsp_btn_ble.o
         0          0          0          0          0       5464   cus_service.o
        54          4          0         12          0      36344   drv_rtc.o
      2040        204         47         96        224      29693   fds.o
        32         10          0          0          0        656   filter.o
         0          0          0          0          0      47720   flash_user.o
      2628        100      19460          1          0      37378   gc9a01.o
      1142        206        157         42         36     114952   main.o
      2080        256         40         52          0      52233   max30102_1.o
       288          0          0          0          0       4969   nrf_atfifo.o
        64          0          0          0          0       2956   nrf_atflags.o
       306          0          0          0          0       7911   nrf_atomic.o
       164          0          0          0          0       3584   nrf_balloc.o
         0          0         21          8          0      31590   nrf_ble_gatt.o
       312         36         30          8         20      45175   nrf_drv_clock.o
        24          6          0          1          0       4155   nrf_drv_ppi.o
       168         18         16          0         24      13787   nrf_drv_spi.o
       328         16          6         16          0      14619   nrf_drv_twi.o
       200         26          0         12          0      17708   nrf_drv_uart.o
        50          0          0          0          0       3465   nrf_fprintf.o
       866          4         16          0          0       6490   nrf_fprintf_format.o
       884        364        194          8          0       9981   nrf_fstorage.o
       484         42         62         36        160       9682   nrf_fstorage_sd.o
       112         18         18          1         64       5517   nrf_log_backend_rtt.o
       200          0          0          0          0      10869   nrf_log_backend_serial.o
       232         42         44         24         64       9858   nrf_log_backend_uart.o
        52          6         65         16          0       3417   nrf_log_default_backends.o
      1806        170        104         36       1400      32542   nrf_log_frontend.o
       570        108        102         64          0       5584   nrf_log_str_formatter.o
       346          0          0          0          0       9455   nrf_memobj.o
         0          0         17          8          0       3833   nrf_pwr_mgmt.o
        28          0          0          0          0       2323   nrf_ringbuf.o
       560         60        104         11          0      45175   nrf_sdh.o
        96          8         76          9          0       3449   nrf_sdh_ble.o
        60          4         56          8          0       2627   nrf_sdh_soc.o
        78          0          0          0          0       2736   nrf_section_iter.o
         0          0         17          8          0       1214   nrf_sortlist.o
       242         32         14         16          0      46999   nrfx_clock.o
      1342        136         19          8         92      69673   nrfx_gpiote.o
       402         34         12         16          0      13747   nrfx_ppi.o
       112         16         12         16          0       4575   nrfx_prs.o
       846         22         17          8         36      21343   nrfx_spim.o
       670         50         14          8         36      21168   nrfx_timer.o
      1604         44         36          8         60      28277   nrfx_twi.o
      1310         42         17          8         44      30410   nrfx_uart.o
      1312         42         18          8         36      25870   nrfx_uarte.o
       378         34          0          0        648       8881   segger_rtt.o
       752         78          0          4          0      32041   system_nrf52.o
       434         84         24          4          0      22167   tmp117.o

    ----------------------------------------------------------------------
     28752       2524      21760        744      11416    1150929   Object Totals
         0          0         32          0          0          0   (incl. Generated)
        62          0         91         21          0          0   (incl. Padding)

    ----------------------------------------------------------------------

      Code (inc. data)   RO Data    RW Data    ZI Data      Debug   Library Member Name

        86          0          0          0          0          0   __dczerorl2.o
         8          4        133          0          0         68   ctype_o.o
         0          0          0          0          0          0   entry.o
         0          0          0          0          0          0   entry10a.o
         0          0          0          0          0          0   entry11a.o
         8          4          0          0          0          0   entry2.o
         4          0          0          0          0          0   entry5.o
         0          0          0          0          0          0   entry7b.o
         0          0          0          0          0          0   entry8b.o
         8          4          0          0          0          0   entry9a.o
        30          0          0          0          0          0   handlers.o
        36          8          0          0          0         68   init.o
         0          0          0          0          0          0   iusefp.o
        30          0          0          0          0         68   llshl.o
        36          0          0          0          0         68   llsshr.o
        32          0          0          0          0         68   llushr.o
        36          0          0          0          0         68   memcpya.o
        36          0          0          0          0        108   memseta.o
        18          0          0          0          0         68   strcpy.o
        14          0          0          0          0         68   strlen.o
        30          0          0          0          0         80   strncmp.o
        56          0          0          0          0         88   d2f.o
       334          0          0          0          0        148   dadd.o
       222          0          0          0          0        100   ddiv.o
       186          0          0          0          0        176   depilogue.o
        50          0          0          0          0         76   dfixui.o
       228          0          0          0          0         96   dmul.o
        38          0          0          0          0         68   f2d.o
       110          0          0          0          0        168   fepilogue.o
        28          0          0          0          0         84   ffltul.o

    ----------------------------------------------------------------------
      1668         20        136          0          0       1736   Library Totals
         4          0          3          0          0          0   (incl. Padding)

    ----------------------------------------------------------------------

      Code (inc. data)   RO Data    RW Data    ZI Data      Debug   Library Name

       412         20        133          0          0        732   mc_w.l
      1252          0          0          0          0       1004   mf_w.l

    ----------------------------------------------------------------------
      1668         20        136          0          0       1736   Library Totals

    ----------------------------------------------------------------------

==============================================================================


      Code (inc. data)   RO Data    RW Data    ZI Data      Debug   

     30420       2544      21896        744      11416    1115969   Grand Totals
     30420       2544      21896        108      11416    1115969   ELF Image Totals (compressed)
     30420       2544      21896        108          0          0   ROM Totals

==============================================================================

    Total RO  Size (Code + RO Data)                52316 (  51.09kB)
    Total RW  Size (RW Data + ZI Data)             12160 (  11.88kB)
    Total ROM Size (Code + RO Data + RW Data)      52424 (  51.20kB)

==============================================================================

