<html>
<body>
<pre>
<h1>µVision Build Log</h1>
<h2>Tool Versions:</h2>
IDE-Version: µVision V5.31.0.0
Copyright (C) 2020 ARM Ltd and ARM Germany GmbH. All rights reserved.
License Information: ewqw Windows, qewqe, LIC=GMZI6-DF010-QDVKD-8ZM7X-7PG1N-4EZAA
 
Tool Versions:
Toolchain:       MDK-ARM Plus  Version: 5.31.0.0
Toolchain Path:  E:\arm\ARM\ARMCC\Bin
C Compiler:      Armcc.exe V5.06 update 6 (build 750)
Assembler:       Armasm.exe V5.06 update 6 (build 750)
Linker/Locator:  ArmLink.exe V5.06 update 6 (build 750)
Library Manager: ArmAr.exe V5.06 update 6 (build 750)
Hex Converter:   FromElf.exe V5.06 update 6 (build 750)
CPU DLL:         
Dialog DLL:      
Target DLL:      STLink\ST-LINKIII-KEIL_SWO.dll V3.0.7.0
Dialog DLL:      TCM.DLL V1.46.0.0
 
<h2>Project:</h2>
D:\nRF - Copy\nRF5_SDK_17.1.0_ddde560\examples\ble_peripheral\ble_app_uart\pca10040\s132\arm5_no_packs\ble_app_uart_pca10040_s132.uvprojx
Project File Date:  11/10/2025

<h2>Output:</h2>
*** Using Compiler 'V5.06 update 6 (build 750)', folder: 'E:\arm\ARM\ARMCC\Bin'
Build target 'nrf52832_xxaa'
Note: source file '..\..\..\max30102.c' - object file renamed from '.\_build\max30102.o' to '.\_build\max30102_1.o'.
Note: source file '..\..\..\spo2_algorithm.c' - object file renamed from '.\_build\spo2_algorithm.o' to '.\_build\spo2_algorithm_1.o'.
compiling flash_user.c...
..\..\..\flash_user.h(59): warning:  #1295-D: Deprecated declaration m_record_init - give arg types
  ret_code_t m_record_init();
..\..\..\flash_user.h(63): warning:  #1295-D: Deprecated declaration m_record_gc - give arg types
  ret_code_t m_record_gc();
..\..\..\flash_user.h(66): warning:  #1-D: last line of file ends without a newline
  #endif
..\..\..\flash_user.c(225): warning:  #177-D: variable "config"  was declared but never referenced
          fds_flash_record_t config = {0};
..\..\..\flash_user.c(263): warning:  #940-D: missing return statement at end of non-void function "m_record_delete" 
  }
..\..\..\flash_user.c: 5 warnings, 0 errors
compiling main.c...
..\..\..\flash_user.h(59): warning:  #1295-D: Deprecated declaration m_record_init - give arg types
  ret_code_t m_record_init();
..\..\..\flash_user.h(63): warning:  #1295-D: Deprecated declaration m_record_gc - give arg types
  ret_code_t m_record_gc();
..\..\..\flash_user.h(66): warning:  #1-D: last line of file ends without a newline
  #endif
..\..\..\tmp117.h(47): warning:  #1295-D: Deprecated declaration tmp117_Init - give arg types
  bool tmp117_Init(); //this function will initialize the sensor using custom parameters
..\..\..\tmp117.h(48): warning:  #1295-D: Deprecated declaration tmp117_get_Config - give arg types
  uint16_t tmp117_get_Config(); //this function will return the configuration register value
..\..\..\tmp117.h(50): warning:  #1295-D: Deprecated declaration tmp117_get_temp - give arg types
  float tmp117_get_temp(); //This function will return the temp in float.
..\..\..\max30102.h(136): warning:  #1295-D: Deprecated declaration max30102_init - give arg types
  void max30102_init();
..\..\..\max30102.h(137): warning:  #1295-D: Deprecated declaration max30102_reset - give arg types
  void max30102_reset();
..\..\..\max30102.h(138): warning:  #1295-D: Deprecated declaration max30102_turnoff - give arg types
  void max30102_turnoff();
..\..\..\max30102.h(139): warning:  #1295-D: Deprecated declaration max30102_turnon - give arg types
  void max30102_turnon();
..\..\..\max30102.h(140): warning:  #1295-D: Deprecated declaration max30102_clear_fifo - give arg types
  void max30102_clear_fifo();
..\..\..\max30102.h(152): warning:  #1295-D: Deprecated declaration max30102_get_hr_spo2 - give arg types
  void max30102_get_hr_spo2();
..\..\..\max30102.h(155): warning:  #1295-D: Deprecated declaration max30102_setup - give arg types
  void max30102_setup();
..\..\..\max30102.h(156): warning:  #1295-D: Deprecated declaration max30102_wakeup - give arg types
  void max30102_wakeup();
..\..\..\max30102.h(164): warning:  #1-D: last line of file ends without a newline
  #endif
..\..\..\main.c(89): warning:  #1295-D: Deprecated declaration twi_init - give arg types
  void twi_init();
..\..\..\main.c(92): warning:  #1295-D: Deprecated declaration health_measure - give arg types
  void health_measure();
..\..\..\main.c(216): warning:  #550-D: variable "err_code"  was set but never used
          ret_code_t err_code;
..\..\..\main.c(251): warning:  #1-D: last line of file ends without a newline
  }
..\..\..\main.c: 19 warnings, 0 errors
linking...
Program Size: Code=19664 RO-data=2172 RW-data=600 ZI-data=11240  
FromELF: creating hex file...
".\_build\nrf52832_xxaa.axf" - 0 Error(s), 24 Warning(s).

<h2>Software Packages used:</h2>

Package Vendor: ARM
                http://www.keil.com/pack/ARM.CMSIS.5.6.0.pack
                ARM.CMSIS.5.6.0
                CMSIS (Cortex Microcontroller Software Interface Standard)
   * Component: CORE Version: 5.3.0

Package Vendor: NordicSemiconductor
                http://developer.nordicsemi.com/nRF5_SDK/pieces/nRF_DeviceFamilyPack/NordicSemiconductor.nRF_DeviceFamilyPack.8.40.3.pack
                NordicSemiconductor.nRF_DeviceFamilyPack.8.40.3
                Nordic Semiconductor nRF ARM devices Device Family Pack with BSD license.
   * Component: Startup Version: 8.40.3

<h2>Collection of Component include folders:</h2>
  .\RTE\_nrf52832_xxaa
  E:\arm\Pack\ARM\CMSIS\5.6.0\CMSIS\Core\Include
  E:\arm\Pack\NordicSemiconductor\nRF_DeviceFamilyPack\8.40.3\Device\Include

<h2>Collection of Component Files used:</h2>

   * Component: ARM::CMSIS:CORE:5.3.0

   * Component: NordicSemiconductor::Device:Startup:8.40.3
      Source file:   Device\Source\arm\arm_startup_nrf52.s
      Source file:   Device\Source\system_nrf52.c
      Include file:  Device\Include\system_nrf.h
      Include file:  Device\Include\system_nrf52.h
Build Time Elapsed:  00:00:02
</pre>
</body>
</html>
